Archive member included because of file (symbol)

/home/z80/programs/code-sourcery/2011.03-42/bin/../lib/gcc/arm-none-eabi/4.5.2/../../../../arm-none-eabi/lib/thumb2/libc.a(lib_a-malloc.o)
                              build/obj/amxcore.o (malloc)
/home/z80/programs/code-sourcery/2011.03-42/bin/../lib/gcc/arm-none-eabi/4.5.2/../../../../arm-none-eabi/lib/thumb2/libc.a(lib_a-mallocr.o)
                              /home/z80/programs/code-sourcery/2011.03-42/bin/../lib/gcc/arm-none-eabi/4.5.2/../../../../arm-none-eabi/lib/thumb2/libc.a(lib_a-malloc.o) (_malloc_r)
/home/z80/programs/code-sourcery/2011.03-42/bin/../lib/gcc/arm-none-eabi/4.5.2/../../../../arm-none-eabi/lib/thumb2/libc.a(lib_a-memcmp.o)
                              build/obj/amx.o (memcmp)
/home/z80/programs/code-sourcery/2011.03-42/bin/../lib/gcc/arm-none-eabi/4.5.2/../../../../arm-none-eabi/lib/thumb2/libc.a(lib_a-memcpy.o)
                              build/obj/amx.o (memcpy)
/home/z80/programs/code-sourcery/2011.03-42/bin/../lib/gcc/arm-none-eabi/4.5.2/../../../../arm-none-eabi/lib/thumb2/libc.a(lib_a-memset.o)
                              build/obj/syscalls.o (memset)
/home/z80/programs/code-sourcery/2011.03-42/bin/../lib/gcc/arm-none-eabi/4.5.2/../../../../arm-none-eabi/lib/thumb2/libc.a(lib_a-mlock.o)
                              /home/z80/programs/code-sourcery/2011.03-42/bin/../lib/gcc/arm-none-eabi/4.5.2/../../../../arm-none-eabi/lib/thumb2/libc.a(lib_a-mallocr.o) (__malloc_lock)
/home/z80/programs/code-sourcery/2011.03-42/bin/../lib/gcc/arm-none-eabi/4.5.2/../../../../arm-none-eabi/lib/thumb2/libc.a(lib_a-strcasecmp.o)
                              build/obj/shell.o (strcasecmp)
/home/z80/programs/code-sourcery/2011.03-42/bin/../lib/gcc/arm-none-eabi/4.5.2/../../../../arm-none-eabi/lib/thumb2/libc.a(lib_a-strcmp.o)
                              build/obj/amx.o (strcmp)
/home/z80/programs/code-sourcery/2011.03-42/bin/../lib/gcc/arm-none-eabi/4.5.2/../../../../arm-none-eabi/lib/thumb2/libc.a(lib_a-strcpy.o)
                              build/obj/amx.o (strcpy)
/home/z80/programs/code-sourcery/2011.03-42/bin/../lib/gcc/arm-none-eabi/4.5.2/../../../../arm-none-eabi/lib/thumb2/libc.a(lib_a-strlen.o)
                              build/obj/amx.o (strlen)
/home/z80/programs/code-sourcery/2011.03-42/bin/../lib/gcc/arm-none-eabi/4.5.2/../../../../arm-none-eabi/lib/thumb2/libc.a(lib_a-strpbrk.o)
                              build/obj/shell.o (strpbrk)
/home/z80/programs/code-sourcery/2011.03-42/bin/../lib/gcc/arm-none-eabi/4.5.2/../../../../arm-none-eabi/lib/thumb2/libc.a(lib_a-strspn.o)
                              build/obj/shell.o (strspn)
/home/z80/programs/code-sourcery/2011.03-42/bin/../lib/gcc/arm-none-eabi/4.5.2/../../../../arm-none-eabi/lib/thumb2/libc.a(lib_a-time.o)
                              build/obj/amxcore.o (time)
/home/z80/programs/code-sourcery/2011.03-42/bin/../lib/gcc/arm-none-eabi/4.5.2/../../../../arm-none-eabi/lib/thumb2/libc.a(lib_a-wcslen.o)
                              build/obj/amx.o (wcslen)
/home/z80/programs/code-sourcery/2011.03-42/bin/../lib/gcc/arm-none-eabi/4.5.2/../../../../arm-none-eabi/lib/thumb2/libc.a(lib_a-ctype_.o)
                              /home/z80/programs/code-sourcery/2011.03-42/bin/../lib/gcc/arm-none-eabi/4.5.2/../../../../arm-none-eabi/lib/thumb2/libc.a(lib_a-strcasecmp.o) (__ctype_ptr__)
/home/z80/programs/code-sourcery/2011.03-42/bin/../lib/gcc/arm-none-eabi/4.5.2/../../../../arm-none-eabi/lib/thumb2/libc.a(lib_a-freer.o)
                              /home/z80/programs/code-sourcery/2011.03-42/bin/../lib/gcc/arm-none-eabi/4.5.2/../../../../arm-none-eabi/lib/thumb2/libc.a(lib_a-malloc.o) (_free_r)
/home/z80/programs/code-sourcery/2011.03-42/bin/../lib/gcc/arm-none-eabi/4.5.2/../../../../arm-none-eabi/lib/thumb2/libc.a(lib_a-gettimeofdayr.o)
                              /home/z80/programs/code-sourcery/2011.03-42/bin/../lib/gcc/arm-none-eabi/4.5.2/../../../../arm-none-eabi/lib/thumb2/libc.a(lib_a-time.o) (_gettimeofday_r)
/home/z80/programs/code-sourcery/2011.03-42/bin/../lib/gcc/arm-none-eabi/4.5.2/../../../../arm-none-eabi/lib/thumb2/libc.a(lib_a-impure.o)
                              /home/z80/programs/code-sourcery/2011.03-42/bin/../lib/gcc/arm-none-eabi/4.5.2/../../../../arm-none-eabi/lib/thumb2/libc.a(lib_a-malloc.o) (_impure_ptr)
/home/z80/programs/code-sourcery/2011.03-42/bin/../lib/gcc/arm-none-eabi/4.5.2/../../../../arm-none-eabi/lib/thumb2/libc.a(lib_a-reent.o)
                              /home/z80/programs/code-sourcery/2011.03-42/bin/../lib/gcc/arm-none-eabi/4.5.2/../../../../arm-none-eabi/lib/thumb2/libc.a(lib_a-gettimeofdayr.o) (errno)

Allocating common symbols
Common symbol       size              file

errno               0x4               /home/z80/programs/code-sourcery/2011.03-42/bin/../lib/gcc/arm-none-eabi/4.5.2/../../../../arm-none-eabi/lib/thumb2/libc.a(lib_a-reent.o)

Discarded input sections

 .text          0x00000000        0x0 build/obj/crt0.o
[...]
Memory Configuration

Name             Origin             Length             Attributes
flash            0x08000000         0x00010000
ram              0x20000000         0x00005000
*default*        0x00000000         0xffffffff

Linker script and memory map

LOAD build/obj/crt0.o
LOAD build/obj/vectors.o
LOAD build/obj/chcore.o
LOAD build/obj/chcore_v7m.o
LOAD build/obj/nvic.o
LOAD build/obj/chsys.o
LOAD build/obj/chdebug.o
LOAD build/obj/chlists.o
LOAD build/obj/chvt.o
LOAD build/obj/chschd.o
LOAD build/obj/chthreads.o
LOAD build/obj/chdynamic.o
LOAD build/obj/chregistry.o
LOAD build/obj/chsem.o
LOAD build/obj/chmtx.o
LOAD build/obj/chcond.o
LOAD build/obj/chevents.o
LOAD build/obj/chmsg.o
LOAD build/obj/chmboxes.o
LOAD build/obj/chqueues.o
LOAD build/obj/chmemcore.o
LOAD build/obj/chheap.o
LOAD build/obj/chmempools.o
LOAD build/obj/hal.o
LOAD build/obj/adc.o
LOAD build/obj/can.o
LOAD build/obj/ext.o
LOAD build/obj/gpt.o
LOAD build/obj/i2c.o
LOAD build/obj/icu.o
LOAD build/obj/mac.o
LOAD build/obj/pal.o
LOAD build/obj/pwm.o
LOAD build/obj/sdc.o
LOAD build/obj/serial.o
LOAD build/obj/spi.o
LOAD build/obj/uart.o
LOAD build/obj/usb.o
LOAD build/obj/tm.o
LOAD build/obj/mmc_spi.o
LOAD build/obj/serial_usb.o
LOAD build/obj/rtc.o
LOAD build/obj/stm32_dma.o
LOAD build/obj/hal_lld.o
LOAD build/obj/adc_lld.o
LOAD build/obj/can_lld.o
LOAD build/obj/ext_lld.o
LOAD build/obj/gpt_lld.o
LOAD build/obj/i2c_lld.o
LOAD build/obj/icu_lld.o
LOAD build/obj/mac_lld.o
LOAD build/obj/pwm_lld.o
LOAD build/obj/serial_lld.o
LOAD build/obj/sdc_lld.o
LOAD build/obj/spi_lld.o
LOAD build/obj/uart_lld.o
LOAD build/obj/pal_lld.o
LOAD build/obj/usb_lld.o
LOAD build/obj/rtc_lld.o
LOAD build/obj/board.o
LOAD build/obj/evtimer.o
LOAD build/obj/syscalls.o
LOAD build/obj/shell.o
LOAD build/obj/chprintf.o
LOAD build/obj/stm32f10x_flash.o
LOAD build/obj/misc.o
LOAD build/obj/conf_ctrl.o
LOAD build/obj/amx.o
LOAD build/obj/amxcore.o
LOAD build/obj/pawn_ctrl.o
LOAD build/obj/main.o
START GROUP
LOAD /home/z80/programs/code-sourcery/2011.03-42/bin/../lib/gcc/arm-none-eabi/4.5.2/thumb2/libgcc.a
LOAD /home/z80/programs/code-sourcery/2011.03-42/bin/../lib/gcc/arm-none-eabi/4.5.2/../../../../arm-none-eabi/lib/thumb2/libc.a
END GROUP
                0x00000400                __main_stack_size__ = 0x400
                0x00000400                __process_stack_size__ = 0x400
                0x20000000                __ram_start__ = 0x20000000
                0x00005000                __ram_size__ = 0x5000
                0x20005000                __ram_end__ = (__ram_start__ + __ram_size__)
                0x00000000                . = 0x0
                0x00000000                _text = .

startup         0x08000000       0xec
 *(vectors)
 vectors        0x08000000       0xec build/obj/vectors.o
                0x08000000                _vectors

constructors    0x080000ec        0x0
                0x080000ec                PROVIDE (__init_array_start, .)
 *(SORT(.init_array.*))
 *(.init_array)
                0x080000ec                PROVIDE (__init_array_end, .)

destructors     0x080000ec        0x0
                0x080000ec                PROVIDE (__fini_array_start, .)
 *(.fini_array)
 *(SORT(.fini_array.*))
                0x080000ec                PROVIDE (__fini_array_end, .)

.text           0x080000f0     0x5c48
 *(.text.startup.*)
 *(.text)
 .text          0x080000f0       0x64 /home/z80/programs/code-sourcery/2011.03-42/bin/../lib/gcc/arm-none-eabi/4.5.2/../../../../arm-none-eabi/lib/thumb2/libc.a(lib_a-memcmp.o)
                0x080000f0                memcmp
 *fill*         0x08000154        0xc 00
 .text          0x08000160      0x150 /home/z80/programs/code-sourcery/2011.03-42/bin/../lib/gcc/arm-none-eabi/4.5.2/../../../../arm-none-eabi/lib/thumb2/libc.a(lib_a-memcpy.o)
                0x08000160                memcpy
 *(.text.*)
 .text.__late_init
                0x080002b0       0x10 build/obj/crt0.o
                0x080002b0                __late_init
 .text._default_exit
                0x080002c0       0x10 build/obj/crt0.o
                0x080002c0                _default_exit
 .text.fill32   0x080002d0       0x30 build/obj/crt0.o
 .text.ResetHandler
                0x08000300       0xc0 build/obj/crt0.o
                0x08000300                ResetHandler
 .text._unhandled_exception
                0x080003c0       0x10 build/obj/vectors.o
                0x080003c0                NMIVector
                0x080003c0                Vector8C
                0x080003c0                VectorDC
                0x080003c0                Vector94
                0x080003c0                VectorA8
                0x080003c0                VectorB4
                0x080003c0                UsageFaultVector
                0x080003c0                DebugMonitorVector
                0x080003c0                Vector40
                0x080003c0                PendSVVector
                0x080003c0                VectorCC
                0x080003c0                Vector54
                0x080003c0                Vector98
                0x080003c0                VectorD8
                0x080003c0                Vector24
                0x080003c0                BusFaultVector
                0x080003c0                VectorD0
                0x080003c0                VectorE4
                0x080003c0                HardFaultVector
                0x080003c0                MemManageVector
                0x080003c0                VectorA0
                0x080003c0                VectorB0
                0x080003c0                Vector90
                0x080003c0                Vector1C
                0x080003c0                Vector48
                0x080003c0                VectorD4
                0x080003c0                _unhandled_exception
                0x080003c0                Vector88
                0x080003c0                Vector50
                0x080003c0                Vector28
                0x080003c0                VectorB8
                0x080003c0                Vector34
                0x080003c0                Vector20
 .text.port_halt
                0x080003d0       0x10 build/obj/chcore.o
                0x080003d0                port_halt
 .text.SysTickVector
                0x080003e0       0x30 build/obj/chcore_v7m.o
                0x080003e0                SysTickVector
 .text.SVCallVector
                0x08000410       0x20 build/obj/chcore_v7m.o
                0x08000410                SVCallVector
 .text._port_init
                0x08000430       0x40 build/obj/chcore_v7m.o
                0x08000430                _port_init
 .text._port_lock
                0x08000470       0x10 build/obj/chcore_v7m.o
                0x08000470                _port_lock
 .text._port_unlock
                0x08000480       0x10 build/obj/chcore_v7m.o
                0x08000480                _port_unlock
 .text._port_irq_epilogue
                0x08000490       0xa0 build/obj/chcore_v7m.o
                0x08000490                _port_irq_epilogue
 .text._port_switch_from_isr
                0x08000530       0x10 build/obj/chcore_v7m.o
                0x08000530                _port_switch_from_isr
 .text._port_switch
                0x08000540       0x20 build/obj/chcore_v7m.o
                0x08000540                _port_switch
 .text._port_thread_start
                0x08000560       0x20 build/obj/chcore_v7m.o
                0x08000560                _port_thread_start
 .text.nvicEnableVector
                0x08000580       0xa0 build/obj/nvic.o
                0x08000580                nvicEnableVector
 .text.nvicSetSystemHandlerPriority
                0x08000620       0x60 build/obj/nvic.o
                0x08000620                nvicSetSystemHandlerPriority
 .text._idle_thread
                0x08000680       0x20 build/obj/chsys.o
                0x08000680                _idle_thread
 .text.chSysInit
                0x080006a0       0x90 build/obj/chsys.o
                0x080006a0                chSysInit
 .text.chSysTimerHandlerI
                0x08000730       0x90 build/obj/chsys.o
                0x08000730                chSysTimerHandlerI
 .text.dbg_check_enable
                0x080007c0       0x30 build/obj/chdebug.o
                0x080007c0                dbg_check_enable
 .text.dbg_check_lock
                0x080007f0       0x30 build/obj/chdebug.o
                0x080007f0                dbg_check_lock
 .text.dbg_check_unlock
                0x08000820       0x30 build/obj/chdebug.o
                0x08000820                dbg_check_unlock
 .text.dbg_check_lock_from_isr
                0x08000850       0x30 build/obj/chdebug.o
                0x08000850                dbg_check_lock_from_isr
 .text.dbg_check_unlock_from_isr
                0x08000880       0x30 build/obj/chdebug.o
                0x08000880                dbg_check_unlock_from_isr
 .text.dbg_check_enter_isr
                0x080008b0       0x40 build/obj/chdebug.o
                0x080008b0                dbg_check_enter_isr
 .text.dbg_check_leave_isr
                0x080008f0       0x40 build/obj/chdebug.o
                0x080008f0                dbg_check_leave_isr
 .text.chDbgCheckClassI
                0x08000930       0x30 build/obj/chdebug.o
                0x08000930                chDbgCheckClassI
 .text.chDbgCheckClassS
                0x08000960       0x30 build/obj/chdebug.o
                0x08000960                chDbgCheckClassS
 .text._trace_init
                0x08000990       0x20 build/obj/chdebug.o
                0x08000990                _trace_init
 .text.dbg_trace
                0x080009b0       0x70 build/obj/chdebug.o
                0x080009b0                dbg_trace
 .text.chDbgPanic
                0x08000a20       0x20 build/obj/chdebug.o
                0x08000a20                chDbgPanic
 .text.queue_insert
                0x08000a40       0x30 build/obj/chlists.o
                0x08000a40                queue_insert
 .text.fifo_remove
                0x08000a70       0x30 build/obj/chlists.o
                0x08000a70                fifo_remove
 .text.dequeue  0x08000aa0       0x20 build/obj/chlists.o
                0x08000aa0                dequeue
 .text.list_remove
                0x08000ac0       0x20 build/obj/chlists.o
                0x08000ac0                list_remove
 .text._vt_init
                0x08000ae0       0x30 build/obj/chvt.o
                0x08000ae0                _vt_init
 .text.chVTSetI
                0x08000b10       0xa0 build/obj/chvt.o
                0x08000b10                chVTSetI
 .text.chVTResetI
                0x08000bb0       0x70 build/obj/chvt.o
                0x08000bb0                chVTResetI
 .text._scheduler_init
                0x08000c20       0x40 build/obj/chschd.o
                0x08000c20                _scheduler_init
 .text.chSchReadyI
                0x08000c60       0x70 build/obj/chschd.o
                0x08000c60                chSchReadyI
 .text.chSchGoSleepS
                0x08000cd0       0x70 build/obj/chschd.o
                0x08000cd0                chSchGoSleepS
 .text.wakeup   0x08000d40       0x80 build/obj/chschd.o
 .text.chSchGoSleepTimeoutS
                0x08000dc0       0x60 build/obj/chschd.o
                0x08000dc0                chSchGoSleepTimeoutS
 .text.chSchWakeupS
                0x08000e20       0x80 build/obj/chschd.o
                0x08000e20                chSchWakeupS
 .text.chSchRescheduleS
                0x08000ea0       0x20 build/obj/chschd.o
                0x08000ea0                chSchRescheduleS
 .text.chSchDoReschedule
                0x08000ec0       0x70 build/obj/chschd.o
                0x08000ec0                chSchDoReschedule
 .text._thread_init
                0x08000f30       0xb0 build/obj/chthreads.o
                0x08000f30                _thread_init
 .text._thread_memfill
                0x08000fe0       0x30 build/obj/chthreads.o
                0x08000fe0                _thread_memfill
 .text.chThdCreateI
                0x08001010       0x70 build/obj/chthreads.o
                0x08001010                chThdCreateI
 .text.chThdCreateStatic
                0x08001080       0x70 build/obj/chthreads.o
                0x08001080                chThdCreateStatic
 .text.chThdSleep
                0x080010f0       0x40 build/obj/chthreads.o
                0x080010f0                chThdSleep
 .text.chThdExit
                0x08001130       0x20 build/obj/chthreads.o
                0x08001130                chThdExit
 .text.chThdExitS
                0x08001150       0x80 build/obj/chthreads.o
                0x08001150                chThdExitS
 .text.chSemInit
                0x080011d0       0x40 build/obj/chsem.o
                0x080011d0                chSemInit
 .text.chSemWait
                0x08001210       0x30 build/obj/chsem.o
                0x08001210                chSemWait
 .text.chSemWaitS
                0x08001240       0x90 build/obj/chsem.o
                0x08001240                chSemWaitS
 .text.chSemSignalI
                0x080012d0       0x80 build/obj/chsem.o
                0x080012d0                chSemSignalI
 .text.chMtxInit
                0x08001350       0x40 build/obj/chmtx.o
                0x08001350                chMtxInit
 .text._core_init
                0x08001390       0x30 build/obj/chmemcore.o
                0x08001390                _core_init
 .text.chCoreAlloc
                0x080013c0       0x30 build/obj/chmemcore.o
                0x080013c0                chCoreAlloc
 .text.chCoreAllocI
                0x080013f0       0x60 build/obj/chmemcore.o
                0x080013f0                chCoreAllocI
 .text._heap_init
                0x08001450       0x30 build/obj/chheap.o
                0x08001450                _heap_init
 .text.halInit  0x08001480       0x30 build/obj/hal.o
                0x08001480                halInit
 .text.adcInit  0x080014b0       0x10 build/obj/adc.o
                0x080014b0                adcInit
 .text.adcObjectInit
                0x080014c0       0x50 build/obj/adc.o
                0x080014c0                adcObjectInit
 .text.extInit  0x08001510       0x10 build/obj/ext.o
                0x08001510                extInit
 .text.extObjectInit
                0x08001520       0x20 build/obj/ext.o
                0x08001520                extObjectInit
 .text.i2cInit  0x08001540       0x10 build/obj/i2c.o
                0x08001540                i2cInit
 .text.i2cObjectInit
                0x08001550       0x30 build/obj/i2c.o
                0x08001550                i2cObjectInit
 .text.pwmInit  0x08001580       0x10 build/obj/pwm.o
                0x08001580                pwmInit
 .text.pwmObjectInit
                0x08001590       0x20 build/obj/pwm.o
                0x08001590                pwmObjectInit
 .text.tm_start
                0x080015b0       0x20 build/obj/tm.o
 .text.tm_stop  0x080015d0       0x60 build/obj/tm.o
 .text.tmInit   0x08001630       0x40 build/obj/tm.o
                0x08001630                tmInit
 .text.tmObjectInit
                0x08001670       0x40 build/obj/tm.o
                0x08001670                tmObjectInit
 .text.rtcInit  0x080016b0       0x10 build/obj/rtc.o
                0x080016b0                rtcInit
 .text.Vector6C
                0x080016c0       0x50 build/obj/stm32_dma.o
                0x080016c0                Vector6C
 .text.Vector70
                0x08001710       0x50 build/obj/stm32_dma.o
                0x08001710                Vector70
 .text.Vector74
                0x08001760       0x50 build/obj/stm32_dma.o
                0x08001760                Vector74
 .text.Vector78
                0x080017b0       0x50 build/obj/stm32_dma.o
                0x080017b0                Vector78
 .text.Vector7C
                0x08001800       0x50 build/obj/stm32_dma.o
                0x08001800                Vector7C
 .text.Vector80
                0x08001850       0x50 build/obj/stm32_dma.o
                0x08001850                Vector80
 .text.Vector84
                0x080018a0       0x50 build/obj/stm32_dma.o
                0x080018a0                Vector84
 .text.dmaInit  0x080018f0       0x70 build/obj/stm32_dma.o
                0x080018f0                dmaInit
 .text.hal_lld_backup_domain_init
                0x08001960       0x60 build/obj/hal_lld.o
 .text.hal_lld_init
                0x080019c0       0x90 build/obj/hal_lld.o
                0x080019c0                hal_lld_init
 .text.stm32_clock_init
                0x08001a50       0xc0 build/obj/hal_lld.o
                0x08001a50                stm32_clock_init
 .text.adc_lld_init
                0x08001b10       0x90 build/obj/adc_lld.o
                0x08001b10                adc_lld_init
 .text.Vector58
                0x08001ba0       0x30 build/obj/ext_lld.o
                0x08001ba0                Vector58
 .text.Vector5C
                0x08001bd0       0x30 build/obj/ext_lld.o
                0x08001bd0                Vector5C
 .text.Vector60
                0x08001c00       0x30 build/obj/ext_lld.o
                0x08001c00                Vector60
 .text.Vector64
                0x08001c30       0x30 build/obj/ext_lld.o
                0x08001c30                Vector64
 .text.Vector68
                0x08001c60       0x30 build/obj/ext_lld.o
                0x08001c60                Vector68
 .text.Vector9C
                0x08001c90       0xb0 build/obj/ext_lld.o
                0x08001c90                Vector9C
 .text.VectorE0
                0x08001d40       0xc0 build/obj/ext_lld.o
                0x08001d40                VectorE0
 .text.Vector44
                0x08001e00       0x30 build/obj/ext_lld.o
                0x08001e00                Vector44
 .text.VectorE8
                0x08001e30       0x30 build/obj/ext_lld.o
                0x08001e30                VectorE8
 .text.ext_lld_init
                0x08001e60       0x10 build/obj/ext_lld.o
                0x08001e60                ext_lld_init
 .text.i2c_lld_serve_event_interrupt
                0x08001e70      0x280 build/obj/i2c_lld.o
 .text.i2c_lld_serve_error_interrupt
                0x080020f0      0x220 build/obj/i2c_lld.o
 .text.VectorBC
                0x08002310       0x20 build/obj/i2c_lld.o
                0x08002310                VectorBC
 .text.VectorC0
                0x08002330       0x20 build/obj/i2c_lld.o
                0x08002330                VectorC0
 .text.VectorC4
                0x08002350       0x20 build/obj/i2c_lld.o
                0x08002350                VectorC4
 .text.VectorC8
                0x08002370       0x20 build/obj/i2c_lld.o
                0x08002370                VectorC8
 .text.i2c_lld_init
                0x08002390       0x70 build/obj/i2c_lld.o
                0x08002390                i2c_lld_init
 .text.VectorA4
                0x08002400       0x30 build/obj/pwm_lld.o
                0x08002400                VectorA4
 .text.VectorAC
                0x08002430       0x90 build/obj/pwm_lld.o
                0x08002430                VectorAC
 .text.pwm_lld_init
                0x080024c0       0x20 build/obj/pwm_lld.o
                0x080024c0                pwm_lld_init
 .text._pal_lld_init
                0x080024e0       0xb0 build/obj/pal_lld.o
                0x080024e0                _pal_lld_init
 .text.Vector4C
                0x08002590       0xa0 build/obj/rtc_lld.o
                0x08002590                Vector4C
 .text.rtc_lld_init
                0x08002630       0xa0 build/obj/rtc_lld.o
                0x08002630                rtc_lld_init
 .text.__early_init
                0x080026d0       0x10 build/obj/board.o
                0x080026d0                __early_init
 .text.boardInit
                0x080026e0       0x10 build/obj/board.o
                0x080026e0                boardInit
 .text.NVIC_SetVectorTable
                0x080026f0       0x20 build/obj/misc.o
                0x080026f0                NVIC_SetVectorTable
 .text.amx_Align16
                0x08002710       0x10 build/obj/amx.o
                0x08002710                amx_Align16
 .text.amx_Align32
                0x08002720       0x10 build/obj/amx.o
                0x08002720                amx_Align32
 .text.amx_Callback
                0x08002730       0xd0 build/obj/amx.o
                0x08002730                amx_Callback
 .text.VerifyPcode
                0x08002800      0x860 build/obj/amx.o
 .text.amx_Init
                0x08003060      0x200 build/obj/amx.o
                0x08003060                amx_Init
 .text.amx_Cleanup
                0x08003260       0x10 build/obj/amx.o
                0x08003260                amx_Cleanup
 .text.amx_exec_list
                0x08003270       0x30 build/obj/amx.o
                0x08003270                amx_exec_list
 .text.amx_Exec
                0x080032a0     0x2440 build/obj/amx.o
                0x080032a0                amx_Exec
 .text.pawnExec
                0x080056e0       0xe0 build/obj/pawn_ctrl.o
 .text.n_io     0x080057c0       0x30 build/obj/pawn_ctrl.o
 .text.n_setIo  0x080057f0       0x40 build/obj/pawn_ctrl.o
 .text.pawnInit
                0x08005830       0x40 build/obj/pawn_ctrl.o
                0x08005830                pawnInit
 .text.pawnRun  0x08005870       0x30 build/obj/pawn_ctrl.o
                0x08005870                pawnRun
 .text.execThread
                0x080058a0       0x30 build/obj/pawn_ctrl.o
 .text.main     0x080058d0       0x30 build/obj/main.o
                0x080058d0                main
 *(.rodata)
 .rodata        0x08005900       0x10 build/obj/chsys.o
 .rodata        0x08005910       0x58 build/obj/chdebug.o
 *fill*         0x08005968        0x8 00
 .rodata        0x08005970       0x34 build/obj/chvt.o
 *fill*         0x080059a4        0xc 00
 .rodata        0x080059b0       0x24 build/obj/chschd.o
 *fill*         0x080059d4        0xc 00
 .rodata        0x080059e0       0x94 build/obj/chthreads.o
 *fill*         0x08005a74        0xc 00
 .rodata        0x08005a80      0x148 build/obj/chsem.o
 *fill*         0x08005bc8        0x8 00
 .rodata        0x08005bd0       0xac build/obj/chmtx.o
 *fill*         0x08005c7c        0x4 00
 .rodata        0x08005c80        0x4 build/obj/pawn_ctrl.o
 *(.rodata.*)
 *fill*         0x08005c84        0xc 00
 .rodata._stm32_dma_streams
                0x08005c90       0x54 build/obj/stm32_dma.o
                0x08005c90                _stm32_dma_streams
 *fill*         0x08005ce4        0xc 00
 .rodata.pal_default_config
                0x08005cf0       0x3c build/obj/board.o
                0x08005cf0                pal_default_config
 *fill*         0x08005d2c        0x4 00
 .rodata.g_nativetable
                0x08005d30        0x8 build/obj/pawn_ctrl.o
                0x08005d30                g_nativetable
 *(.glue_7t)
 .glue_7t       0x00000000        0x0 linker stubs
 *(.glue_7)
 .glue_7        0x00000000        0x0 linker stubs
 *(.gcc*)

.vfp11_veneer   0x08005d38        0x0
 .vfp11_veneer  0x00000000        0x0 linker stubs

.v4_bx          0x08005d38        0x0
 .v4_bx         0x00000000        0x0 linker stubs

.ARM.extab
 *(.ARM.extab* .gnu.linkonce.armextab.*)

.ARM.exidx      0x08005d38        0x0
                0x08005d38                PROVIDE (__exidx_start, .)
 *(.ARM.exidx* .gnu.linkonce.armexidx.*)
                0x08005d38                PROVIDE (__exidx_end, .)

.eh_frame_hdr
 *(.eh_frame_hdr)

.eh_frame
 *(.eh_frame)

.textalign      0x08005d38        0x0
                0x08005d38                . = ALIGN (0x8)
                0x08005d38                _etext = .
                0x08005d38                _textdata = _etext

.stacks         0x20000000      0x800
                0x20000000                . = ALIGN (0x8)
                0x20000000                __main_stack_base__ = .
                0x20000400                . = (. + __main_stack_size__)
 *fill*         0x20000000      0x400 00
                0x20000400                . = ALIGN (0x8)
                0x20000400                __main_stack_end__ = .
                0x20000400                __process_stack_base__ = .
                0x20000400                __main_thread_stack_base__ = .
                0x20000800                . = (. + __process_stack_size__)
 *fill*         0x20000400      0x400 00
                0x20000800                . = ALIGN (0x8)
                0x20000800                __process_stack_end__ = .
                0x20000800                __main_thread_stack_end__ = .

.data           0x20000800        0x0 load address 0x08005d38
                0x20000800                . = ALIGN (0x4)
                0x20000800                PROVIDE (_data, .)
 *(.data)
                0x20000800                . = ALIGN (0x4)
 *(.data.*)
                0x20000800                . = ALIGN (0x4)
 *(.ramtext)
                0x20000800                . = ALIGN (0x4)
                0x20000800                PROVIDE (_edata, .)

.bss            0x20000800     0x1808 load address 0x08005d38
                0x20000800                . = ALIGN (0x4)
                0x20000800                PROVIDE (_bss_start, .)
 *(.bss)
                0x20000800                . = ALIGN (0x4)
 *(.bss.*)
 .bss._idle_thread_wa
                0x20000800       0xc0 build/obj/chsys.o
                0x20000800                _idle_thread_wa
 .bss.mainthread.4697
                0x200008c0       0x4c build/obj/chsys.o
 .bss.dbg_isr_cnt
                0x2000090c        0x4 build/obj/chdebug.o
                0x2000090c                dbg_isr_cnt
 .bss.dbg_lock_cnt
                0x20000910        0x4 build/obj/chdebug.o
                0x20000910                dbg_lock_cnt
 .bss.dbg_trace_buffer
                0x20000914      0x408 build/obj/chdebug.o
                0x20000914                dbg_trace_buffer
 .bss.dbg_panic_msg
                0x20000d1c        0x4 build/obj/chdebug.o
                0x20000d1c                dbg_panic_msg
 .bss.vtlist    0x20000d20       0x10 build/obj/chvt.o
                0x20000d20                vtlist
 .bss.rlist     0x20000d30       0x20 build/obj/chschd.o
                0x20000d30                rlist
 .bss.nextmem   0x20000d50        0x4 build/obj/chmemcore.o
 .bss.endmem    0x20000d54        0x4 build/obj/chmemcore.o
 .bss.default_heap
                0x20000d58       0x20 build/obj/chheap.o
 .bss.measurement_offset
                0x20000d78        0x4 build/obj/tm.o
 .bss.dma_streams_mask
                0x20000d7c        0x4 build/obj/stm32_dma.o
 .bss.dma_isr_redir
                0x20000d80       0x38 build/obj/stm32_dma.o
 .bss.ADCD1     0x20000db8       0x34 build/obj/adc_lld.o
                0x20000db8                ADCD1
 .bss.EXTD1     0x20000dec        0x8 build/obj/ext_lld.o
                0x20000dec                EXTD1
 .bss.I2CD1     0x20000df4       0x58 build/obj/i2c_lld.o
                0x20000df4                I2CD1
 .bss.I2CD2     0x20000e4c       0x58 build/obj/i2c_lld.o
                0x20000e4c                I2CD2
 .bss.PWMD1     0x20000ea4       0x14 build/obj/pwm_lld.o
                0x20000ea4                PWMD1
 .bss.RTCD1     0x20000eb8        0x4 build/obj/rtc_lld.o
                0x20000eb8                RTCD1
 .bss.g_pawn    0x20000ebc      0x88c build/obj/pawn_ctrl.o
                0x20000ebc                g_pawn
 .bss.waExec    0x20001748      0x8b0 build/obj/pawn_ctrl.o
 .bss.semaphore
                0x20001ff8        0xc build/obj/pawn_ctrl.o
 .bss.ret.6607  0x20002004        0x4 build/obj/pawn_ctrl.o
                0x20002008                . = ALIGN (0x4)
 *(COMMON)
                0x20002008                . = ALIGN (0x4)
                0x20002008                PROVIDE (_bss_end, .)
                0x20002008                PROVIDE (end, .)
                0x20002008                _end = .
                0x20002008                __heap_base__ = _end
                0x20005000                __heap_end__ = __ram_end__
OUTPUT(build/ch.elf elf32-littlearm)

.debug_abbrev   0x00000000     0x4b37
 .debug_abbrev  0x00000000       0xdc build/obj/crt0.o
 .debug_abbrev  0x000000dc       0x74 build/obj/vectors.o
 .debug_abbrev  0x00000150       0x41 build/obj/chcore.o
 .debug_abbrev  0x00000191      0x18f build/obj/chcore_v7m.o
 .debug_abbrev  0x00000320       0xec build/obj/nvic.o
 .debug_abbrev  0x0000040c      0x165 build/obj/chsys.o
 .debug_abbrev  0x00000571      0x1a1 build/obj/chdebug.o
 .debug_abbrev  0x00000712      0x12e build/obj/chlists.o
 .debug_abbrev  0x00000840      0x12e build/obj/chvt.o
 .debug_abbrev  0x0000096e      0x1c6 build/obj/chschd.o
 .debug_abbrev  0x00000b34      0x1d3 build/obj/chthreads.o
 .debug_abbrev  0x00000d07      0x163 build/obj/chdynamic.o
 .debug_abbrev  0x00000e6a      0x111 build/obj/chregistry.o
 .debug_abbrev  0x00000f7b      0x18e build/obj/chsem.o
 .debug_abbrev  0x00001109      0x17f build/obj/chmtx.o
 .debug_abbrev  0x00001288      0x17d build/obj/chcond.o
 .debug_abbrev  0x00001405      0x195 build/obj/chevents.o
 .debug_abbrev  0x0000159a      0x128 build/obj/chmsg.o
 .debug_abbrev  0x000016c2      0x183 build/obj/chmboxes.o
 .debug_abbrev  0x00001845      0x1c4 build/obj/chqueues.o
 .debug_abbrev  0x00001a09       0xdc build/obj/chmemcore.o
 .debug_abbrev  0x00001ae5      0x178 build/obj/chheap.o
 .debug_abbrev  0x00001c5d      0x107 build/obj/chmempools.o
 .debug_abbrev  0x00001d64      0x12d build/obj/hal.o
 .debug_abbrev  0x00001e91      0x1db build/obj/adc.o
 .debug_abbrev  0x0000206c       0x4f build/obj/can.o
 .debug_abbrev  0x000020bb      0x10e build/obj/ext.o
 .debug_abbrev  0x000021c9       0x4f build/obj/gpt.o
 .debug_abbrev  0x00002218      0x1e7 build/obj/i2c.o
 .debug_abbrev  0x000023ff       0x4f build/obj/icu.o
 .debug_abbrev  0x0000244e       0x4f build/obj/mac.o
 .debug_abbrev  0x0000249d       0xfc build/obj/pal.o
 .debug_abbrev  0x00002599      0x146 build/obj/pwm.o
 .debug_abbrev  0x000026df       0x4f build/obj/sdc.o
 .debug_abbrev  0x0000272e       0x4f build/obj/serial.o
 .debug_abbrev  0x0000277d       0x4f build/obj/spi.o
 .debug_abbrev  0x000027cc       0x4f build/obj/uart.o
 .debug_abbrev  0x0000281b       0x4f build/obj/usb.o
 .debug_abbrev  0x0000286a      0x10a build/obj/tm.o
 .debug_abbrev  0x00002974       0x4f build/obj/mmc_spi.o
 .debug_abbrev  0x000029c3       0x4f build/obj/serial_usb.o
 .debug_abbrev  0x00002a12       0xe0 build/obj/rtc.o
 .debug_abbrev  0x00002af2      0x17b build/obj/stm32_dma.o
 .debug_abbrev  0x00002c6d       0xe9 build/obj/hal_lld.o
 .debug_abbrev  0x00002d56      0x1ce build/obj/adc_lld.o
 .debug_abbrev  0x00002f24       0x4f build/obj/can_lld.o
 .debug_abbrev  0x00002f73      0x1bf build/obj/ext_lld.o
 .debug_abbrev  0x00003132       0x4f build/obj/gpt_lld.o
 .debug_abbrev  0x00003181      0x265 build/obj/i2c_lld.o
 .debug_abbrev  0x000033e6       0x4f build/obj/icu_lld.o
 .debug_abbrev  0x00003435       0x4f build/obj/mac_lld.o
 .debug_abbrev  0x00003484      0x1c8 build/obj/pwm_lld.o
 .debug_abbrev  0x0000364c       0x4f build/obj/serial_lld.o
 .debug_abbrev  0x0000369b       0x4f build/obj/sdc_lld.o
 .debug_abbrev  0x000036ea       0x4f build/obj/spi_lld.o
 .debug_abbrev  0x00003739       0x4f build/obj/uart_lld.o
 .debug_abbrev  0x00003788      0x11a build/obj/pal_lld.o
 .debug_abbrev  0x000038a2       0x4f build/obj/usb_lld.o
 .debug_abbrev  0x000038f1      0x17e build/obj/rtc_lld.o
 .debug_abbrev  0x00003a6f       0xbe build/obj/board.o
 .debug_abbrev  0x00003b2d      0x138 build/obj/evtimer.o
 .debug_abbrev  0x00003c65      0x17e build/obj/syscalls.o
 .debug_abbrev  0x00003de3      0x20e build/obj/shell.o
 .debug_abbrev  0x00003ff1      0x135 build/obj/chprintf.o
 .debug_abbrev  0x00004126      0x164 build/obj/stm32f10x_flash.o
 .debug_abbrev  0x0000428a      0x128 build/obj/misc.o
 .debug_abbrev  0x000043b2       0xe3 build/obj/conf_ctrl.o
 .debug_abbrev  0x00004495      0x1dc build/obj/amx.o
 .debug_abbrev  0x00004671      0x225 build/obj/amxcore.o
 .debug_abbrev  0x00004896      0x239 build/obj/pawn_ctrl.o
 .debug_abbrev  0x00004acf       0x68 build/obj/main.o

.debug_info     0x00000000    0x160fa
 .debug_info    0x00000000      0x31a build/obj/crt0.o
 .debug_info    0x0000031a       0xb5 build/obj/vectors.o
 .debug_info    0x000003cf       0x8b build/obj/chcore.o
 .debug_info    0x0000045a      0x7b8 build/obj/chcore_v7m.o
 .debug_info    0x00000c12      0x431 build/obj/nvic.o
 .debug_info    0x00001043      0x676 build/obj/chsys.o
 .debug_info    0x000016b9      0x7cc build/obj/chdebug.o
 .debug_info    0x00001e85      0x563 build/obj/chlists.o
 .debug_info    0x000023e8      0x278 build/obj/chvt.o
 .debug_info    0x00002660      0x706 build/obj/chschd.o
 .debug_info    0x00002d66      0x87e build/obj/chthreads.o
 .debug_info    0x000035e4      0x689 build/obj/chdynamic.o
 .debug_info    0x00003c6d      0x4d8 build/obj/chregistry.o
 .debug_info    0x00004145      0x73e build/obj/chsem.o
 .debug_info    0x00004883      0x6ba build/obj/chmtx.o
 .debug_info    0x00004f3d      0x690 build/obj/chcond.o
 .debug_info    0x000055cd      0x82f build/obj/chevents.o
 .debug_info    0x00005dfc      0x51b build/obj/chmsg.o
 .debug_info    0x00006317      0x7b4 build/obj/chmboxes.o
 .debug_info    0x00006acb      0x8a0 build/obj/chqueues.o
 .debug_info    0x0000736b      0x197 build/obj/chmemcore.o
 .debug_info    0x00007502      0x642 build/obj/chheap.o
 .debug_info    0x00007b44      0x233 build/obj/chmempools.o
 .debug_info    0x00007d77      0x2b1 build/obj/hal.o
 .debug_info    0x00008028      0xb95 build/obj/adc.o
 .debug_info    0x00008bbd       0x9f build/obj/can.o
 .debug_info    0x00008c5c      0x2d8 build/obj/ext.o
 .debug_info    0x00008f34       0x9f build/obj/gpt.o
 .debug_info    0x00008fd3      0xb30 build/obj/i2c.o
 .debug_info    0x00009b03       0x9f build/obj/icu.o
 .debug_info    0x00009ba2       0x9f build/obj/mac.o
 .debug_info    0x00009c41      0x240 build/obj/pal.o
 .debug_info    0x00009e81      0x591 build/obj/pwm.o
 .debug_info    0x0000a412       0x9f build/obj/sdc.o
 .debug_info    0x0000a4b1       0x9f build/obj/serial.o
 .debug_info    0x0000a550       0x9f build/obj/spi.o
 .debug_info    0x0000a5ef       0x9f build/obj/uart.o
 .debug_info    0x0000a68e       0x9f build/obj/usb.o
 .debug_info    0x0000a72d      0x27e build/obj/tm.o
 .debug_info    0x0000a9ab       0x9f build/obj/mmc_spi.o
 .debug_info    0x0000aa4a       0x9f build/obj/serial_usb.o
 .debug_info    0x0000aae9      0x2e8 build/obj/rtc.o
 .debug_info    0x0000add1      0x63a build/obj/stm32_dma.o
 .debug_info    0x0000b40b      0x3a8 build/obj/hal_lld.o
 .debug_info    0x0000b7b3      0xb4f build/obj/adc_lld.o
 .debug_info    0x0000c302       0x9f build/obj/can_lld.o
 .debug_info    0x0000c3a1      0x636 build/obj/ext_lld.o
 .debug_info    0x0000c9d7       0x9f build/obj/gpt_lld.o
 .debug_info    0x0000ca76     0x11e9 build/obj/i2c_lld.o
 .debug_info    0x0000dc5f       0x9f build/obj/icu_lld.o
 .debug_info    0x0000dcfe       0x9f build/obj/mac_lld.o
 .debug_info    0x0000dd9d      0x7ae build/obj/pwm_lld.o
 .debug_info    0x0000e54b       0x9f build/obj/serial_lld.o
 .debug_info    0x0000e5ea       0x9f build/obj/sdc_lld.o
 .debug_info    0x0000e689       0x9f build/obj/spi_lld.o
 .debug_info    0x0000e728       0x9f build/obj/uart_lld.o
 .debug_info    0x0000e7c7      0x394 build/obj/pal_lld.o
 .debug_info    0x0000eb5b       0x9f build/obj/usb_lld.o
 .debug_info    0x0000ebfa      0x5e0 build/obj/rtc_lld.o
 .debug_info    0x0000f1da      0x186 build/obj/board.o
 .debug_info    0x0000f360      0x58b build/obj/evtimer.o
 .debug_info    0x0000f8eb      0xc34 build/obj/syscalls.o
 .debug_info    0x0001051f      0xc14 build/obj/shell.o
 .debug_info    0x00011133      0x3ed build/obj/chprintf.o
 .debug_info    0x00011520      0x822 build/obj/stm32f10x_flash.o
 .debug_info    0x00011d42      0x598 build/obj/misc.o
 .debug_info    0x000122da      0x24a build/obj/conf_ctrl.o
 .debug_info    0x00012524     0x2022 build/obj/amx.o
 .debug_info    0x00014546      0xe2e build/obj/amxcore.o
 .debug_info    0x00015374      0xcb4 build/obj/pawn_ctrl.o
 .debug_info    0x00016028       0xd2 build/obj/main.o

.debug_line     0x00000000     0x960c
 .debug_line    0x00000000      0x151 build/obj/crt0.o
 .debug_line    0x00000151       0x6b build/obj/vectors.o
 .debug_line    0x000001bc       0x60 build/obj/chcore.o
 .debug_line    0x0000021c      0x244 build/obj/chcore_v7m.o
 .debug_line    0x00000460      0x113 build/obj/nvic.o
 .debug_line    0x00000573      0x1bf build/obj/chsys.o
 .debug_line    0x00000732      0x2d3 build/obj/chdebug.o
 .debug_line    0x00000a05      0x1de build/obj/chlists.o
 .debug_line    0x00000be3      0x1c2 build/obj/chvt.o
 .debug_line    0x00000da5      0x26e build/obj/chschd.o
 .debug_line    0x00001013      0x34a build/obj/chthreads.o
 .debug_line    0x0000135d      0x269 build/obj/chdynamic.o
 .debug_line    0x000015c6      0x18f build/obj/chregistry.o
 .debug_line    0x00001755      0x371 build/obj/chsem.o
 .debug_line    0x00001ac6      0x2ae build/obj/chmtx.o
 .debug_line    0x00001d74      0x271 build/obj/chcond.o
 .debug_line    0x00001fe5      0x2eb build/obj/chevents.o
 .debug_line    0x000022d0      0x1ab build/obj/chmsg.o
 .debug_line    0x0000247b      0x2be build/obj/chmboxes.o
 .debug_line    0x00002739      0x338 build/obj/chqueues.o
 .debug_line    0x00002a71      0x17a build/obj/chmemcore.o
 .debug_line    0x00002beb      0x2a8 build/obj/chheap.o
 .debug_line    0x00002e93      0x17a build/obj/chmempools.o
 .debug_line    0x0000300d      0x23e build/obj/hal.o
 .debug_line    0x0000324b      0x404 build/obj/adc.o
 .debug_line    0x0000364f       0xdb build/obj/can.o
 .debug_line    0x0000372a      0x230 build/obj/ext.o
 .debug_line    0x0000395a       0xdb build/obj/gpt.o
 .debug_line    0x00003a35      0x405 build/obj/i2c.o
 .debug_line    0x00003e3a       0xdb build/obj/icu.o
 .debug_line    0x00003f15       0xdb build/obj/mac.o
 .debug_line    0x00003ff0      0x1f2 build/obj/pal.o
 .debug_line    0x000041e2      0x256 build/obj/pwm.o
 .debug_line    0x00004438       0xdb build/obj/sdc.o
 .debug_line    0x00004513       0xdb build/obj/serial.o
 .debug_line    0x000045ee       0xdb build/obj/spi.o
 .debug_line    0x000046c9       0xdb build/obj/uart.o
 .debug_line    0x000047a4       0xdb build/obj/usb.o
 .debug_line    0x0000487f      0x1db build/obj/tm.o
 .debug_line    0x00004a5a       0xdb build/obj/mmc_spi.o
 .debug_line    0x00004b35       0xdb build/obj/serial_usb.o
 .debug_line    0x00004c10      0x212 build/obj/rtc.o
 .debug_line    0x00004e22      0x276 build/obj/stm32_dma.o
 .debug_line    0x00005098      0x1ca build/obj/hal_lld.o
 .debug_line    0x00005262      0x369 build/obj/adc_lld.o
 .debug_line    0x000055cb       0xdb build/obj/can_lld.o
 .debug_line    0x000056a6      0x2ff build/obj/ext_lld.o
 .debug_line    0x000059a5       0xdb build/obj/gpt_lld.o
 .debug_line    0x00005a80      0x615 build/obj/i2c_lld.o
 .debug_line    0x00006095       0xdb build/obj/icu_lld.o
 .debug_line    0x00006170       0xdb build/obj/mac_lld.o
 .debug_line    0x0000624b      0x25b build/obj/pwm_lld.o
 .debug_line    0x000064a6       0xdb build/obj/serial_lld.o
 .debug_line    0x00006581       0xdb build/obj/sdc_lld.o
 .debug_line    0x0000665c       0xdb build/obj/spi_lld.o
 .debug_line    0x00006737       0xdb build/obj/uart_lld.o
 .debug_line    0x00006812      0x1af build/obj/pal_lld.o
 .debug_line    0x000069c1       0xdb build/obj/usb_lld.o
 .debug_line    0x00006a9c      0x28f build/obj/rtc_lld.o
 .debug_line    0x00006d2b      0x149 build/obj/board.o
 .debug_line    0x00006e74      0x1a7 build/obj/evtimer.o
 .debug_line    0x0000701b      0x1e3 build/obj/syscalls.o
 .debug_line    0x000071fe      0x37b build/obj/shell.o
 .debug_line    0x00007579      0x286 build/obj/chprintf.o
 .debug_line    0x000077ff      0x430 build/obj/stm32f10x_flash.o
 .debug_line    0x00007c2f      0x19a build/obj/misc.o
 .debug_line    0x00007dc9      0x188 build/obj/conf_ctrl.o
 .debug_line    0x00007f51      0xe7c build/obj/amx.o
 .debug_line    0x00008dcd      0x38c build/obj/amxcore.o
 .debug_line    0x00009159      0x37b build/obj/pawn_ctrl.o
 .debug_line    0x000094d4      0x138 build/obj/main.o

.debug_loc      0x00000000     0x3cc8
 .debug_loc     0x00000000       0x20 build/obj/crt0.o
 .debug_loc     0x00000020       0xb8 build/obj/chcore_v7m.o
 .debug_loc     0x000000d8       0x84 build/obj/nvic.o
 .debug_loc     0x0000015c       0x78 build/obj/chsys.o
 .debug_loc     0x000001d4      0x1ac build/obj/chdebug.o
 .debug_loc     0x00000380       0xe0 build/obj/chlists.o
 .debug_loc     0x00000460       0x78 build/obj/chvt.o
 .debug_loc     0x000004d8      0x128 build/obj/chschd.o
 .debug_loc     0x00000600      0x218 build/obj/chthreads.o
 .debug_loc     0x00000818       0xb0 build/obj/chdynamic.o
 .debug_loc     0x000008c8       0x58 build/obj/chregistry.o
 .debug_loc     0x00000920      0x1e4 build/obj/chsem.o
 .debug_loc     0x00000b04      0x160 build/obj/chmtx.o
 .debug_loc     0x00000c64      0x18c build/obj/chcond.o
 .debug_loc     0x00000df0      0x210 build/obj/chevents.o
 .debug_loc     0x00001000       0x84 build/obj/chmsg.o
 .debug_loc     0x00001084      0x1e4 build/obj/chmboxes.o
 .debug_loc     0x00001268      0x1cc build/obj/chqueues.o
 .debug_loc     0x00001434       0x58 build/obj/chmemcore.o
 .debug_loc     0x0000148c       0xd0 build/obj/chheap.o
 .debug_loc     0x0000155c       0xdc build/obj/chmempools.o
 .debug_loc     0x00001638       0x6c build/obj/hal.o
 .debug_loc     0x000016a4      0x1d8 build/obj/adc.o
 .debug_loc     0x0000187c       0xf0 build/obj/ext.o
 .debug_loc     0x0000196c      0x1ac build/obj/i2c.o
 .debug_loc     0x00001b18       0x84 build/obj/pal.o
 .debug_loc     0x00001b9c      0x11c build/obj/pwm.o
 .debug_loc     0x00001cb8       0x8c build/obj/tm.o
 .debug_loc     0x00001d44       0xfc build/obj/rtc.o
 .debug_loc     0x00001e40      0x1ac build/obj/stm32_dma.o
 .debug_loc     0x00001fec       0x20 build/obj/hal_lld.o
 .debug_loc     0x0000200c       0xe4 build/obj/adc_lld.o
 .debug_loc     0x000020f0      0x210 build/obj/ext_lld.o
 .debug_loc     0x00002300      0x2c4 build/obj/i2c_lld.o
 .debug_loc     0x000025c4      0x104 build/obj/pwm_lld.o
 .debug_loc     0x000026c8       0x40 build/obj/pal_lld.o
 .debug_loc     0x00002708       0xec build/obj/rtc_lld.o
 .debug_loc     0x000027f4       0x20 build/obj/board.o
 .debug_loc     0x00002814       0x84 build/obj/evtimer.o
 .debug_loc     0x00002898       0xf8 build/obj/syscalls.o
 .debug_loc     0x00002990      0x1b9 build/obj/shell.o
 .debug_loc     0x00002b49       0x59 build/obj/chprintf.o
 .debug_loc     0x00002ba2      0x350 build/obj/stm32f10x_flash.o
 .debug_loc     0x00002ef2       0xa0 build/obj/misc.o
 .debug_loc     0x00002f92       0x78 build/obj/conf_ctrl.o
 .debug_loc     0x0000300a      0x6ed build/obj/amx.o
 .debug_loc     0x000036f7      0x3b5 build/obj/amxcore.o
 .debug_loc     0x00003aac      0x1fc build/obj/pawn_ctrl.o
 .debug_loc     0x00003ca8       0x20 build/obj/main.o

.debug_pubnames
                0x00000000     0x1eff
 .debug_pubnames
                0x00000000       0x56 build/obj/crt0.o
 .debug_pubnames
                0x00000056       0x38 build/obj/vectors.o
 .debug_pubnames
                0x0000008e       0x20 build/obj/chcore.o
 .debug_pubnames
                0x000000ae       0xbd build/obj/chcore_v7m.o
 .debug_pubnames
                0x0000016b       0x5e build/obj/nvic.o
 .debug_pubnames
                0x000001c9       0x5c build/obj/chsys.o
 .debug_pubnames
                0x00000225      0x184 build/obj/chdebug.o
 .debug_pubnames
                0x000003a9       0x7f build/obj/chlists.o
 .debug_pubnames
                0x00000428       0x59 build/obj/chvt.o
 .debug_pubnames
                0x00000481       0xa7 build/obj/chschd.o
 .debug_pubnames
                0x00000528       0xf3 build/obj/chthreads.o
 .debug_pubnames
                0x0000061b       0x69 build/obj/chdynamic.o
 .debug_pubnames
                0x00000684       0x3b build/obj/chregistry.o
 .debug_pubnames
                0x000006bf       0xd1 build/obj/chsem.o
 .debug_pubnames
                0x00000790       0x94 build/obj/chmtx.o
 .debug_pubnames
                0x00000824       0xb9 build/obj/chcond.o
 .debug_pubnames
                0x000008dd      0x118 build/obj/chevents.o
 .debug_pubnames
                0x000009f5       0x3f build/obj/chmsg.o
 .debug_pubnames
                0x00000a34       0xba build/obj/chmboxes.o
 .debug_pubnames
                0x00000aee       0xb3 build/obj/chqueues.o
 .debug_pubnames
                0x00000ba1       0x53 build/obj/chmemcore.o
 .debug_pubnames
                0x00000bf4       0x60 build/obj/chheap.o
 .debug_pubnames
                0x00000c54       0x61 build/obj/chmempools.o
 .debug_pubnames
                0x00000cb5       0x48 build/obj/hal.o
 .debug_pubnames
                0x00000cfd       0xd8 build/obj/adc.o
 .debug_pubnames
                0x00000dd5       0x74 build/obj/ext.o
 .debug_pubnames
                0x00000e49       0xcd build/obj/i2c.o
 .debug_pubnames
                0x00000f16       0x43 build/obj/pal.o
 .debug_pubnames
                0x00000f59       0x88 build/obj/pwm.o
 .debug_pubnames
                0x00000fe1       0x2e build/obj/tm.o
 .debug_pubnames
                0x0000100f       0x6f build/obj/rtc.o
 .debug_pubnames
                0x0000107e       0xbb build/obj/stm32_dma.o
 .debug_pubnames
                0x00001139       0x38 build/obj/hal_lld.o
 .debug_pubnames
                0x00001171       0x89 build/obj/adc_lld.o
 .debug_pubnames
                0x000011fa      0x114 build/obj/ext_lld.o
 .debug_pubnames
                0x0000130e       0xf2 build/obj/i2c_lld.o
 .debug_pubnames
                0x00001400       0xa1 build/obj/pwm_lld.o
 .debug_pubnames
                0x000014a1       0x3e build/obj/pal_lld.o
 .debug_pubnames
                0x000014df       0xa9 build/obj/rtc_lld.o
 .debug_pubnames
                0x00001588       0x48 build/obj/board.o
 .debug_pubnames
                0x000015d0       0x2b build/obj/evtimer.o
 .debug_pubnames
                0x000015fb       0x6c build/obj/syscalls.o
 .debug_pubnames
                0x00001667       0x6c build/obj/shell.o
 .debug_pubnames
                0x000016d3       0x1f build/obj/chprintf.o
 .debug_pubnames
                0x000016f2      0x2f2 build/obj/stm32f10x_flash.o
 .debug_pubnames
                0x000019e4       0x89 build/obj/misc.o
 .debug_pubnames
                0x00001a6d       0x2c build/obj/conf_ctrl.o
 .debug_pubnames
                0x00001a99      0x317 build/obj/amx.o
 .debug_pubnames
                0x00001db0       0x59 build/obj/amxcore.o
 .debug_pubnames
                0x00001e09       0xdb build/obj/pawn_ctrl.o
 .debug_pubnames
                0x00001ee4       0x1b build/obj/main.o

.debug_pubtypes
                0x00000000     0x3782
 .debug_pubtypes
                0x00000000       0x44 build/obj/crt0.o
 .debug_pubtypes
                0x00000044       0x12 build/obj/vectors.o
 .debug_pubtypes
                0x00000056       0x12 build/obj/chcore.o
 .debug_pubtypes
                0x00000068      0x14a build/obj/chcore_v7m.o
 .debug_pubtypes
                0x000001b2       0x38 build/obj/nvic.o
 .debug_pubtypes
                0x000001ea      0x179 build/obj/chsys.o
 .debug_pubtypes
                0x00000363      0x196 build/obj/chdebug.o
 .debug_pubtypes
                0x000004f9      0x11b build/obj/chlists.o
 .debug_pubtypes
                0x00000614       0x7e build/obj/chvt.o
 .debug_pubtypes
                0x00000692      0x17e build/obj/chschd.o
 .debug_pubtypes
                0x00000810      0x184 build/obj/chthreads.o
 .debug_pubtypes
                0x00000994      0x191 build/obj/chdynamic.o
 .debug_pubtypes
                0x00000b25      0x133 build/obj/chregistry.o
 .debug_pubtypes
                0x00000c58      0x14f build/obj/chsem.o
 .debug_pubtypes
                0x00000da7      0x13e build/obj/chmtx.o
 .debug_pubtypes
                0x00000ee5      0x14b build/obj/chcond.o
 .debug_pubtypes
                0x00001030      0x195 build/obj/chevents.o
 .debug_pubtypes
                0x000011c5      0x133 build/obj/chmsg.o
 .debug_pubtypes
                0x000012f8      0x14d build/obj/chmboxes.o
 .debug_pubtypes
                0x00001445      0x198 build/obj/chqueues.o
 .debug_pubtypes
                0x000015dd       0x29 build/obj/chmemcore.o
 .debug_pubtypes
                0x00001606      0x166 build/obj/chheap.o
 .debug_pubtypes
                0x0000176c       0x4d build/obj/chmempools.o
 .debug_pubtypes
                0x000017b9       0x76 build/obj/hal.o
 .debug_pubtypes
                0x0000182f      0x244 build/obj/adc.o
 .debug_pubtypes
                0x00001a73       0x1e build/obj/can.o
 .debug_pubtypes
                0x00001a91       0xa9 build/obj/ext.o
 .debug_pubtypes
                0x00001b3a       0x1e build/obj/gpt.o
 .debug_pubtypes
                0x00001b58      0x1fb build/obj/i2c.o
 .debug_pubtypes
                0x00001d53       0x1e build/obj/icu.o
 .debug_pubtypes
                0x00001d71       0x1e build/obj/mac.o
 .debug_pubtypes
                0x00001d8f       0x84 build/obj/pal.o
 .debug_pubtypes
                0x00001e13       0xe0 build/obj/pwm.o
 .debug_pubtypes
                0x00001ef3       0x1e build/obj/sdc.o
 .debug_pubtypes
                0x00001f11       0x1e build/obj/serial.o
 .debug_pubtypes
                0x00001f2f       0x1e build/obj/spi.o
 .debug_pubtypes
                0x00001f4d       0x1e build/obj/uart.o
 .debug_pubtypes
                0x00001f6b       0x1e build/obj/usb.o
 .debug_pubtypes
                0x00001f89       0x6e build/obj/tm.o
 .debug_pubtypes
                0x00001ff7       0x1e build/obj/mmc_spi.o
 .debug_pubtypes
                0x00002015       0x1e build/obj/serial_usb.o
 .debug_pubtypes
                0x00002033       0xa3 build/obj/rtc.o
 .debug_pubtypes
                0x000020d6       0xce build/obj/stm32_dma.o
 .debug_pubtypes
                0x000021a4       0x93 build/obj/hal_lld.o
 .debug_pubtypes
                0x00002237      0x24f build/obj/adc_lld.o
 .debug_pubtypes
                0x00002486       0x1e build/obj/can_lld.o
 .debug_pubtypes
                0x000024a4       0xd4 build/obj/ext_lld.o
 .debug_pubtypes
                0x00002578       0x1e build/obj/gpt_lld.o
 .debug_pubtypes
                0x00002596      0x279 build/obj/i2c_lld.o
 .debug_pubtypes
                0x0000280f       0x1e build/obj/icu_lld.o
 .debug_pubtypes
                0x0000282d       0x1e build/obj/mac_lld.o
 .debug_pubtypes
                0x0000284b       0xf9 build/obj/pwm_lld.o
 .debug_pubtypes
                0x00002944       0x1e build/obj/serial_lld.o
 .debug_pubtypes
                0x00002962       0x1e build/obj/sdc_lld.o
 .debug_pubtypes
                0x00002980       0x1e build/obj/spi_lld.o
 .debug_pubtypes
                0x0000299e       0x1e build/obj/uart_lld.o
 .debug_pubtypes
                0x000029bc       0xaa build/obj/pal_lld.o
 .debug_pubtypes
                0x00002a66       0x1e build/obj/usb_lld.o
 .debug_pubtypes
                0x00002a84       0xd5 build/obj/rtc_lld.o
 .debug_pubtypes
                0x00002b59       0x50 build/obj/board.o
 .debug_pubtypes
                0x00002ba9      0x19a build/obj/evtimer.o
 .debug_pubtypes
                0x00002d43      0x19b build/obj/syscalls.o
 .debug_pubtypes
                0x00002ede      0x21a build/obj/shell.o
 .debug_pubtypes
                0x000030f8       0xb5 build/obj/chprintf.o
 .debug_pubtypes
                0x000031ad       0x99 build/obj/stm32f10x_flash.o
 .debug_pubtypes
                0x00003246       0x8c build/obj/misc.o
 .debug_pubtypes
                0x000032d2       0x48 build/obj/conf_ctrl.o
 .debug_pubtypes
                0x0000331a      0x144 build/obj/amx.o
 .debug_pubtypes
                0x0000345e      0x107 build/obj/amxcore.o
 .debug_pubtypes
                0x00003565      0x1e4 build/obj/pawn_ctrl.o
 .debug_pubtypes
                0x00003749       0x39 build/obj/main.o

.debug_aranges  0x00000000     0x11e8
 .debug_aranges
                0x00000000       0x40 build/obj/crt0.o
 .debug_aranges
                0x00000040       0x20 build/obj/vectors.o
 .debug_aranges
                0x00000060       0x20 build/obj/chcore.o
 .debug_aranges
                0x00000080       0x60 build/obj/chcore_v7m.o
 .debug_aranges
                0x000000e0       0x30 build/obj/nvic.o
 .debug_aranges
                0x00000110       0x30 build/obj/chsys.o
 .debug_aranges
                0x00000140       0x88 build/obj/chdebug.o
 .debug_aranges
                0x000001c8       0x50 build/obj/chlists.o
 .debug_aranges
                0x00000218       0x38 build/obj/chvt.o
 .debug_aranges
                0x00000250       0x58 build/obj/chschd.o
 .debug_aranges
                0x000002a8       0x80 build/obj/chthreads.o
 .debug_aranges
                0x00000328       0x38 build/obj/chdynamic.o
 .debug_aranges
                0x00000360       0x28 build/obj/chregistry.o
 .debug_aranges
                0x00000388       0x70 build/obj/chsem.o
 .debug_aranges
                0x000003f8       0x58 build/obj/chmtx.o
 .debug_aranges
                0x00000450       0x60 build/obj/chcond.o
 .debug_aranges
                0x000004b0       0x78 build/obj/chevents.o
 .debug_aranges
                0x00000528       0x30 build/obj/chmsg.o
 .debug_aranges
                0x00000558       0x70 build/obj/chmboxes.o
 .debug_aranges
                0x000005c8       0x70 build/obj/chqueues.o
 .debug_aranges
                0x00000638       0x38 build/obj/chmemcore.o
 .debug_aranges
                0x00000670       0x40 build/obj/chheap.o
 .debug_aranges
                0x000006b0       0x40 build/obj/chmempools.o
 .debug_aranges
                0x000006f0       0x30 build/obj/hal.o
 .debug_aranges
                0x00000720       0x70 build/obj/adc.o
 .debug_aranges
                0x00000790       0x48 build/obj/ext.o
 .debug_aranges
                0x000007d8       0x68 build/obj/i2c.o
 .debug_aranges
                0x00000840       0x30 build/obj/pal.o
 .debug_aranges
                0x00000870       0x50 build/obj/pwm.o
 .debug_aranges
                0x000008c0       0x38 build/obj/tm.o
 .debug_aranges
                0x000008f8       0x48 build/obj/rtc.o
 .debug_aranges
                0x00000940       0x68 build/obj/stm32_dma.o
 .debug_aranges
                0x000009a8       0x30 build/obj/hal_lld.o
 .debug_aranges
                0x000009d8       0x48 build/obj/adc_lld.o
 .debug_aranges
                0x00000a20       0x90 build/obj/ext_lld.o
 .debug_aranges
                0x00000ab0       0xa8 build/obj/i2c_lld.o
 .debug_aranges
                0x00000b58       0x50 build/obj/pwm_lld.o
 .debug_aranges
                0x00000ba8       0x28 build/obj/pal_lld.o
 .debug_aranges
                0x00000bd0       0x50 build/obj/rtc_lld.o
 .debug_aranges
                0x00000c20       0x28 build/obj/board.o
 .debug_aranges
                0x00000c48       0x30 build/obj/evtimer.o
 .debug_aranges
                0x00000c78       0x50 build/obj/syscalls.o
 .debug_aranges
                0x00000cc8       0x70 build/obj/shell.o
 .debug_aranges
                0x00000d38       0x28 build/obj/chprintf.o
 .debug_aranges
                0x00000d60       0xf8 build/obj/stm32f10x_flash.o
 .debug_aranges
                0x00000e58       0x40 build/obj/misc.o
 .debug_aranges
                0x00000e98       0x30 build/obj/conf_ctrl.o
 .debug_aranges
                0x00000ec8      0x190 build/obj/amx.o
 .debug_aranges
                0x00001058       0xd8 build/obj/amxcore.o
 .debug_aranges
                0x00001130       0x98 build/obj/pawn_ctrl.o
 .debug_aranges
                0x000011c8       0x20 build/obj/main.o

.debug_ranges   0x00000000      0xee8
 .debug_ranges  0x00000000       0x30 build/obj/crt0.o
 .debug_ranges  0x00000030       0x10 build/obj/vectors.o
 .debug_ranges  0x00000040       0x10 build/obj/chcore.o
 .debug_ranges  0x00000050       0x50 build/obj/chcore_v7m.o
 .debug_ranges  0x000000a0       0x20 build/obj/nvic.o
 .debug_ranges  0x000000c0       0x20 build/obj/chsys.o
 .debug_ranges  0x000000e0       0x78 build/obj/chdebug.o
 .debug_ranges  0x00000158       0x40 build/obj/chlists.o
 .debug_ranges  0x00000198       0x28 build/obj/chvt.o
 .debug_ranges  0x000001c0       0x48 build/obj/chschd.o
 .debug_ranges  0x00000208       0x70 build/obj/chthreads.o
 .debug_ranges  0x00000278       0x28 build/obj/chdynamic.o
 .debug_ranges  0x000002a0       0x18 build/obj/chregistry.o
 .debug_ranges  0x000002b8       0x60 build/obj/chsem.o
 .debug_ranges  0x00000318       0x48 build/obj/chmtx.o
 .debug_ranges  0x00000360       0x50 build/obj/chcond.o
 .debug_ranges  0x000003b0       0x68 build/obj/chevents.o
 .debug_ranges  0x00000418       0x20 build/obj/chmsg.o
 .debug_ranges  0x00000438       0x60 build/obj/chmboxes.o
 .debug_ranges  0x00000498       0x60 build/obj/chqueues.o
 .debug_ranges  0x000004f8       0x28 build/obj/chmemcore.o
 .debug_ranges  0x00000520       0x30 build/obj/chheap.o
 .debug_ranges  0x00000550       0x30 build/obj/chmempools.o
 .debug_ranges  0x00000580       0x20 build/obj/hal.o
 .debug_ranges  0x000005a0       0x60 build/obj/adc.o
 .debug_ranges  0x00000600       0x38 build/obj/ext.o
 .debug_ranges  0x00000638       0x58 build/obj/i2c.o
 .debug_ranges  0x00000690       0x20 build/obj/pal.o
 .debug_ranges  0x000006b0       0x40 build/obj/pwm.o
 .debug_ranges  0x000006f0       0x28 build/obj/tm.o
 .debug_ranges  0x00000718       0x38 build/obj/rtc.o
 .debug_ranges  0x00000750       0x58 build/obj/stm32_dma.o
 .debug_ranges  0x000007a8       0x20 build/obj/hal_lld.o
 .debug_ranges  0x000007c8       0x38 build/obj/adc_lld.o
 .debug_ranges  0x00000800       0x80 build/obj/ext_lld.o
 .debug_ranges  0x00000880       0x98 build/obj/i2c_lld.o
 .debug_ranges  0x00000918       0x40 build/obj/pwm_lld.o
 .debug_ranges  0x00000958       0x18 build/obj/pal_lld.o
 .debug_ranges  0x00000970       0x40 build/obj/rtc_lld.o
 .debug_ranges  0x000009b0       0x18 build/obj/board.o
 .debug_ranges  0x000009c8       0x20 build/obj/evtimer.o
 .debug_ranges  0x000009e8       0x40 build/obj/syscalls.o
 .debug_ranges  0x00000a28       0x60 build/obj/shell.o
 .debug_ranges  0x00000a88       0x18 build/obj/chprintf.o
 .debug_ranges  0x00000aa0       0xe8 build/obj/stm32f10x_flash.o
 .debug_ranges  0x00000b88       0x30 build/obj/misc.o
 .debug_ranges  0x00000bb8       0x20 build/obj/conf_ctrl.o
 .debug_ranges  0x00000bd8      0x1b0 build/obj/amx.o
 .debug_ranges  0x00000d88       0xc8 build/obj/amxcore.o
 .debug_ranges  0x00000e50       0x88 build/obj/pawn_ctrl.o
 .debug_ranges  0x00000ed8       0x10 build/obj/main.o

.debug_str      0x00000000     0x4a0d
 .debug_str     0x00000000      0x1f9 build/obj/crt0.o
                                0x238 (size before relaxing)
 .debug_str     0x000001f9       0x54 build/obj/vectors.o
                                0x132 (size before relaxing)
 .debug_str     0x0000024d       0x35 build/obj/chcore.o
                                0x113 (size before relaxing)
 .debug_str     0x00000282      0x2b6 build/obj/chcore_v7m.o
                                0x3d1 (size before relaxing)
 .debug_str     0x00000538       0xc3 build/obj/nvic.o
                                0x20a (size before relaxing)
 .debug_str     0x000005fb       0xda build/obj/chsys.o
                                0x38a (size before relaxing)
 .debug_str     0x000006d5      0x1ab build/obj/chdebug.o
                                0x4a9 (size before relaxing)
 .debug_str     0x00000880       0x77 build/obj/chlists.o
                                0x2d0 (size before relaxing)
 .debug_str     0x000008f7       0x5d build/obj/chvt.o
                                0x1b7 (size before relaxing)
 .debug_str     0x00000954       0xb2 build/obj/chschd.o
                                0x3a6 (size before relaxing)
 .debug_str     0x00000a06       0xf8 build/obj/chthreads.o
                                0x40d (size before relaxing)
 .debug_str     0x00000afe       0xf4 build/obj/chdynamic.o
                                0x386 (size before relaxing)
 .debug_str     0x00000bf2       0x4a build/obj/chregistry.o
                                0x2f2 (size before relaxing)
 .debug_str     0x00000c3c       0xb7 build/obj/chsem.o
                                0x37c (size before relaxing)
 .debug_str     0x00000cf3       0x86 build/obj/chmtx.o
                                0x33d (size before relaxing)
 .debug_str     0x00000d79       0xb8 build/obj/chcond.o
                                0x365 (size before relaxing)
 .debug_str     0x00000e31      0x15a build/obj/chevents.o
                                0x40c (size before relaxing)
 .debug_str     0x00000f8b       0x45 build/obj/chmsg.o
                                0x2ed (size before relaxing)
 .debug_str     0x00000fd0       0xea build/obj/chmboxes.o
                                0x366 (size before relaxing)
 .debug_str     0x000010ba      0x11a build/obj/chqueues.o
                                0x3da (size before relaxing)
 .debug_str     0x000011d4       0x83 build/obj/chmemcore.o
                                0x175 (size before relaxing)
 .debug_str     0x00001257       0x72 build/obj/chheap.o
                                0x335 (size before relaxing)
 .debug_str     0x000012c9       0x64 build/obj/chmempools.o
                                0x1ab (size before relaxing)
 .debug_str     0x0000132d       0xf4 build/obj/hal.o
                                0x1fd (size before relaxing)
 .debug_str     0x00001421      0x2b2 build/obj/adc.o
                                0x591 (size before relaxing)
 .debug_str     0x000016d3       0x1f build/obj/can.o
                                0x112 (size before relaxing)
 .debug_str     0x000016f2       0xdd build/obj/ext.o
                                0x205 (size before relaxing)
 .debug_str     0x000017cf       0x1f build/obj/gpt.o
                                0x112 (size before relaxing)
 .debug_str     0x000017ee      0x2a3 build/obj/i2c.o
                                0x5a4 (size before relaxing)
 .debug_str     0x00001a91       0x1f build/obj/icu.o
                                0x112 (size before relaxing)
 .debug_str     0x00001ab0       0x1f build/obj/mac.o
                                0x112 (size before relaxing)
 .debug_str     0x00001acf       0x9b build/obj/pal.o
                                0x1a8 (size before relaxing)
 .debug_str     0x00001b6a      0x1bf build/obj/pwm.o
                                0x2fe (size before relaxing)
 .debug_str     0x00001d29       0x1f build/obj/sdc.o
                                0x112 (size before relaxing)
 .debug_str     0x00001d48       0x22 build/obj/serial.o
                                0x115 (size before relaxing)
 .debug_str     0x00001d6a       0x1f build/obj/spi.o
                                0x112 (size before relaxing)
 .debug_str     0x00001d89       0x20 build/obj/uart.o
                                0x113 (size before relaxing)
 .debug_str     0x00001da9       0x1f build/obj/usb.o
                                0x112 (size before relaxing)
 .debug_str     0x00001dc8       0x71 build/obj/tm.o
                                0x1c7 (size before relaxing)
 .debug_str     0x00001e39       0x23 build/obj/mmc_spi.o
                                0x116 (size before relaxing)
 .debug_str     0x00001e5c       0x26 build/obj/serial_usb.o
                                0x119 (size before relaxing)
 .debug_str     0x00001e82       0xf8 build/obj/rtc.o
                                0x203 (size before relaxing)
 .debug_str     0x00001f7a      0x41b build/obj/stm32_dma.o
                                0x5b1 (size before relaxing)
 .debug_str     0x00002395       0xd4 build/obj/hal_lld.o
                                0x25c (size before relaxing)
 .debug_str     0x00002469       0xbd build/obj/adc_lld.o
                                0x5b2 (size before relaxing)
 .debug_str     0x00002526       0x2f build/obj/can_lld.o
                                0x122 (size before relaxing)
 .debug_str     0x00002555      0x13c build/obj/ext_lld.o
                                0x5af (size before relaxing)
 .debug_str     0x00002691       0x2f build/obj/gpt_lld.o
                                0x122 (size before relaxing)
 .debug_str     0x000026c0      0x1e6 build/obj/i2c_lld.o
                                0xaa6 (size before relaxing)
 .debug_str     0x000028a6       0x2f build/obj/icu_lld.o
                                0x122 (size before relaxing)
 .debug_str     0x000028d5       0x2f build/obj/mac_lld.o
                                0x122 (size before relaxing)
 .debug_str     0x00002904       0xa8 build/obj/pwm_lld.o
                                0x639 (size before relaxing)
 .debug_str     0x000029ac       0x32 build/obj/serial_lld.o
                                0x125 (size before relaxing)
 .debug_str     0x000029de       0x2f build/obj/sdc_lld.o
                                0x122 (size before relaxing)
 .debug_str     0x00002a0d       0x2f build/obj/spi_lld.o
                                0x122 (size before relaxing)
 .debug_str     0x00002a3c       0x30 build/obj/uart_lld.o
                                0x123 (size before relaxing)
 .debug_str     0x00002a6c       0x66 build/obj/pal_lld.o
                                0x232 (size before relaxing)
 .debug_str     0x00002ad2       0x35 build/obj/usb_lld.o
                                0x128 (size before relaxing)
 .debug_str     0x00002b07       0xf4 build/obj/rtc_lld.o
                                0x5d1 (size before relaxing)
 .debug_str     0x00002bfb       0x1b build/obj/board.o
                                0x177 (size before relaxing)
 .debug_str     0x00002c16       0x5a build/obj/evtimer.o
                                0x32e (size before relaxing)
 .debug_str     0x00002c70      0x498 build/obj/syscalls.o
                                0x5ed (size before relaxing)
 .debug_str     0x00003108      0x177 build/obj/shell.o
                                0x4ed (size before relaxing)
 .debug_str     0x0000327f       0x8a build/obj/chprintf.o
                                0x203 (size before relaxing)
 .debug_str     0x00003309      0x414 build/obj/stm32f10x_flash.o
                                0x56c (size before relaxing)
 .debug_str     0x0000371d      0x173 build/obj/misc.o
                                0x34d (size before relaxing)
 .debug_str     0x00003890       0x5a build/obj/conf_ctrl.o
                                0x1b7 (size before relaxing)
 .debug_str     0x000038ea      0xe8a build/obj/amx.o
                               0x102f (size before relaxing)
 .debug_str     0x00004774      0x178 build/obj/amxcore.o
                                0x5ba (size before relaxing)
 .debug_str     0x000048ec      0x10f build/obj/pawn_ctrl.o
                                0x6c3 (size before relaxing)
 .debug_str     0x000049fb       0x12 build/obj/main.o
                                0x118 (size before relaxing)

.comment        0x00000000       0x2a
 .comment       0x00000000       0x2a build/obj/crt0.o
                                 0x2b (size before relaxing)
 .comment       0x00000000       0x2b build/obj/vectors.o
 .comment       0x00000000       0x2b build/obj/chcore.o
 .comment       0x00000000       0x2b build/obj/chcore_v7m.o
 .comment       0x00000000       0x2b build/obj/nvic.o
 .comment       0x00000000       0x2b build/obj/chsys.o
 .comment       0x00000000       0x2b build/obj/chdebug.o
 .comment       0x00000000       0x2b build/obj/chlists.o
 .comment       0x00000000       0x2b build/obj/chvt.o
 .comment       0x00000000       0x2b build/obj/chschd.o
 .comment       0x00000000       0x2b build/obj/chthreads.o
 .comment       0x00000000       0x2b build/obj/chdynamic.o
 .comment       0x00000000       0x2b build/obj/chregistry.o
 .comment       0x00000000       0x2b build/obj/chsem.o
 .comment       0x00000000       0x2b build/obj/chmtx.o
 .comment       0x00000000       0x2b build/obj/chcond.o
 .comment       0x00000000       0x2b build/obj/chevents.o
 .comment       0x00000000       0x2b build/obj/chmsg.o
 .comment       0x00000000       0x2b build/obj/chmboxes.o
 .comment       0x00000000       0x2b build/obj/chqueues.o
 .comment       0x00000000       0x2b build/obj/chmemcore.o
 .comment       0x00000000       0x2b build/obj/chheap.o
 .comment       0x00000000       0x2b build/obj/chmempools.o
 .comment       0x00000000       0x2b build/obj/hal.o
 .comment       0x00000000       0x2b build/obj/adc.o
 .comment       0x00000000       0x2b build/obj/can.o
 .comment       0x00000000       0x2b build/obj/ext.o
 .comment       0x00000000       0x2b build/obj/gpt.o
 .comment       0x00000000       0x2b build/obj/i2c.o
 .comment       0x00000000       0x2b build/obj/icu.o
 .comment       0x00000000       0x2b build/obj/mac.o
 .comment       0x00000000       0x2b build/obj/pal.o
 .comment       0x00000000       0x2b build/obj/pwm.o
 .comment       0x00000000       0x2b build/obj/sdc.o
 .comment       0x00000000       0x2b build/obj/serial.o
 .comment       0x00000000       0x2b build/obj/spi.o
 .comment       0x00000000       0x2b build/obj/uart.o
 .comment       0x00000000       0x2b build/obj/usb.o
 .comment       0x00000000       0x2b build/obj/tm.o
 .comment       0x00000000       0x2b build/obj/mmc_spi.o
 .comment       0x00000000       0x2b build/obj/serial_usb.o
 .comment       0x00000000       0x2b build/obj/rtc.o
 .comment       0x00000000       0x2b build/obj/stm32_dma.o
 .comment       0x00000000       0x2b build/obj/hal_lld.o
 .comment       0x00000000       0x2b build/obj/adc_lld.o
 .comment       0x00000000       0x2b build/obj/can_lld.o
 .comment       0x00000000       0x2b build/obj/ext_lld.o
 .comment       0x00000000       0x2b build/obj/gpt_lld.o
 .comment       0x00000000       0x2b build/obj/i2c_lld.o
 .comment       0x00000000       0x2b build/obj/icu_lld.o
 .comment       0x00000000       0x2b build/obj/mac_lld.o
 .comment       0x00000000       0x2b build/obj/pwm_lld.o
 .comment       0x00000000       0x2b build/obj/serial_lld.o
 .comment       0x00000000       0x2b build/obj/sdc_lld.o
 .comment       0x00000000       0x2b build/obj/spi_lld.o
 .comment       0x00000000       0x2b build/obj/uart_lld.o
 .comment       0x00000000       0x2b build/obj/pal_lld.o
 .comment       0x00000000       0x2b build/obj/usb_lld.o
 .comment       0x00000000       0x2b build/obj/rtc_lld.o
 .comment       0x00000000       0x2b build/obj/board.o
 .comment       0x00000000       0x2b build/obj/evtimer.o
 .comment       0x00000000       0x2b build/obj/syscalls.o
 .comment       0x00000000       0x2b build/obj/shell.o
 .comment       0x00000000       0x2b build/obj/chprintf.o
 .comment       0x00000000       0x2b build/obj/stm32f10x_flash.o
 .comment       0x00000000       0x2b build/obj/misc.o
 .comment       0x00000000       0x2b build/obj/conf_ctrl.o
 .comment       0x00000000       0x2b build/obj/amx.o
 .comment       0x00000000       0x2b build/obj/amxcore.o
 .comment       0x00000000       0x2b build/obj/pawn_ctrl.o
 .comment       0x00000000       0x2b build/obj/main.o

.ARM.attributes
                0x00000000       0x31
 .ARM.attributes
                0x00000000       0x31 build/obj/crt0.o
 .ARM.attributes
                0x00000031       0x31 build/obj/vectors.o
 .ARM.attributes
                0x00000062       0x31 build/obj/chcore.o
 .ARM.attributes
                0x00000093       0x31 build/obj/chcore_v7m.o
 .ARM.attributes
                0x000000c4       0x31 build/obj/nvic.o
 .ARM.attributes
                0x000000f5       0x31 build/obj/chsys.o
 .ARM.attributes
                0x00000126       0x31 build/obj/chdebug.o
 .ARM.attributes
                0x00000157       0x31 build/obj/chlists.o
 .ARM.attributes
                0x00000188       0x31 build/obj/chvt.o
 .ARM.attributes
                0x000001b9       0x31 build/obj/chschd.o
 .ARM.attributes
                0x000001ea       0x31 build/obj/chthreads.o
 .ARM.attributes
                0x0000021b       0x31 build/obj/chdynamic.o
 .ARM.attributes
                0x0000024c       0x31 build/obj/chregistry.o
 .ARM.attributes
                0x0000027d       0x31 build/obj/chsem.o
 .ARM.attributes
                0x000002ae       0x31 build/obj/chmtx.o
 .ARM.attributes
                0x000002df       0x31 build/obj/chcond.o
 .ARM.attributes
                0x00000310       0x31 build/obj/chevents.o
 .ARM.attributes
                0x00000341       0x31 build/obj/chmsg.o
 .ARM.attributes
                0x00000372       0x31 build/obj/chmboxes.o
 .ARM.attributes
                0x000003a3       0x31 build/obj/chqueues.o
 .ARM.attributes
                0x000003d4       0x31 build/obj/chmemcore.o
 .ARM.attributes
                0x00000405       0x31 build/obj/chheap.o
 .ARM.attributes
                0x00000436       0x31 build/obj/chmempools.o
 .ARM.attributes
                0x00000467       0x31 build/obj/hal.o
 .ARM.attributes
                0x00000498       0x31 build/obj/adc.o
 .ARM.attributes
                0x000004c9       0x31 build/obj/can.o
 .ARM.attributes
                0x000004fa       0x31 build/obj/ext.o
 .ARM.attributes
                0x0000052b       0x31 build/obj/gpt.o
 .ARM.attributes
                0x0000055c       0x31 build/obj/i2c.o
 .ARM.attributes
                0x0000058d       0x31 build/obj/icu.o
 .ARM.attributes
                0x000005be       0x31 build/obj/mac.o
 .ARM.attributes
                0x000005ef       0x31 build/obj/pal.o
 .ARM.attributes
                0x00000620       0x31 build/obj/pwm.o
 .ARM.attributes
                0x00000651       0x31 build/obj/sdc.o
 .ARM.attributes
                0x00000682       0x31 build/obj/serial.o
 .ARM.attributes
                0x000006b3       0x31 build/obj/spi.o
 .ARM.attributes
                0x000006e4       0x31 build/obj/uart.o
 .ARM.attributes
                0x00000715       0x31 build/obj/usb.o
 .ARM.attributes
                0x00000746       0x31 build/obj/tm.o
 .ARM.attributes
                0x00000777       0x31 build/obj/mmc_spi.o
 .ARM.attributes
                0x000007a8       0x31 build/obj/serial_usb.o
 .ARM.attributes
                0x000007d9       0x31 build/obj/rtc.o
 .ARM.attributes
                0x0000080a       0x31 build/obj/stm32_dma.o
 .ARM.attributes
                0x0000083b       0x31 build/obj/hal_lld.o
 .ARM.attributes
                0x0000086c       0x31 build/obj/adc_lld.o
 .ARM.attributes
                0x0000089d       0x31 build/obj/can_lld.o
 .ARM.attributes
                0x000008ce       0x31 build/obj/ext_lld.o
 .ARM.attributes
                0x000008ff       0x31 build/obj/gpt_lld.o
 .ARM.attributes
                0x00000930       0x31 build/obj/i2c_lld.o
 .ARM.attributes
                0x00000961       0x31 build/obj/icu_lld.o
 .ARM.attributes
                0x00000992       0x31 build/obj/mac_lld.o
 .ARM.attributes
                0x000009c3       0x31 build/obj/pwm_lld.o
 .ARM.attributes
                0x000009f4       0x31 build/obj/serial_lld.o
 .ARM.attributes
                0x00000a25       0x31 build/obj/sdc_lld.o
 .ARM.attributes
                0x00000a56       0x31 build/obj/spi_lld.o
 .ARM.attributes
                0x00000a87       0x31 build/obj/uart_lld.o
 .ARM.attributes
                0x00000ab8       0x31 build/obj/pal_lld.o
 .ARM.attributes
                0x00000ae9       0x31 build/obj/usb_lld.o
 .ARM.attributes
                0x00000b1a       0x31 build/obj/rtc_lld.o
 .ARM.attributes
                0x00000b4b       0x31 build/obj/board.o
 .ARM.attributes
                0x00000b7c       0x31 build/obj/evtimer.o
 .ARM.attributes
                0x00000bad       0x31 build/obj/syscalls.o
 .ARM.attributes
                0x00000bde       0x31 build/obj/shell.o
 .ARM.attributes
                0x00000c0f       0x31 build/obj/chprintf.o
 .ARM.attributes
                0x00000c40       0x31 build/obj/stm32f10x_flash.o
 .ARM.attributes
                0x00000c71       0x31 build/obj/misc.o
 .ARM.attributes
                0x00000ca2       0x31 build/obj/conf_ctrl.o
 .ARM.attributes
                0x00000cd3       0x31 build/obj/amx.o
 .ARM.attributes
                0x00000d04       0x31 build/obj/amxcore.o
 .ARM.attributes
                0x00000d35       0x31 build/obj/pawn_ctrl.o
 .ARM.attributes
                0x00000d66       0x31 build/obj/main.o
 .ARM.attributes
                0x00000d97       0x29 /home/z80/programs/code-sourcery/2011.03-42/bin/../lib/gcc/arm-none-eabi/4.5.2/../../../../arm-none-eabi/lib/thumb2/libc.a(lib_a-malloc.o)
 .ARM.attributes
                0x00000dc0       0x29 /home/z80/programs/code-sourcery/2011.03-42/bin/../lib/gcc/arm-none-eabi/4.5.2/../../../../arm-none-eabi/lib/thumb2/libc.a(lib_a-mallocr.o)
 .ARM.attributes
                0x00000de9       0x29 /home/z80/programs/code-sourcery/2011.03-42/bin/../lib/gcc/arm-none-eabi/4.5.2/../../../../arm-none-eabi/lib/thumb2/libc.a(lib_a-memcmp.o)
 .ARM.attributes
                0x00000e12       0x29 /home/z80/programs/code-sourcery/2011.03-42/bin/../lib/gcc/arm-none-eabi/4.5.2/../../../../arm-none-eabi/lib/thumb2/libc.a(lib_a-memcpy.o)
 .ARM.attributes
                0x00000e3b       0x29 /home/z80/programs/code-sourcery/2011.03-42/bin/../lib/gcc/arm-none-eabi/4.5.2/../../../../arm-none-eabi/lib/thumb2/libc.a(lib_a-memset.o)
 .ARM.attributes
                0x00000e64       0x29 /home/z80/programs/code-sourcery/2011.03-42/bin/../lib/gcc/arm-none-eabi/4.5.2/../../../../arm-none-eabi/lib/thumb2/libc.a(lib_a-mlock.o)
 .ARM.attributes
                0x00000e8d       0x29 /home/z80/programs/code-sourcery/2011.03-42/bin/../lib/gcc/arm-none-eabi/4.5.2/../../../../arm-none-eabi/lib/thumb2/libc.a(lib_a-strcasecmp.o)
 .ARM.attributes
                0x00000eb6       0x29 /home/z80/programs/code-sourcery/2011.03-42/bin/../lib/gcc/arm-none-eabi/4.5.2/../../../../arm-none-eabi/lib/thumb2/libc.a(lib_a-strcmp.o)
 .ARM.attributes
                0x00000edf       0x29 /home/z80/programs/code-sourcery/2011.03-42/bin/../lib/gcc/arm-none-eabi/4.5.2/../../../../arm-none-eabi/lib/thumb2/libc.a(lib_a-strcpy.o)
 .ARM.attributes
                0x00000f08       0x29 /home/z80/programs/code-sourcery/2011.03-42/bin/../lib/gcc/arm-none-eabi/4.5.2/../../../../arm-none-eabi/lib/thumb2/libc.a(lib_a-strlen.o)
 .ARM.attributes
                0x00000f31       0x29 /home/z80/programs/code-sourcery/2011.03-42/bin/../lib/gcc/arm-none-eabi/4.5.2/../../../../arm-none-eabi/lib/thumb2/libc.a(lib_a-strpbrk.o)
 .ARM.attributes
                0x00000f5a       0x29 /home/z80/programs/code-sourcery/2011.03-42/bin/../lib/gcc/arm-none-eabi/4.5.2/../../../../arm-none-eabi/lib/thumb2/libc.a(lib_a-strspn.o)
 .ARM.attributes
                0x00000f83       0x29 /home/z80/programs/code-sourcery/2011.03-42/bin/../lib/gcc/arm-none-eabi/4.5.2/../../../../arm-none-eabi/lib/thumb2/libc.a(lib_a-time.o)
 .ARM.attributes
                0x00000fac       0x29 /home/z80/programs/code-sourcery/2011.03-42/bin/../lib/gcc/arm-none-eabi/4.5.2/../../../../arm-none-eabi/lib/thumb2/libc.a(lib_a-wcslen.o)
 .ARM.attributes
                0x00000fd5       0x29 /home/z80/programs/code-sourcery/2011.03-42/bin/../lib/gcc/arm-none-eabi/4.5.2/../../../../arm-none-eabi/lib/thumb2/libc.a(lib_a-ctype_.o)
 .ARM.attributes
                0x00000ffe       0x29 /home/z80/programs/code-sourcery/2011.03-42/bin/../lib/gcc/arm-none-eabi/4.5.2/../../../../arm-none-eabi/lib/thumb2/libc.a(lib_a-freer.o)
 .ARM.attributes
                0x00001027       0x29 /home/z80/programs/code-sourcery/2011.03-42/bin/../lib/gcc/arm-none-eabi/4.5.2/../../../../arm-none-eabi/lib/thumb2/libc.a(lib_a-gettimeofdayr.o)
 .ARM.attributes
                0x00001050       0x29 /home/z80/programs/code-sourcery/2011.03-42/bin/../lib/gcc/arm-none-eabi/4.5.2/../../../../arm-none-eabi/lib/thumb2/libc.a(lib_a-impure.o)
 .ARM.attributes
                0x00001079       0x29 /home/z80/programs/code-sourcery/2011.03-42/bin/../lib/gcc/arm-none-eabi/4.5.2/../../../../arm-none-eabi/lib/thumb2/libc.a(lib_a-reent.o)

.debug_frame    0x00000000     0x3010
 .debug_frame   0x00000000       0x64 build/obj/crt0.o
 .debug_frame   0x00000064       0x20 build/obj/vectors.o
 .debug_frame   0x00000084       0x20 build/obj/chcore.o
 .debug_frame   0x000000a4       0xdc build/obj/chcore_v7m.o
 .debug_frame   0x00000180       0x64 build/obj/nvic.o
 .debug_frame   0x000001e4       0x5c build/obj/chsys.o
 .debug_frame   0x00000240      0x184 build/obj/chdebug.o
 .debug_frame   0x000003c4       0x9c build/obj/chlists.o
 .debug_frame   0x00000460       0x6c build/obj/chvt.o
 .debug_frame   0x000004cc       0xe4 build/obj/chschd.o
 .debug_frame   0x000005b0      0x16c build/obj/chthreads.o
 .debug_frame   0x0000071c       0x80 build/obj/chdynamic.o
 .debug_frame   0x0000079c       0x48 build/obj/chregistry.o
 .debug_frame   0x000007e4      0x144 build/obj/chsem.o
 .debug_frame   0x00000928       0xf0 build/obj/chmtx.o
 .debug_frame   0x00000a18      0x10c build/obj/chcond.o
 .debug_frame   0x00000b24      0x160 build/obj/chevents.o
 .debug_frame   0x00000c84       0x64 build/obj/chmsg.o
 .debug_frame   0x00000ce8      0x144 build/obj/chmboxes.o
 .debug_frame   0x00000e2c      0x134 build/obj/chqueues.o
 .debug_frame   0x00000f60       0x68 build/obj/chmemcore.o
 .debug_frame   0x00000fc8       0x9c build/obj/chheap.o
 .debug_frame   0x00001064       0x9c build/obj/chmempools.o
 .debug_frame   0x00001100       0x5c build/obj/hal.o
 .debug_frame   0x0000115c      0x144 build/obj/adc.o
 .debug_frame   0x000012a0       0xb0 build/obj/ext.o
 .debug_frame   0x00001350      0x128 build/obj/i2c.o
 .debug_frame   0x00001478       0x64 build/obj/pal.o
 .debug_frame   0x000014dc       0xcc build/obj/pwm.o
 .debug_frame   0x000015a8       0x68 build/obj/tm.o
 .debug_frame   0x00001610       0xb8 build/obj/rtc.o
 .debug_frame   0x000016c8      0x120 build/obj/stm32_dma.o
 .debug_frame   0x000017e8       0x4c build/obj/hal_lld.o
 .debug_frame   0x00001834       0xa8 build/obj/adc_lld.o
 .debug_frame   0x000018dc      0x1a4 build/obj/ext_lld.o
 .debug_frame   0x00001a80      0x1f8 build/obj/i2c_lld.o
 .debug_frame   0x00001c78       0xc4 build/obj/pwm_lld.o
 .debug_frame   0x00001d3c       0x38 build/obj/pal_lld.o
 .debug_frame   0x00001d74       0xac build/obj/rtc_lld.o
 .debug_frame   0x00001e20       0x3c build/obj/board.o
 .debug_frame   0x00001e5c       0x64 build/obj/evtimer.o
 .debug_frame   0x00001ec0       0xac build/obj/syscalls.o
 .debug_frame   0x00001f6c      0x138 build/obj/shell.o
 .debug_frame   0x000020a4       0x4c build/obj/chprintf.o
 .debug_frame   0x000020f0      0x288 build/obj/stm32f10x_flash.o
 .debug_frame   0x00002378       0x74 build/obj/misc.o
 .debug_frame   0x000023ec       0x5c build/obj/conf_ctrl.o
 .debug_frame   0x00002448      0x46c build/obj/amx.o
 .debug_frame   0x000028b4      0x268 build/obj/amxcore.o
 .debug_frame   0x00002b1c      0x180 build/obj/pawn_ctrl.o
 .debug_frame   0x00002c9c       0x2c build/obj/main.o
 .debug_frame   0x00002cc8       0x30 /home/z80/programs/code-sourcery/2011.03-42/bin/../lib/gcc/arm-none-eabi/4.5.2/../../../../arm-none-eabi/lib/thumb2/libc.a(lib_a-malloc.o)
 .debug_frame   0x00002cf8       0x3c /home/z80/programs/code-sourcery/2011.03-42/bin/../lib/gcc/arm-none-eabi/4.5.2/../../../../arm-none-eabi/lib/thumb2/libc.a(lib_a-mallocr.o)
 .debug_frame   0x00002d34       0x2c /home/z80/programs/code-sourcery/2011.03-42/bin/../lib/gcc/arm-none-eabi/4.5.2/../../../../arm-none-eabi/lib/thumb2/libc.a(lib_a-memcmp.o)
 .debug_frame   0x00002d60       0x30 /home/z80/programs/code-sourcery/2011.03-42/bin/../lib/gcc/arm-none-eabi/4.5.2/../../../../arm-none-eabi/lib/thumb2/libc.a(lib_a-memcpy.o)
 .debug_frame   0x00002d90       0x2c /home/z80/programs/code-sourcery/2011.03-42/bin/../lib/gcc/arm-none-eabi/4.5.2/../../../../arm-none-eabi/lib/thumb2/libc.a(lib_a-memset.o)
 .debug_frame   0x00002dbc       0x30 /home/z80/programs/code-sourcery/2011.03-42/bin/../lib/gcc/arm-none-eabi/4.5.2/../../../../arm-none-eabi/lib/thumb2/libc.a(lib_a-mlock.o)
 .debug_frame   0x00002dec       0x2c /home/z80/programs/code-sourcery/2011.03-42/bin/../lib/gcc/arm-none-eabi/4.5.2/../../../../arm-none-eabi/lib/thumb2/libc.a(lib_a-strcasecmp.o)
 .debug_frame   0x00002e18       0x30 /home/z80/programs/code-sourcery/2011.03-42/bin/../lib/gcc/arm-none-eabi/4.5.2/../../../../arm-none-eabi/lib/thumb2/libc.a(lib_a-strcmp.o)
 .debug_frame   0x00002e48       0x20 /home/z80/programs/code-sourcery/2011.03-42/bin/../lib/gcc/arm-none-eabi/4.5.2/../../../../arm-none-eabi/lib/thumb2/libc.a(lib_a-strcpy.o)
 .debug_frame   0x00002e68       0x20 /home/z80/programs/code-sourcery/2011.03-42/bin/../lib/gcc/arm-none-eabi/4.5.2/../../../../arm-none-eabi/lib/thumb2/libc.a(lib_a-strlen.o)
 .debug_frame   0x00002e88       0x2c /home/z80/programs/code-sourcery/2011.03-42/bin/../lib/gcc/arm-none-eabi/4.5.2/../../../../arm-none-eabi/lib/thumb2/libc.a(lib_a-strpbrk.o)
 .debug_frame   0x00002eb4       0x2c /home/z80/programs/code-sourcery/2011.03-42/bin/../lib/gcc/arm-none-eabi/4.5.2/../../../../arm-none-eabi/lib/thumb2/libc.a(lib_a-strspn.o)
 .debug_frame   0x00002ee0       0x2c /home/z80/programs/code-sourcery/2011.03-42/bin/../lib/gcc/arm-none-eabi/4.5.2/../../../../arm-none-eabi/lib/thumb2/libc.a(lib_a-time.o)
 .debug_frame   0x00002f0c       0x20 /home/z80/programs/code-sourcery/2011.03-42/bin/../lib/gcc/arm-none-eabi/4.5.2/../../../../arm-none-eabi/lib/thumb2/libc.a(lib_a-wcslen.o)
 .debug_frame   0x00002f2c       0x50 /home/z80/programs/code-sourcery/2011.03-42/bin/../lib/gcc/arm-none-eabi/4.5.2/../../../../arm-none-eabi/lib/thumb2/libc.a(lib_a-freer.o)
 .debug_frame   0x00002f7c       0x2c /home/z80/programs/code-sourcery/2011.03-42/bin/../lib/gcc/arm-none-eabi/4.5.2/../../../../arm-none-eabi/lib/thumb2/libc.a(lib_a-gettimeofdayr.o)
 .debug_frame   0x00002fa8       0x68 /home/z80/programs/code-sourcery/2011.03-42/bin/../lib/gcc/arm-none-eabi/4.5.2/../../../../arm-none-eabi/lib/thumb2/libc.a(lib_a-reent.o)

Cross Reference Table

Symbol                                            File
ADCD1                                             build/obj/adc_lld.o
BusFaultVector                                    build/obj/vectors.o
DebugMonitorVector                                build/obj/vectors.o
EXTD1                                             build/obj/ext_lld.o
FLASH_ClearFlag                                   build/obj/stm32f10x_flash.o
FLASH_EnableWriteProtection                       build/obj/stm32f10x_flash.o
FLASH_EraseAllBank1Pages                          build/obj/stm32f10x_flash.o
FLASH_EraseAllPages                               build/obj/stm32f10x_flash.o
FLASH_EraseOptionBytes                            build/obj/stm32f10x_flash.o
FLASH_ErasePage                                   build/obj/stm32f10x_flash.o
                                                  build/obj/pawn_ctrl.o
                                                  build/obj/conf_ctrl.o
FLASH_GetBank1Status                              build/obj/stm32f10x_flash.o
FLASH_GetFlagStatus                               build/obj/stm32f10x_flash.o
FLASH_GetPrefetchBufferStatus                     build/obj/stm32f10x_flash.o
FLASH_GetReadOutProtectionStatus                  build/obj/stm32f10x_flash.o
FLASH_GetStatus                                   build/obj/stm32f10x_flash.o
FLASH_GetUserOptionByte                           build/obj/stm32f10x_flash.o
FLASH_GetWriteProtectionOptionByte                build/obj/stm32f10x_flash.o
FLASH_HalfCycleAccessCmd                          build/obj/stm32f10x_flash.o
FLASH_ITConfig                                    build/obj/stm32f10x_flash.o
FLASH_Lock                                        build/obj/stm32f10x_flash.o
                                                  build/obj/pawn_ctrl.o
                                                  build/obj/conf_ctrl.o
FLASH_LockBank1                                   build/obj/stm32f10x_flash.o
FLASH_PrefetchBufferCmd                           build/obj/stm32f10x_flash.o
FLASH_ProgramHalfWord                             build/obj/stm32f10x_flash.o
FLASH_ProgramOptionByteData                       build/obj/stm32f10x_flash.o
FLASH_ProgramWord                                 build/obj/stm32f10x_flash.o
                                                  build/obj/pawn_ctrl.o
                                                  build/obj/conf_ctrl.o
FLASH_ReadOutProtection                           build/obj/stm32f10x_flash.o
FLASH_SetLatency                                  build/obj/stm32f10x_flash.o
FLASH_Unlock                                      build/obj/stm32f10x_flash.o
                                                  build/obj/pawn_ctrl.o
                                                  build/obj/conf_ctrl.o
FLASH_UnlockBank1                                 build/obj/stm32f10x_flash.o
FLASH_UserOptionByteConfig                        build/obj/stm32f10x_flash.o
FLASH_WaitForLastBank1Operation                   build/obj/stm32f10x_flash.o
FLASH_WaitForLastOperation                        build/obj/stm32f10x_flash.o
HardFaultVector                                   build/obj/vectors.o
I2CD1                                             build/obj/i2c_lld.o
I2CD2                                             build/obj/i2c_lld.o
MemManageVector                                   build/obj/vectors.o
NMIVector                                         build/obj/vectors.o
NVIC_Init                                         build/obj/misc.o
NVIC_PriorityGroupConfig                          build/obj/misc.o
NVIC_SetVectorTable                               build/obj/misc.o
                                                  build/obj/main.o
NVIC_SystemLPConfig                               build/obj/misc.o
PWMD1                                             build/obj/pwm_lld.o
PendSVVector                                      build/obj/vectors.o
RTCAlarm_IRQHandler                               build/obj/ext_lld.o
RTCD1                                             build/obj/rtc_lld.o
ResetHandler                                      build/obj/crt0.o
                                                  build/obj/vectors.o
SVCallVector                                      build/obj/chcore_v7m.o
                                                  build/obj/vectors.o
SysTickVector                                     build/obj/chcore_v7m.o
                                                  build/obj/vectors.o
SysTick_CLKSourceConfig                           build/obj/misc.o
UsageFaultVector                                  build/obj/vectors.o
Vector1C                                          build/obj/vectors.o
Vector20                                          build/obj/vectors.o
Vector24                                          build/obj/vectors.o
Vector28                                          build/obj/vectors.o
Vector34                                          build/obj/vectors.o
Vector40                                          build/obj/vectors.o
Vector44                                          build/obj/ext_lld.o
                                                  build/obj/vectors.o
Vector48                                          build/obj/vectors.o
Vector4C                                          build/obj/rtc_lld.o
                                                  build/obj/vectors.o
Vector50                                          build/obj/vectors.o
Vector54                                          build/obj/vectors.o
Vector58                                          build/obj/ext_lld.o
                                                  build/obj/vectors.o
Vector5C                                          build/obj/ext_lld.o
                                                  build/obj/vectors.o
Vector60                                          build/obj/ext_lld.o
                                                  build/obj/vectors.o
Vector64                                          build/obj/ext_lld.o
                                                  build/obj/vectors.o
Vector68                                          build/obj/ext_lld.o
                                                  build/obj/vectors.o
Vector6C                                          build/obj/stm32_dma.o
                                                  build/obj/vectors.o
Vector70                                          build/obj/stm32_dma.o
                                                  build/obj/vectors.o
Vector74                                          build/obj/stm32_dma.o
                                                  build/obj/vectors.o
Vector78                                          build/obj/stm32_dma.o
                                                  build/obj/vectors.o
Vector7C                                          build/obj/stm32_dma.o
                                                  build/obj/vectors.o
Vector80                                          build/obj/stm32_dma.o
                                                  build/obj/vectors.o
Vector84                                          build/obj/stm32_dma.o
                                                  build/obj/vectors.o
Vector88                                          build/obj/vectors.o
Vector8C                                          build/obj/vectors.o
Vector90                                          build/obj/vectors.o
Vector94                                          build/obj/vectors.o
Vector98                                          build/obj/vectors.o
Vector9C                                          build/obj/ext_lld.o
                                                  build/obj/vectors.o
VectorA0                                          build/obj/vectors.o
VectorA4                                          build/obj/pwm_lld.o
                                                  build/obj/vectors.o
VectorA8                                          build/obj/vectors.o
VectorAC                                          build/obj/pwm_lld.o