Archive member included because of file (symbol)

/home/z80/programs/code-sourcery/2011.03-42/bin/../lib/gcc/arm-none-eabi/4.5.2/../../../../arm-none-eabi/lib/thumb2/libc.a(lib_a-init.o)
                              target/cmsis/startup_stm32f10x_md.o (__libc_init_array)

Allocating common symbols
Common symbol       size              file

SaveRState          0x2               target/usb/usb_int.o
DeviceState         0x1               target/src/main.o
HSEStartUpStatus    0x1               target/src/hw_config.o
SaveState           0x2               target/usb/usb_init.o
JumpAddress         0x4               target/src/main.o
wIstr               0x2               target/src/usb_istr.o
pProperty           0x4               target/usb/usb_init.o
MAL_Buffer          0x400             target/src/dfu_mal.o
EPindex             0x1               target/usb/usb_init.o
Jump_To_Application
                    0x4               target/src/main.o
SaveTState          0x2               target/usb/usb_int.o
DeviceStatus        0x6               target/src/main.o
Device_Info         0x1c              target/usb/usb_init.o
pUser_Standard_Requests
                    0x4               target/usb/usb_init.o
StatusInfo          0x2               target/usb/usb_core.o
pInformation        0x4               target/usb/usb_init.o
ResumeS             0x2               target/src/usb_pwr.o
pMAL_Init           0x4               target/src/dfu_mal.o
pMAL_Erase          0x4               target/src/dfu_mal.o
pMAL_Read           0x4               target/src/dfu_mal.o
wInterrupt_Mask     0x2               target/usb/usb_init.o
pMAL_Write          0x4               target/src/dfu_mal.o

Discarded input sections

 .text          0x00000000        0x0 /home/z80/programs/code-sourcery/2011.03-42/bin/../lib/gcc/arm-none-eabi/4.5.2/thumb2/crti.o
 .data          0x00000000        0x0 /home/z80/programs/code-sourcery/2011.03-42/bin/../lib/gcc/arm-none-eabi/4.5.2/thumb2/crti.o
 .bss           0x00000000        0x0 /home/z80/programs/code-sourcery/2011.03-42/bin/../lib/gcc/arm-none-eabi/4.5.2/thumb2/crti.o
 .data          0x00000000        0x4 /home/z80/programs/code-sourcery/2011.03-42/bin/../lib/gcc/arm-none-eabi/4.5.2/thumb2/crtbegin.o
 .text          0x00000000        0x0 target/cmsis/core_cm3.o
 .data          0x00000000        0x0 target/cmsis/core_cm3.o
 .bss           0x00000000        0x0 target/cmsis/core_cm3.o
 .text.__get_PSP
                0x00000000        0x8 target/cmsis/core_cm3.o
 .text.__set_PSP
                0x00000000        0x6 target/cmsis/core_cm3.o
 .text.__get_MSP
                0x00000000        0x8 target/cmsis/core_cm3.o
 .text.__get_BASEPRI
                0x00000000        0x6 target/cmsis/core_cm3.o
 .text.__set_BASEPRI
                0x00000000        0x6 target/cmsis/core_cm3.o
 .text.__get_PRIMASK
                0x00000000        0x6 target/cmsis/core_cm3.o
 .text.__set_PRIMASK
                0x00000000        0x6 target/cmsis/core_cm3.o
 .text.__get_FAULTMASK
                0x00000000        0x6 target/cmsis/core_cm3.o
 .text.__set_FAULTMASK
                0x00000000        0x6 target/cmsis/core_cm3.o
 .text.__get_CONTROL
                0x00000000        0x6 target/cmsis/core_cm3.o
 .text.__set_CONTROL
                0x00000000        0x6 target/cmsis/core_cm3.o
 .text.__REV    0x00000000        0x4 target/cmsis/core_cm3.o
 .text.__REV16  0x00000000        0x4 target/cmsis/core_cm3.o
 .text.__REVSH  0x00000000        0x4 target/cmsis/core_cm3.o
 .text.__RBIT   0x00000000        0x6 target/cmsis/core_cm3.o
 .text.__LDREXB
                0x00000000        0x8 target/cmsis/core_cm3.o
 .text.__LDREXH
                0x00000000        0x8 target/cmsis/core_cm3.o
 .text.__LDREXW
                0x00000000        0x6 target/cmsis/core_cm3.o
 .text.__STREXB
                0x00000000        0x6 target/cmsis/core_cm3.o
 .text.__STREXH
                0x00000000        0x6 target/cmsis/core_cm3.o
 .text.__STREXW
                0x00000000        0x6 target/cmsis/core_cm3.o
 .text          0x00000000        0x0 target/periph/misc.o
 .data          0x00000000        0x0 target/periph/misc.o
 .bss           0x00000000        0x0 target/periph/misc.o
 .text.NVIC_PriorityGroupConfig
                0x00000000       0x14 target/periph/misc.o
 .text.NVIC_SetVectorTable
                0x00000000       0x14 target/periph/misc.o
 .text.NVIC_SystemLPConfig
                0x00000000       0x18 target/periph/misc.o
 .text.SysTick_CLKSourceConfig
                0x00000000       0x18 target/periph/misc.o
 .text          0x00000000        0x0 target/periph/stm32f10x_adc.o
 .data          0x00000000        0x0 target/periph/stm32f10x_adc.o
 .bss           0x00000000        0x0 target/periph/stm32f10x_adc.o
 .text.ADC_DeInit
                0x00000000       0x5c target/periph/stm32f10x_adc.o
 .text.ADC_Init
                0x00000000       0x4c target/periph/stm32f10x_adc.o
 .text.ADC_StructInit
[...]
Memory Configuration

Name             Origin             Length             Attributes
FLASH            0x08000000         0x00020000         xr
RAM              0x20000000         0x00005000         xrw
MEMORY_B1        0x60000000         0x00000000         xr
*default*        0x00000000         0xffffffff

Linker script and memory map

LOAD /home/z80/programs/code-sourcery/2011.03-42/bin/../lib/gcc/arm-none-eabi/4.5.2/thumb2/crti.o
LOAD /home/z80/programs/code-sourcery/2011.03-42/bin/../lib/gcc/arm-none-eabi/4.5.2/thumb2/crtbegin.o
LOAD target/cmsis/core_cm3.o
LOAD target/periph/misc.o
LOAD target/periph/stm32f10x_adc.o
LOAD target/periph/stm32f10x_bkp.o
LOAD target/periph/stm32f10x_can.o
LOAD target/periph/stm32f10x_cec.o
LOAD target/periph/stm32f10x_crc.o
LOAD target/periph/stm32f10x_dac.o
LOAD target/periph/stm32f10x_dbgmcu.o
LOAD target/periph/stm32f10x_dma.o
LOAD target/periph/stm32f10x_exti.o
LOAD target/periph/stm32f10x_flash.o
LOAD target/periph/stm32f10x_fsmc.o
LOAD target/periph/stm32f10x_gpio.o
LOAD target/periph/stm32f10x_i2c.o
LOAD target/periph/stm32f10x_iwdg.o
LOAD target/periph/stm32f10x_pwr.o
LOAD target/periph/stm32f10x_rcc.o
LOAD target/periph/stm32f10x_rtc.o
LOAD target/periph/stm32f10x_sdio.o
LOAD target/periph/stm32f10x_spi.o
LOAD target/periph/stm32f10x_tim.o
LOAD target/periph/stm32f10x_usart.o
LOAD target/periph/stm32f10x_wwdg.o
LOAD target/src/dfu_mal.o
LOAD target/src/flash_if.o
LOAD target/src/hw_config.o
LOAD target/src/main.o
LOAD target/src/stm32f10x_it.o
LOAD target/src/system_stm32f10x.o
LOAD target/src/usb_desc.o
LOAD target/src/usb_istr.o
LOAD target/src/usb_prop.o
LOAD target/src/usb_pwr.o
LOAD target/usb/usb_core.o
LOAD target/usb/usb_init.o
LOAD target/usb/usb_int.o
LOAD target/usb/usb_mem.o
LOAD target/usb/usb_regs.o
LOAD target/usb/usb_sil.o
LOAD target/cmsis/startup_stm32f10x_md.o
LOAD /home/z80/programs/code-sourcery/2011.03-42/bin/../lib/gcc/arm-none-eabi/4.5.2/../../../../arm-none-eabi/lib/thumb2/libm.a
                0x00001000                malloc_getpagesize_P = 0x1000
START GROUP
LOAD /home/z80/programs/code-sourcery/2011.03-42/bin/../lib/gcc/arm-none-eabi/4.5.2/thumb2/libgcc.a
LOAD /home/z80/programs/code-sourcery/2011.03-42/bin/../lib/gcc/arm-none-eabi/4.5.2/../../../../arm-none-eabi/lib/thumb2/libc.a
END GROUP
LOAD /home/z80/programs/code-sourcery/2011.03-42/bin/../lib/gcc/arm-none-eabi/4.5.2/thumb2/crtend.o
LOAD /home/z80/programs/code-sourcery/2011.03-42/bin/../lib/gcc/arm-none-eabi/4.5.2/thumb2/crtn.o
                0x20002800                _estack = 0x20002800
                0x00000000                _Min_Heap_Size = 0x0
                0x00000080                _Min_Stack_Size = 0x80

.isr_vector     0x08000000      0x10c
                0x08000000                . = ALIGN (0x4)
 *(.isr_vector)
 .isr_vector    0x08000000      0x10c target/cmsis/startup_stm32f10x_md.o
                0x08000000                g_pfnVectors
                0x0800010c                . = ALIGN (0x4)

.text           0x0800010c     0x1b10
                0x0800010c                . = ALIGN (0x4)
 *(.text)
 .text          0x0800010c       0x30 /home/z80/programs/code-sourcery/2011.03-42/bin/../lib/gcc/arm-none-eabi/4.5.2/thumb2/crtbegin.o
 .text          0x0800013c       0x50 /home/z80/programs/code-sourcery/2011.03-42/bin/../lib/gcc/arm-none-eabi/4.5.2/../../../../arm-none-eabi/lib/thumb2/libc.a(lib_a-init.o)
                0x0800013c                __libc_init_array
 *(.text*)
 .text.__set_MSP
                0x0800018c        0x6 target/cmsis/core_cm3.o
                0x0800018c                __set_MSP
 *fill*         0x08000192        0x2 00
 .text.NVIC_Init
                0x08000194       0x60 target/periph/misc.o
                0x08000194                NVIC_Init
 .text.FLASH_Unlock
                0x080001f4       0x18 target/periph/stm32f10x_flash.o
                0x080001f4                FLASH_Unlock
 .text.FLASH_GetBank1Status
                0x0800020c       0x30 target/periph/stm32f10x_flash.o
                0x0800020c                FLASH_GetBank1Status
 .text.FLASH_WaitForLastOperation
                0x0800023c       0x24 target/periph/stm32f10x_flash.o
                0x0800023c                FLASH_WaitForLastOperation
 .text.FLASH_ProgramWord
                0x08000260       0x54 target/periph/stm32f10x_flash.o
                0x08000260                FLASH_ProgramWord
 .text.FLASH_ErasePage
                0x080002b4       0x40 target/periph/stm32f10x_flash.o
                0x080002b4                FLASH_ErasePage
 .text.GPIO_Init
                0x080002f4       0x9e target/periph/stm32f10x_gpio.o
                0x080002f4                GPIO_Init
 .text.GPIO_ReadInputDataBit
                0x08000392        0xc target/periph/stm32f10x_gpio.o
                0x08000392                GPIO_ReadInputDataBit
 .text.GPIO_SetBits
                0x0800039e        0x4 target/periph/stm32f10x_gpio.o
                0x0800039e                GPIO_SetBits
 .text.GPIO_ResetBits
                0x080003a2        0x4 target/periph/stm32f10x_gpio.o
                0x080003a2                GPIO_ResetBits
 *fill*         0x080003a6        0x2 00
 .text.RCC_USBCLKConfig
                0x080003a8        0xc target/periph/stm32f10x_rcc.o
                0x080003a8                RCC_USBCLKConfig
 .text.RCC_APB2PeriphClockCmd
                0x080003b4       0x18 target/periph/stm32f10x_rcc.o
                0x080003b4                RCC_APB2PeriphClockCmd
 .text.RCC_APB1PeriphClockCmd
                0x080003cc       0x18 target/periph/stm32f10x_rcc.o
                0x080003cc                RCC_APB1PeriphClockCmd
 .text.MAL_Init
                0x080003e4        0xa target/src/dfu_mal.o
                0x080003e4                MAL_Init
 *fill*         0x080003ee        0x2 00
 .text.MAL_Erase
                0x080003f0       0x20 target/src/dfu_mal.o
                0x080003f0                MAL_Erase
 .text.MAL_Write
                0x08000410       0x20 target/src/dfu_mal.o
                0x08000410                MAL_Write
 .text.MAL_Read
                0x08000430       0x20 target/src/dfu_mal.o
                0x08000430                MAL_Read
 .text.MAL_GetStatus
                0x08000450       0x24 target/src/dfu_mal.o
                0x08000450                MAL_GetStatus
 .text.FLASH_If_Init
                0x08000474        0x4 target/src/flash_if.o
                0x08000474                FLASH_If_Init
 .text.FLASH_If_Erase
                0x08000478        0xa target/src/flash_if.o
                0x08000478                FLASH_If_Erase
 *fill*         0x08000482        0x2 00
 .text.FLASH_If_Write
                0x08000484       0x48 target/src/flash_if.o
                0x08000484                FLASH_If_Write
 .text.FLASH_If_Read
                0x080004cc        0x2 target/src/flash_if.o
                0x080004cc                FLASH_If_Read
 .text.IntToUnicode
                0x080004ce       0x26 target/src/hw_config.o
 .text.Set_System
                0x080004f4        0xe target/src/hw_config.o
                0x080004f4                Set_System
 .text.Set_USBClock
                0x08000502       0x16 target/src/hw_config.o
                0x08000502                Set_USBClock
 .text.Enter_LowPowerMode
                0x08000518        0xc target/src/hw_config.o
                0x08000518                Enter_LowPowerMode
 .text.Leave_LowPowerMode
                0x08000524       0x1c target/src/hw_config.o
                0x08000524                Leave_LowPowerMode
 .text.USB_Cable_Config
                0x08000540       0x70 target/src/hw_config.o
                0x08000540                USB_Cable_Config
 .text.DFU_Button_Config
                0x080005b0       0x2c target/src/hw_config.o
                0x080005b0                DFU_Button_Config
 .text.DFU_Button_Read
                0x080005dc       0x1c target/src/hw_config.o
                0x080005dc                DFU_Button_Read
 .text.USB_Interrupts_Config
                0x080005f8       0x20 target/src/hw_config.o
                0x080005f8                USB_Interrupts_Config
 .text.Reset_Device
                0x08000618       0x20 target/src/hw_config.o
                0x08000618                Reset_Device
 .text.Get_SerialNum
                0x08000638       0x38 target/src/hw_config.o
                0x08000638                Get_SerialNum
 .text.main     0x08000670       0x68 target/src/main.o
                0x08000670                main
 .text.NMI_Handler
                0x080006d8        0x2 target/src/stm32f10x_it.o
                0x080006d8                NMI_Handler
 .text.HardFault_Handler
                0x080006da        0x2 target/src/stm32f10x_it.o
                0x080006da                HardFault_Handler
 .text.MemManage_Handler
                0x080006dc        0x2 target/src/stm32f10x_it.o
                0x080006dc                MemManage_Handler
 .text.BusFault_Handler
                0x080006de        0x2 target/src/stm32f10x_it.o
                0x080006de                BusFault_Handler
 .text.UsageFault_Handler
                0x080006e0        0x2 target/src/stm32f10x_it.o
                0x080006e0                UsageFault_Handler
 .text.SVC_Handler
                0x080006e2        0x2 target/src/stm32f10x_it.o
                0x080006e2                SVC_Handler
 .text.DebugMon_Handler
                0x080006e4        0x2 target/src/stm32f10x_it.o
                0x080006e4                DebugMon_Handler
 .text.PendSV_Handler
                0x080006e6        0x2 target/src/stm32f10x_it.o
                0x080006e6                PendSV_Handler
 .text.SysTick_Handler
                0x080006e8        0x2 target/src/stm32f10x_it.o
                0x080006e8                SysTick_Handler
 .text.USB_LP_CAN1_RX0_IRQHandler
                0x080006ea        0x4 target/src/stm32f10x_it.o
                0x080006ea                USB_LP_CAN1_RX0_IRQHandler
 *fill*         0x080006ee        0x2 00
 .text.SystemInit
                0x080006f0       0xfc target/src/system_stm32f10x.o
                0x080006f0                SystemInit
 .text.USB_Istr
                0x080007ec       0xe4 target/src/usb_istr.o
                0x080007ec                USB_Istr
 .text.DFU_SetConfiguration
                0x080008d0       0x18 target/src/usb_prop.o
                0x080008d0                DFU_SetConfiguration
 .text.DFU_SetDeviceAddress
                0x080008e8        0xc target/src/usb_prop.o
                0x080008e8                DFU_SetDeviceAddress
 .text.DFU_Status_In
                0x080008f4        0x2 target/src/usb_prop.o
                0x080008f4                DFU_Status_In
 *fill*         0x080008f6        0x2 00
 .text.DFU_Data_Setup
                0x080008f8       0x80 target/src/usb_prop.o
                0x080008f8                DFU_Data_Setup
 .text.DFU_NoData_Setup
                0x08000978       0xdc target/src/usb_prop.o
                0x08000978                DFU_NoData_Setup
 .text.DFU_Get_Interface_Setting
                0x08000a54       0x12 target/src/usb_prop.o
                0x08000a54                DFU_Get_Interface_Setting
 *fill*         0x08000a66        0x2 00
 .text.DNLOAD   0x08000a68       0x58 target/src/usb_prop.o
                0x08000a68                DNLOAD
 .text.GETSTATE
                0x08000ac0       0x18 target/src/usb_prop.o
                0x08000ac0                GETSTATE
 .text.GETSTATUS
                0x08000ad8       0xb0 target/src/usb_prop.o
                0x08000ad8                GETSTATUS
 .text.UPLOAD   0x08000b88       0xd0 target/src/usb_prop.o
                0x08000b88                UPLOAD
 .text.DFU_GetStringDescriptor
                0x08000c58       0x20 target/src/usb_prop.o
                0x08000c58                DFU_GetStringDescriptor
 .text.DFU_GetConfigDescriptor
                0x08000c78        0xc target/src/usb_prop.o
                0x08000c78                DFU_GetConfigDescriptor
 .text.DFU_GetDeviceDescriptor
                0x08000c84        0xc target/src/usb_prop.o
                0x08000c84                DFU_GetDeviceDescriptor
 .text.DFU_Reset
                0x08000c90       0xb0 target/src/usb_prop.o
                0x08000c90                DFU_Reset
 .text.DFU_init
                0x08000d40       0x28 target/src/usb_prop.o
                0x08000d40                DFU_init
 .text.DFU_write_crc
                0x08000d68       0x44 target/src/usb_prop.o
                0x08000d68                DFU_write_crc
 .text.DFU_Status_Out
                0x08000dac       0xcc target/src/usb_prop.o
                0x08000dac                DFU_Status_Out
 .text.PowerOn  0x08000e78       0x30 target/src/usb_pwr.o
                0x08000e78                PowerOn
 .text.Suspend  0x08000ea8       0x20 target/src/usb_pwr.o
                0x08000ea8                Suspend
 .text.Resume_Init
                0x08000ec8       0x20 target/src/usb_pwr.o
                0x08000ec8                Resume_Init
 .text.Resume   0x08000ee8       0x88 target/src/usb_pwr.o
                0x08000ee8                Resume
 .text.Standard_GetConfiguration
                0x08000f70       0x24 target/usb/usb_core.o
                0x08000f70                Standard_GetConfiguration
 .text.Standard_GetInterface
                0x08000f94       0x24 target/usb/usb_core.o
                0x08000f94                Standard_GetInterface
 .text.Standard_GetStatus
                0x08000fb8       0xa8 target/usb/usb_core.o
                0x08000fb8                Standard_GetStatus
 .text.DataStageIn
                0x08001060       0xa8 target/usb/usb_core.o
 .text.Standard_SetConfiguration
                0x08001108       0x3c target/usb/usb_core.o
                0x08001108                Standard_SetConfiguration
 .text.Standard_SetInterface
                0x08001144       0x4c target/usb/usb_core.o
                0x08001144                Standard_SetInterface
 .text.Standard_ClearFeature
                0x08001190       0xec target/usb/usb_core.o
                0x08001190                Standard_ClearFeature
 .text.Standard_SetEndPointFeature
                0x0800127c       0x9c target/usb/usb_core.o
                0x0800127c                Standard_SetEndPointFeature
 .text.Standard_SetDeviceFeature
                0x08001318       0x24 target/usb/usb_core.o
                0x08001318                Standard_SetDeviceFeature
 .text.Standard_GetDescriptorData
                0x0800133c       0x1c target/usb/usb_core.o
                0x0800133c                Standard_GetDescriptorData
 .text.Post0_Process
                0x08001358       0x44 target/usb/usb_core.o
                0x08001358                Post0_Process
 .text.Out0_Process
                0x0800139c       0xd0 target/usb/usb_core.o
                0x0800139c                Out0_Process
 .text.Setup0_Process
                0x0800146c      0x2f0 target/usb/usb_core.o
                0x0800146c                Setup0_Process
 .text.SetDeviceAddress
                0x0800175c       0x48 target/usb/usb_core.o
                0x0800175c                SetDeviceAddress
 .text.In0_Process
                0x080017a4       0x5c target/usb/usb_core.o
                0x080017a4                In0_Process
 .text.NOP_Process
                0x08001800        0x2 target/usb/usb_core.o
                0x08001800                NOP_Process
 *fill*         0x08001802        0x2 00
 .text.USB_Init
                0x08001804       0x38 target/usb/usb_init.o
                0x08001804                USB_Init
 .text.CTR_LP   0x0800183c      0x18c target/usb/usb_int.o
                0x0800183c                CTR_LP
 .text.UserToPMABufferCopy
                0x080019c8       0x2e target/usb/usb_mem.o
                0x080019c8                UserToPMABufferCopy
 .text.PMAToUserBufferCopy
                0x080019f6       0x20 target/usb/usb_mem.o
                0x080019f6                PMAToUserBufferCopy
 .text.SetEPTxStatus
                0x08001a16       0x38 target/usb/usb_regs.o
                0x08001a16                SetEPTxStatus
 .text.SetEPRxValid
                0x08001a4e       0x24 target/usb/usb_regs.o
                0x08001a4e                SetEPRxValid
 .text.Clear_Status_Out
                0x08001a72       0x20 target/usb/usb_regs.o
                0x08001a72                Clear_Status_Out
 .text.ClearDTOG_RX
                0x08001a92       0x28 target/usb/usb_regs.o
                0x08001a92                ClearDTOG_RX
 .text.ClearDTOG_TX
                0x08001aba       0x28 target/usb/usb_regs.o
                0x08001aba                ClearDTOG_TX
 *fill*         0x08001ae2        0x2 00
 .text.GetEPTxAddr
                0x08001ae4       0x1c target/usb/usb_regs.o
                0x08001ae4                GetEPTxAddr
 .text.GetEPRxAddr
                0x08001b00       0x1c target/usb/usb_regs.o
                0x08001b00                GetEPRxAddr
 .text.SetEPTxCount
                0x08001b1c       0x1c target/usb/usb_regs.o
                0x08001b1c                SetEPTxCount
 .text.SetEPRxCount
                0x08001b38       0x40 target/usb/usb_regs.o
                0x08001b38                SetEPRxCount
 .text.ByteSwap
                0x08001b78        0xa target/usb/usb_regs.o
                0x08001b78                ByteSwap
 *fill*         0x08001b82        0x2 00
 .text.USB_SIL_Init
                0x08001b84       0x20 target/usb/usb_sil.o
                0x08001b84                USB_SIL_Init
 .text.Reset_Handler
                0x08001ba4       0x48 target/cmsis/startup_stm32f10x_md.o
                0x08001ba4                Reset_Handler
 .text.Default_Handler
                0x08001bec        0x2 target/cmsis/startup_stm32f10x_md.o
                0x08001bec                EXTI2_IRQHandler
                0x08001bec                TIM1_CC_IRQHandler
                0x08001bec                PVD_IRQHandler
                0x08001bec                EXTI3_IRQHandler
                0x08001bec                EXTI0_IRQHandler
                0x08001bec                I2C2_EV_IRQHandler
                0x08001bec                ADC1_2_IRQHandler
                0x08001bec                SPI1_IRQHandler
                0x08001bec                TAMPER_IRQHandler
                0x08001bec                DMA1_Channel4_IRQHandler
                0x08001bec                USART3_IRQHandler
                0x08001bec                RTC_IRQHandler
                0x08001bec                DMA1_Channel7_IRQHandler
                0x08001bec                CAN1_RX1_IRQHandler
                0x08001bec                TIM4_IRQHandler
                0x08001bec                I2C1_EV_IRQHandler
                0x08001bec                DMA1_Channel6_IRQHandler
                0x08001bec                TIM3_IRQHandler
                0x08001bec                RCC_IRQHandler
                0x08001bec                TIM1_TRG_COM_IRQHandler
                0x08001bec                DMA1_Channel1_IRQHandler
                0x08001bec                Default_Handler
                0x08001bec                EXTI15_10_IRQHandler
                0x08001bec                EXTI9_5_IRQHandler
                0x08001bec                SPI2_IRQHandler
                0x08001bec                DMA1_Channel5_IRQHandler
                0x08001bec                EXTI4_IRQHandler
                0x08001bec                USB_HP_CAN1_TX_IRQHandler
                0x08001bec                DMA1_Channel3_IRQHandler
                0x08001bec                TIM1_UP_IRQHandler
                0x08001bec                WWDG_IRQHandler
                0x08001bec                TIM2_IRQHandler
                0x08001bec                TIM1_BRK_IRQHandler
                0x08001bec                EXTI1_IRQHandler
                0x08001bec                RTCAlarm_IRQHandler
                0x08001bec                USART2_IRQHandler
                0x08001bec                I2C2_ER_IRQHandler
                0x08001bec                DMA1_Channel2_IRQHandler
                0x08001bec                CAN1_SCE_IRQHandler
                0x08001bec                FLASH_IRQHandler
                0x08001bec                USART1_IRQHandler
                0x08001bec                I2C1_ER_IRQHandler
                0x08001bec                USBWakeUp_IRQHandler
 *(.rodata)
 *(.rodata*)
 .rodata.TimingTable
                0x08001bee       0x14 target/src/dfu_mal.o
 *(.glue_7)
 .glue_7        0x00000000        0x0 linker stubs
 *(.glue_7t)
 .glue_7t       0x00000000        0x0 linker stubs
 *(.init)
 *fill*         0x08001c02        0x2 00
 .init          0x08001c04        0x4 /home/z80/programs/code-sourcery/2011.03-42/bin/../lib/gcc/arm-none-eabi/4.5.2/thumb2/crti.o
                0x08001c04                _init
 .init          0x08001c08        0x8 /home/z80/programs/code-sourcery/2011.03-42/bin/../lib/gcc/arm-none-eabi/4.5.2/thumb2/crtn.o
 *(.fini)
 .fini          0x08001c10        0x4 /home/z80/programs/code-sourcery/2011.03-42/bin/../lib/gcc/arm-none-eabi/4.5.2/thumb2/crti.o
                0x08001c10                _fini
 .fini          0x08001c14        0x8 /home/z80/programs/code-sourcery/2011.03-42/bin/../lib/gcc/arm-none-eabi/4.5.2/thumb2/crtn.o
                0x08001c1c                . = ALIGN (0x4)
                0x08001c1c                _etext = .

.vfp11_veneer   0x08001c1c        0x0
 .vfp11_veneer  0x00000000        0x0 linker stubs

.v4_bx          0x08001c1c        0x0
 .v4_bx         0x00000000        0x0 linker stubs

.ARM.extab
 *(.ARM.extab* .gnu.linkonce.armextab.*)

.ARM            0x08001c1c        0x0
                0x08001c1c                __exidx_start = .
 *(.ARM.exidx*)
                0x08001c1c                __exidx_end = .

.ARM.attributes
                0x08001c1c       0x25
 *(.ARM.attributes)
 .ARM.attributes
                0x08001c1c       0x19 /home/z80/programs/code-sourcery/2011.03-42/bin/../lib/gcc/arm-none-eabi/4.5.2/thumb2/crti.o
 .ARM.attributes
                0x08001c35       0x29 /home/z80/programs/code-sourcery/2011.03-42/bin/../lib/gcc/arm-none-eabi/4.5.2/thumb2/crtbegin.o
 .ARM.attributes
                0x08001c5e       0x31 target/cmsis/core_cm3.o
 .ARM.attributes
                0x08001c8f       0x31 target/periph/misc.o
 .ARM.attributes
                0x08001cc0       0x31 target/periph/stm32f10x_adc.o
 .ARM.attributes
                0x08001cf1       0x31 target/periph/stm32f10x_bkp.o
 .ARM.attributes
                0x08001d22       0x31 target/periph/stm32f10x_can.o
 .ARM.attributes
                0x08001d53       0x31 target/periph/stm32f10x_cec.o
 .ARM.attributes
                0x08001d84       0x31 target/periph/stm32f10x_crc.o
 .ARM.attributes
                0x08001db5       0x31 target/periph/stm32f10x_dac.o
 .ARM.attributes
                0x08001de6       0x31 target/periph/stm32f10x_dbgmcu.o
 .ARM.attributes
                0x08001e17       0x31 target/periph/stm32f10x_dma.o
 .ARM.attributes
                0x08001e48       0x31 target/periph/stm32f10x_exti.o
 .ARM.attributes
                0x08001e79       0x31 target/periph/stm32f10x_flash.o
 .ARM.attributes
                0x08001eaa       0x31 target/periph/stm32f10x_fsmc.o
 .ARM.attributes
                0x08001edb       0x31 target/periph/stm32f10x_gpio.o
 .ARM.attributes
                0x08001f0c       0x31 target/periph/stm32f10x_i2c.o
 .ARM.attributes
                0x08001f3d       0x31 target/periph/stm32f10x_iwdg.o
 .ARM.attributes
                0x08001f6e       0x31 target/periph/stm32f10x_pwr.o
 .ARM.attributes
                0x08001f9f       0x31 target/periph/stm32f10x_rcc.o
 .ARM.attributes
                0x08001fd0       0x31 target/periph/stm32f10x_rtc.o
 .ARM.attributes
                0x08002001       0x31 target/periph/stm32f10x_sdio.o
 .ARM.attributes
                0x08002032       0x31 target/periph/stm32f10x_spi.o
 .ARM.attributes
                0x08002063       0x31 target/periph/stm32f10x_tim.o
 .ARM.attributes
                0x08002094       0x31 target/periph/stm32f10x_usart.o
 .ARM.attributes
                0x080020c5       0x31 target/periph/stm32f10x_wwdg.o
 .ARM.attributes
                0x080020f6       0x31 target/src/dfu_mal.o
 .ARM.attributes
                0x08002127       0x31 target/src/flash_if.o
 .ARM.attributes
                0x08002158       0x31 target/src/hw_config.o
 .ARM.attributes
                0x08002189       0x31 target/src/main.o
 .ARM.attributes
                0x080021ba       0x31 target/src/stm32f10x_it.o
 .ARM.attributes
                0x080021eb       0x31 target/src/system_stm32f10x.o
 .ARM.attributes
                0x0800221c       0x31 target/src/usb_desc.o
 .ARM.attributes
                0x0800224d       0x31 target/src/usb_istr.o
 .ARM.attributes
                0x0800227e       0x31 target/src/usb_prop.o
 .ARM.attributes
                0x080022af       0x31 target/src/usb_pwr.o
 .ARM.attributes
                0x080022e0       0x31 target/usb/usb_core.o
 .ARM.attributes
                0x08002311       0x31 target/usb/usb_init.o
 .ARM.attributes
                0x08002342       0x31 target/usb/usb_int.o
 .ARM.attributes
                0x08002373       0x31 target/usb/usb_mem.o
 .ARM.attributes
                0x080023a4       0x31 target/usb/usb_regs.o
 .ARM.attributes
                0x080023d5       0x31 target/usb/usb_sil.o
 .ARM.attributes
                0x08002406       0x21 target/cmsis/startup_stm32f10x_md.o
 .ARM.attributes
                0x08002427       0x29 /home/z80/programs/code-sourcery/2011.03-42/bin/../lib/gcc/arm-none-eabi/4.5.2/../../../../arm-none-eabi/lib/thumb2/libc.a(lib_a-init.o)
 .ARM.attributes
                0x08002450       0x29 /home/z80/programs/code-sourcery/2011.03-42/bin/../lib/gcc/arm-none-eabi/4.5.2/thumb2/crtend.o
 .ARM.attributes
                0x08002479       0x19 /home/z80/programs/code-sourcery/2011.03-42/bin/../lib/gcc/arm-none-eabi/4.5.2/thumb2/crtn.o

.preinit_array  0x08002492        0x0
                0x08002492                PROVIDE (__preinit_array_start, .)
 *(.preinit_array*)
                0x08002492                PROVIDE (__preinit_array_end, .)

.init_array     0x08002494        0x4
                0x08002494                PROVIDE (__init_array_start, .)
 *(SORT(.init_array.*))
 *(.init_array*)
 .init_array    0x08002494        0x4 /home/z80/programs/code-sourcery/2011.03-42/bin/../lib/gcc/arm-none-eabi/4.5.2/thumb2/crtbegin.o
                0x08002498                PROVIDE (__init_array_end, .)

.fini_array     0x08002498        0x4
                0x08002498                PROVIDE (__fini_array_start, .)
 *(.fini_array*)
 .fini_array    0x08002498        0x4 /home/z80/programs/code-sourcery/2011.03-42/bin/../lib/gcc/arm-none-eabi/4.5.2/thumb2/crtbegin.o
 *(SORT(.fini_array.*))
                0x0800249c                PROVIDE (__fini_array_end, .)
                0x0800249c                _sidata = .

.data           0x20000000      0x224 load address 0x0800249c
                0x20000000                . = ALIGN (0x4)
                0x20000000                _sdata = .
 *(.data)
 *(.data*)
 .data.DFU_StringInterface0
                0x20000000       0x60 target/src/usb_desc.o
                0x20000000                DFU_StringInterface0
 .data.DFU_StringInterface1
                0x20000060       0x62 target/src/usb_desc.o
                0x20000060                DFU_StringInterface1
 .data.DFU_ConfigDescriptor
                0x200000c2       0x24 target/src/usb_desc.o
                0x200000c2                DFU_ConfigDescriptor
 .data.DFU_StringVendor
                0x200000e6       0x26 target/src/usb_desc.o
                0x200000e6                DFU_StringVendor
 .data.DFU_DeviceDescriptor
                0x2000010c       0x12 target/src/usb_desc.o
                0x2000010c                DFU_DeviceDescriptor
 .data.DFU_StringProduct
                0x2000011e       0x14 target/src/usb_desc.o
                0x2000011e                DFU_StringProduct
 .data.DFU_StringSerial
                0x20000132       0x1a target/src/usb_desc.o
                0x20000132                DFU_StringSerial
 .data.DFU_StringLangId
                0x2000014c        0x4 target/src/usb_desc.o
                0x2000014c                DFU_StringLangId
 .data.pEpInt_IN
                0x20000150       0x1c target/src/usb_istr.o
                0x20000150                pEpInt_IN
 .data.pEpInt_OUT
                0x2000016c       0x1c target/src/usb_istr.o
                0x2000016c                pEpInt_OUT
 .data.Config_Descriptor
                0x20000188        0x8 target/src/usb_prop.o
                0x20000188                Config_Descriptor
 .data.Device_Property
                0x20000190       0x30 target/src/usb_prop.o
                0x20000190                Device_Property
 .data.DFU_String_Descriptor
                0x200001c0       0x30 target/src/usb_prop.o
                0x200001c0                DFU_String_Descriptor
 .data.Pointer  0x200001f0        0x4 target/src/usb_prop.o
                0x200001f0                Pointer
 .data.User_Standard_Requests
                0x200001f4       0x24 target/src/usb_prop.o
                0x200001f4                User_Standard_Requests
 .data.Device_Descriptor
                0x20000218        0x8 target/src/usb_prop.o
                0x20000218                Device_Descriptor
 .data.Device_Table
                0x20000220        0x2 target/src/usb_prop.o
                0x20000220                Device_Table
 .data.fSuspendEnabled
                0x20000222        0x1 target/src/usb_pwr.o
                0x20000222                fSuspendEnabled
                0x20000224                . = ALIGN (0x4)
 *fill*         0x20000223        0x1 00
                0x20000224                _edata = .

.jcr            0x20000224        0x0 load address 0x080026c0
 .jcr           0x20000224        0x0 /home/z80/programs/code-sourcery/2011.03-42/bin/../lib/gcc/arm-none-eabi/4.5.2/thumb2/crtbegin.o
                0x20000224                . = ALIGN (0x4)

.bss            0x20000224      0x478 load address 0x080026c0
                0x20000224                _sbss = .
                0x20000224                __bss_start__ = _sbss
 *(.bss)
 .bss           0x20000224        0x1 /home/z80/programs/code-sourcery/2011.03-42/bin/../lib/gcc/arm-none-eabi/4.5.2/thumb2/crtbegin.o
 *(.bss*)
 .bss.bIntPackSOF
                0x20000225        0x1 target/src/usb_istr.o
                0x20000225                bIntPackSOF
 *fill*         0x20000226        0x2 00
 .bss.wlength   0x20000228        0x4 target/src/usb_prop.o
                0x20000228                wlength
 .bss.wBlockNum
                0x2000022c        0x4 target/src/usb_prop.o
                0x2000022c                wBlockNum
 .bss.Manifest_State
                0x20000230        0x4 target/src/usb_prop.o
                0x20000230                Manifest_State
 .bss.bDeviceState
                0x20000234        0x4 target/src/usb_pwr.o
                0x20000234                bDeviceState
 .bss.Data_Mul_MaxPacketSize
                0x20000238        0x1 target/usb/usb_core.o
                0x20000238                Data_Mul_MaxPacketSize
 *(COMMON)
 *fill*         0x20000239        0x3 00
 COMMON         0x2000023c      0x410 target/src/dfu_mal.o
                0x2000023c                MAL_Buffer
                0x2000063c                pMAL_Init
                0x20000640                pMAL_Erase
                0x20000644                pMAL_Read
                0x20000648                pMAL_Write
 COMMON         0x2000064c       0x12 target/src/main.o
                0x2000064c                DeviceState
                0x20000650                JumpAddress
                0x20000654                Jump_To_Application
                0x20000658                DeviceStatus
 COMMON         0x2000065e        0x2 target/src/usb_istr.o
                0x2000065e                wIstr
 COMMON         0x20000660        0x2 target/src/usb_pwr.o
                0x20000660                ResumeS
 COMMON         0x20000662        0x2 target/usb/usb_core.o
                0x20000662                StatusInfo
 COMMON         0x20000664       0x32 target/usb/usb_init.o
                0x20000664                SaveState
                0x20000668                pProperty
                0x2000066c                EPindex
                0x20000670                Device_Info
                0x2000068c                pUser_Standard_Requests
                0x20000690                pInformation
                0x20000694                wInterrupt_Mask
 COMMON         0x20000696        0x4 target/usb/usb_int.o
                0x20000696                SaveRState
                0x20000698                SaveTState
                0x2000069c                . = ALIGN (0x4)
 *fill*         0x2000069a        0x2 00
                0x2000069c                _ebss = .
                0x2000069c                __bss_end__ = _ebss
                0x2000069c                PROVIDE (end, _ebss)
                0x2000069c                PROVIDE (_end, _ebss)

._user_heap_stack
                0x2000069c       0x80 load address 0x08002b38
                0x2000069c                . = ALIGN (0x4)
                0x2000069c                . = (. + _Min_Heap_Size)
                0x2000071c                . = (. + _Min_Stack_Size)
 *fill*         0x2000069c       0x80 00
                0x2000071c                . = ALIGN (0x4)

.memory_b1_text
 *(.mb1text)
 *(.mb1text*)
 *(.mb1rodata)
 *(.mb1rodata*)

/DISCARD/
 libc.a(*)
 libm.a(*)
 libgcc.a(*)
OUTPUT(target/target.elf elf32-littlearm)

.debug_abbrev   0x00000000     0x3a87
 .debug_abbrev  0x00000000       0xb6 target/cmsis/core_cm3.o
 .debug_abbrev  0x000000b6      0x15d target/periph/misc.o
 .debug_abbrev  0x00000213      0x1d1 target/periph/stm32f10x_adc.o
 .debug_abbrev  0x000003e4      0x17e target/periph/stm32f10x_bkp.o
 .debug_abbrev  0x00000562      0x1fc target/periph/stm32f10x_can.o
 .debug_abbrev  0x0000075e      0x1c6 target/periph/stm32f10x_cec.o
 .debug_abbrev  0x00000924      0x134 target/periph/stm32f10x_crc.o
 .debug_abbrev  0x00000a58      0x1b7 target/periph/stm32f10x_dac.o
 .debug_abbrev  0x00000c0f       0xeb target/periph/stm32f10x_dbgmcu.o
 .debug_abbrev  0x00000cfa      0x176 target/periph/stm32f10x_dma.o
 .debug_abbrev  0x00000e70      0x172 target/periph/stm32f10x_exti.o
 .debug_abbrev  0x00000fe2      0x199 target/periph/stm32f10x_flash.o
 .debug_abbrev  0x0000117b      0x1b4 target/periph/stm32f10x_fsmc.o
 .debug_abbrev  0x0000132f      0x1db target/periph/stm32f10x_gpio.o
 .debug_abbrev  0x0000150a      0x196 target/periph/stm32f10x_i2c.o
 .debug_abbrev  0x000016a0      0x10b target/periph/stm32f10x_iwdg.o
 .debug_abbrev  0x000017ab      0x1ec target/periph/stm32f10x_pwr.o
 .debug_abbrev  0x00001997      0x1d2 target/periph/stm32f10x_rcc.o
 .debug_abbrev  0x00001b69      0x19d target/periph/stm32f10x_rtc.o
 .debug_abbrev  0x00001d06      0x1fa target/periph/stm32f10x_sdio.o
 .debug_abbrev  0x00001f00      0x1b2 target/periph/stm32f10x_spi.o
 .debug_abbrev  0x000020b2      0x23a target/periph/stm32f10x_tim.o
 .debug_abbrev  0x000022ec      0x1ab target/periph/stm32f10x_usart.o
 .debug_abbrev  0x00002497      0x135 target/periph/stm32f10x_wwdg.o
 .debug_abbrev  0x000025cc      0x134 target/src/dfu_mal.o
 .debug_abbrev  0x00002700       0xf3 target/src/flash_if.o
 .debug_abbrev  0x000027f3      0x2ad target/src/hw_config.o
 .debug_abbrev  0x00002aa0       0xac target/src/main.o
 .debug_abbrev  0x00002b4c       0x59 target/src/stm32f10x_it.o
 .debug_abbrev  0x00002ba5      0x1a8 target/src/system_stm32f10x.o
 .debug_abbrev  0x00002d4d       0x83 target/src/usb_desc.o
 .debug_abbrev  0x00002dd0      0x106 target/src/usb_istr.o
 .debug_abbrev  0x00002ed6      0x21b target/src/usb_prop.o
 .debug_abbrev  0x000030f1      0x14c target/src/usb_pwr.o
 .debug_abbrev  0x0000323d      0x2fa target/usb/usb_core.o
 .debug_abbrev  0x00003537      0x11f target/usb/usb_init.o
 .debug_abbrev  0x00003656       0xde target/usb/usb_int.o
 .debug_abbrev  0x00003734       0xc2 target/usb/usb_mem.o
 .debug_abbrev  0x000037f6      0x1c6 target/usb/usb_regs.o
 .debug_abbrev  0x000039bc       0xb9 target/usb/usb_sil.o
 .debug_abbrev  0x00003a75       0x12 target/cmsis/startup_stm32f10x_md.o

.debug_info     0x00000000    0x101d8
 .debug_info    0x00000000      0x54f target/cmsis/core_cm3.o
 .debug_info    0x0000054f      0x548 target/periph/misc.o
 .debug_info    0x00000a97      0xbed target/periph/stm32f10x_adc.o
 .debug_info    0x00001684      0x872 target/periph/stm32f10x_bkp.o
 .debug_info    0x00001ef6      0xc4f target/periph/stm32f10x_can.o
 .debug_info    0x00002b45      0x439 target/periph/stm32f10x_cec.o
 .debug_info    0x00002f7e      0x200 target/periph/stm32f10x_crc.o
 .debug_info    0x0000317e      0x4db target/periph/stm32f10x_dac.o
 .debug_info    0x00003659      0x15b target/periph/stm32f10x_dbgmcu.o
 .debug_info    0x000037b4      0x499 target/periph/stm32f10x_dma.o
 .debug_info    0x00003c4d      0x35f target/periph/stm32f10x_exti.o
 .debug_info    0x00003fac      0x824 target/periph/stm32f10x_flash.o
 .debug_info    0x000047d0      0x997 target/periph/stm32f10x_fsmc.o
 .debug_info    0x00005167      0x71d target/periph/stm32f10x_gpio.o
 .debug_info    0x00005884      0xb72 target/periph/stm32f10x_i2c.o
 .debug_info    0x000063f6      0x1fd target/periph/stm32f10x_iwdg.o
 .debug_info    0x000065f3      0x45c target/periph/stm32f10x_pwr.o
 .debug_info    0x00006a4f      0x8e6 target/periph/stm32f10x_rcc.o
 .debug_info    0x00007335      0x46a target/periph/stm32f10x_rtc.o
 .debug_info    0x0000779f      0x874 target/periph/stm32f10x_sdio.o
 .debug_info    0x00008013      0x95c target/periph/stm32f10x_spi.o
 .debug_info    0x0000896f     0x1e16 target/periph/stm32f10x_tim.o
 .debug_info    0x0000a785      0xa4e target/periph/stm32f10x_usart.o
 .debug_info    0x0000b1d3      0x237 target/periph/stm32f10x_wwdg.o
 .debug_info    0x0000b40a      0x2eb target/src/dfu_mal.o
 .debug_info    0x0000b6f5      0x1aa target/src/flash_if.o
 .debug_info    0x0000b89f      0x963 target/src/hw_config.o
 .debug_info    0x0000c202      0x15f target/src/main.o
 .debug_info    0x0000c361      0x159 target/src/stm32f10x_it.o
 .debug_info    0x0000c4ba      0x4cb target/src/system_stm32f10x.o
 .debug_info    0x0000c985      0x1ae target/src/usb_desc.o
 .debug_info    0x0000cb33      0x330 target/src/usb_istr.o
 .debug_info    0x0000ce63      0xba2 target/src/usb_prop.o
 .debug_info    0x0000da05      0x2f3 target/src/usb_pwr.o
 .debug_info    0x0000dcf8      0xcfe target/usb/usb_core.o
 .debug_info    0x0000e9f6      0x4e2 target/usb/usb_init.o
 .debug_info    0x0000eed8      0x1fe target/usb/usb_int.o
 .debug_info    0x0000f0d6      0x1b5 target/usb/usb_mem.o
 .debug_info    0x0000f28b      0xd55 target/usb/usb_regs.o
 .debug_info    0x0000ffe0      0x180 target/usb/usb_sil.o
 .debug_info    0x00010160       0x78 target/cmsis/startup_stm32f10x_md.o

.debug_line     0x00000000     0x6256
 .debug_line    0x00000000      0x242 target/cmsis/core_cm3.o
 .debug_line    0x00000242      0x14c target/periph/misc.o
 .debug_line    0x0000038e      0x428 target/periph/stm32f10x_adc.o
 .debug_line    0x000007b6      0x1bf target/periph/stm32f10x_bkp.o
 .debug_line    0x00000975      0x45d target/periph/stm32f10x_can.o
 .debug_line    0x00000dd2      0x213 target/periph/stm32f10x_cec.o
 .debug_line    0x00000fe5      0x159 target/periph/stm32f10x_crc.o
 .debug_line    0x0000113e      0x1f3 target/periph/stm32f10x_dac.o
 .debug_line    0x00001331      0x111 target/periph/stm32f10x_dbgmcu.o
 .debug_line    0x00001442      0x201 target/periph/stm32f10x_dma.o
 .debug_line    0x00001643      0x1a1 target/periph/stm32f10x_exti.o
 .debug_line    0x000017e4      0x425 target/periph/stm32f10x_flash.o
 .debug_line    0x00001c09      0x356 target/periph/stm32f10x_fsmc.o
 .debug_line    0x00001f5f      0x2bc target/periph/stm32f10x_gpio.o
 .debug_line    0x0000221b      0x3f3 target/periph/stm32f10x_i2c.o
 .debug_line    0x0000260e      0x145 target/periph/stm32f10x_iwdg.o
 .debug_line    0x00002753      0x1c2 target/periph/stm32f10x_pwr.o
 .debug_line    0x00002915      0x3a3 target/periph/stm32f10x_rcc.o
 .debug_line    0x00002cb8      0x1fd target/periph/stm32f10x_rtc.o
 .debug_line    0x00002eb5      0x377 target/periph/stm32f10x_sdio.o
 .debug_line    0x0000322c      0x350 target/periph/stm32f10x_spi.o
 .debug_line    0x0000357c      0x9b1 target/periph/stm32f10x_tim.o
 .debug_line    0x00003f2d      0x3d8 target/periph/stm32f10x_usart.o
 .debug_line    0x00004305      0x173 target/periph/stm32f10x_wwdg.o
 .debug_line    0x00004478      0x122 target/src/dfu_mal.o
 .debug_line    0x0000459a      0x145 target/src/flash_if.o
 .debug_line    0x000046df      0x237 target/src/hw_config.o
 .debug_line    0x00004916       0xda target/src/main.o
 .debug_line    0x000049f0       0xec target/src/stm32f10x_it.o
 .debug_line    0x00004adc      0x14c target/src/system_stm32f10x.o
 .debug_line    0x00004c28       0xc0 target/src/usb_desc.o
 .debug_line    0x00004ce8      0x13e target/src/usb_istr.o
 .debug_line    0x00004e26      0x3ba target/src/usb_prop.o
 .debug_line    0x000051e0      0x192 target/src/usb_pwr.o
 .debug_line    0x00005372      0x3d5 target/usb/usb_core.o
 .debug_line    0x00005747       0xf5 target/usb/usb_init.o
 .debug_line    0x0000583c      0x179 target/usb/usb_int.o
 .debug_line    0x000059b5      0x11d target/usb/usb_mem.o
 .debug_line    0x00005ad2      0x5fe target/usb/usb_regs.o
 .debug_line    0x000060d0      0x114 target/usb/usb_sil.o
 .debug_line    0x000061e4       0x72 target/cmsis/startup_stm32f10x_md.o

.debug_loc      0x00000000     0x75a6
 .debug_loc     0x00000000      0x280 target/cmsis/core_cm3.o
 .debug_loc     0x00000280      0x112 target/periph/misc.o
 .debug_loc     0x00000392      0x820 target/periph/stm32f10x_adc.o
 .debug_loc     0x00000bb2      0x11d target/periph/stm32f10x_bkp.o
 .debug_loc     0x00000ccf      0x66c target/periph/stm32f10x_can.o
 .debug_loc     0x0000133b      0x1f9 target/periph/stm32f10x_cec.o
 .debug_loc     0x00001534       0x89 target/periph/stm32f10x_crc.o
 .debug_loc     0x000015bd      0x2ae target/periph/stm32f10x_dac.o
 .debug_loc     0x0000186b       0x1e target/periph/stm32f10x_dbgmcu.o
 .debug_loc     0x00001889      0x142 target/periph/stm32f10x_dma.o
 .debug_loc     0x000019cb      0x12b target/periph/stm32f10x_exti.o
 .debug_loc     0x00001af6      0x792 target/periph/stm32f10x_flash.o
 .debug_loc     0x00002288      0x356 target/periph/stm32f10x_fsmc.o
 .debug_loc     0x000025de      0x4bd target/periph/stm32f10x_gpio.o
 .debug_loc     0x00002a9b      0x5e6 target/periph/stm32f10x_i2c.o
 .debug_loc     0x00003081       0x3d target/periph/stm32f10x_iwdg.o
 .debug_loc     0x000030be      0x13d target/periph/stm32f10x_pwr.o
 .debug_loc     0x000031fb      0x49f target/periph/stm32f10x_rcc.o
 .debug_loc     0x0000369a      0x1b4 target/periph/stm32f10x_rtc.o
 .debug_loc     0x0000384e      0x236 target/periph/stm32f10x_sdio.o
 .debug_loc     0x00003a84      0x432 target/periph/stm32f10x_spi.o
 .debug_loc     0x00003eb6     0x13a8 target/periph/stm32f10x_tim.o
 .debug_loc     0x0000525e      0x51c target/periph/stm32f10x_usart.o
 .debug_loc     0x0000577a       0xe5 target/periph/stm32f10x_wwdg.o
 .debug_loc     0x0000585f      0x10c target/src/dfu_mal.o
 .debug_loc     0x0000596b       0xcf target/src/flash_if.o
 .debug_loc     0x00005a3a      0x1d0 target/src/hw_config.o
 .debug_loc     0x00005c0a       0x20 target/src/main.o
 .debug_loc     0x00005c2a       0xb2 target/src/system_stm32f10x.o
 .debug_loc     0x00005cdc       0x20 target/src/usb_istr.o
 .debug_loc     0x00005cfc      0x402 target/src/usb_prop.o
 .debug_loc     0x000060fe      0x116 target/src/usb_pwr.o
 .debug_loc     0x00006214      0x93f target/usb/usb_core.o
 .debug_loc     0x00006b53       0x20 target/usb/usb_init.o
 .debug_loc     0x00006b73       0xdd target/usb/usb_int.o
 .debug_loc     0x00006c50      0x169 target/usb/usb_mem.o
 .debug_loc     0x00006db9      0x703 target/usb/usb_regs.o
 .debug_loc     0x000074bc       0xea target/usb/usb_sil.o

.debug_pubnames
                0x00000000     0x3a32
 .debug_pubnames
                0x00000000      0x159 target/cmsis/core_cm3.o
 .debug_pubnames
                0x00000159       0x89 target/periph/misc.o
 .debug_pubnames
                0x000001e2      0x401 target/periph/stm32f10x_adc.o
 .debug_pubnames
                0x000005e3      0x128 target/periph/stm32f10x_bkp.o
 .debug_pubnames
                0x0000070b      0x208 target/periph/stm32f10x_can.o
 .debug_pubnames
                0x00000913      0x12b target/periph/stm32f10x_cec.o
 .debug_pubnames
                0x00000a3e       0x82 target/periph/stm32f10x_crc.o
 .debug_pubnames
                0x00000ac0      0x116 target/periph/stm32f10x_dac.o
 .debug_pubnames
                0x00000bd6       0x4c target/periph/stm32f10x_dbgmcu.o
 .debug_pubnames
                0x00000c22       0xea target/periph/stm32f10x_dma.o
 .debug_pubnames
                0x00000d0c       0xbb target/periph/stm32f10x_exti.o
 .debug_pubnames
                0x00000dc7      0x2f2 target/periph/stm32f10x_flash.o
 .debug_pubnames
                0x000010b9      0x1a3 target/periph/stm32f10x_fsmc.o
 .debug_pubnames
                0x0000125c      0x19d target/periph/stm32f10x_gpio.o
 .debug_pubnames
                0x000013f9      0x2cb target/periph/stm32f10x_i2c.o
 .debug_pubnames
                0x000016c4       0x91 target/periph/stm32f10x_iwdg.o
 .debug_pubnames
                0x00001755       0xcb target/periph/stm32f10x_pwr.o
 .debug_pubnames
                0x00001820      0x2c4 target/periph/stm32f10x_rcc.o
 .debug_pubnames
                0x00001ae4      0x136 target/periph/stm32f10x_rtc.o
 .debug_pubnames
                0x00001c1a      0x2ac target/periph/stm32f10x_sdio.o
 .debug_pubnames
                0x00001ec6      0x1f6 target/periph/stm32f10x_spi.o
 .debug_pubnames
                0x000020bc      0x7b0 target/periph/stm32f10x_tim.o
 .debug_pubnames
                0x0000286c      0x294 target/periph/stm32f10x_usart.o
 .debug_pubnames
                0x00002b00       0xb0 target/periph/stm32f10x_wwdg.o
 .debug_pubnames
                0x00002bb0       0xa3 target/src/dfu_mal.o
 .debug_pubnames
                0x00002c53       0x5c target/src/flash_if.o
 .debug_pubnames
                0x00002caf       0xf1 target/src/hw_config.o
 .debug_pubnames
                0x00002da0       0x64 target/src/main.o
 .debug_pubnames
                0x00002e04       0xe5 target/src/stm32f10x_it.o
 .debug_pubnames
                0x00002ee9       0x61 target/src/system_stm32f10x.o
 .debug_pubnames
                0x00002f4a       0xcb target/src/usb_desc.o
 .debug_pubnames
                0x00003015       0x56 target/src/usb_istr.o
 .debug_pubnames
                0x0000306b      0x220 target/src/usb_prop.o
 .debug_pubnames
                0x0000328b       0x83 target/src/usb_pwr.o
 .debug_pubnames
                0x0000330e      0x1a5 target/usb/usb_core.o
 .debug_pubnames
                0x000034b3       0x98 target/usb/usb_init.o
 .debug_pubnames
                0x0000354b       0x46 target/usb/usb_int.o
 .debug_pubnames
                0x00003591       0x42 target/usb/usb_mem.o
 .debug_pubnames
                0x000035d3      0x419 target/usb/usb_regs.o
 .debug_pubnames
                0x000039ec       0x46 target/usb/usb_sil.o

.debug_pubtypes
                0x00000000     0x1719
 .debug_pubtypes
                0x00000000       0x50 target/cmsis/core_cm3.o
 .debug_pubtypes
                0x00000050       0x80 target/periph/misc.o
 .debug_pubtypes
                0x000000d0       0x8c target/periph/stm32f10x_adc.o
 .debug_pubtypes
                0x0000015c       0x78 target/periph/stm32f10x_bkp.o
 .debug_pubtypes
                0x000001d4      0x115 target/periph/stm32f10x_can.o
 .debug_pubtypes
                0x000002e9       0x8c target/periph/stm32f10x_cec.o
 .debug_pubtypes
                0x00000375       0x48 target/periph/stm32f10x_crc.o
 .debug_pubtypes
                0x000003bd       0x70 target/periph/stm32f10x_dac.o
 .debug_pubtypes
                0x0000042d       0x46 target/periph/stm32f10x_dbgmcu.o
 .debug_pubtypes
                0x00000473       0x98 target/periph/stm32f10x_dma.o
 .debug_pubtypes
                0x0000050b       0xa2 target/periph/stm32f10x_exti.o
 .debug_pubtypes
                0x000005ad       0x8d target/periph/stm32f10x_flash.o
 .debug_pubtypes
                0x0000063a      0x168 target/periph/stm32f10x_fsmc.o
 .debug_pubtypes
                0x000007a2       0xc3 target/periph/stm32f10x_gpio.o
 .debug_pubtypes
                0x00000865       0xb2 target/periph/stm32f10x_i2c.o
 .debug_pubtypes
                0x00000917       0x58 target/periph/stm32f10x_iwdg.o
 .debug_pubtypes
                0x0000096f       0x78 target/periph/stm32f10x_pwr.o
 .debug_pubtypes
                0x000009e7       0x9e target/periph/stm32f10x_rcc.o
 .debug_pubtypes
                0x00000a85       0x78 target/periph/stm32f10x_rtc.o
 .debug_pubtypes
                0x00000afd       0xb2 target/periph/stm32f10x_sdio.o
 .debug_pubtypes
                0x00000baf       0xb6 target/periph/stm32f10x_spi.o
 .debug_pubtypes
                0x00000c65       0xd8 target/periph/stm32f10x_tim.o
 .debug_pubtypes
                0x00000d3d       0xc9 target/periph/stm32f10x_usart.o
 .debug_pubtypes
                0x00000e06       0x4b target/periph/stm32f10x_wwdg.o
 .debug_pubtypes
                0x00000e51       0x38 target/src/dfu_mal.o
 .debug_pubtypes
                0x00000e89       0x38 target/src/flash_if.o
 .debug_pubtypes
                0x00000ec1      0x14c target/src/hw_config.o
 .debug_pubtypes
                0x0000100d       0x39 target/src/main.o
 .debug_pubtypes
                0x00001046       0x12 target/src/stm32f10x_it.o
 .debug_pubtypes
                0x00001058       0x67 target/src/system_stm32f10x.o
 .debug_pubtypes
                0x000010bf       0x1e target/src/usb_desc.o
 .debug_pubtypes
                0x000010dd       0x7e target/src/usb_istr.o
 .debug_pubtypes
                0x0000115b      0x17d target/src/usb_prop.o
 .debug_pubtypes
                0x000012d8       0x8d target/src/usb_pwr.o
 .debug_pubtypes
                0x00001365      0x1b7 target/usb/usb_core.o
 .debug_pubtypes
                0x0000151c       0xfc target/usb/usb_init.o
 .debug_pubtypes
                0x00001618       0x38 target/usb/usb_int.o
 .debug_pubtypes
                0x00001650       0x38 target/usb/usb_mem.o
 .debug_pubtypes
                0x00001688       0x59 target/usb/usb_regs.o
 .debug_pubtypes
                0x000016e1       0x38 target/usb/usb_sil.o

.debug_aranges  0x00000000     0x1790
 .debug_aranges
                0x00000000       0xc8 target/cmsis/core_cm3.o
 .debug_aranges
                0x000000c8       0x40 target/periph/misc.o
 .debug_aranges
                0x00000108      0x138 target/periph/stm32f10x_adc.o
 .debug_aranges
                0x00000240       0x78 target/periph/stm32f10x_bkp.o
 .debug_aranges
                0x000002b8       0xe0 target/periph/stm32f10x_can.o
 .debug_aranges
                0x00000398       0x88 target/periph/stm32f10x_cec.o
 .debug_aranges
                0x00000420       0x48 target/periph/stm32f10x_crc.o
 .debug_aranges
                0x00000468       0x78 target/periph/stm32f10x_dac.o
 .debug_aranges
                0x000004e0       0x30 target/periph/stm32f10x_dbgmcu.o
 .debug_aranges
                0x00000510       0x70 target/periph/stm32f10x_dma.o
 .debug_aranges
                0x00000580       0x58 target/periph/stm32f10x_exti.o
 .debug_aranges
                0x000005d8       0xf8 target/periph/stm32f10x_flash.o
 .debug_aranges
                0x000006d0       0xb0 target/periph/stm32f10x_fsmc.o
 .debug_aranges
                0x00000780       0xa8 target/periph/stm32f10x_gpio.o
 .debug_aranges
                0x00000828      0x120 target/periph/stm32f10x_i2c.o
 .debug_aranges
                0x00000948       0x48 target/periph/stm32f10x_iwdg.o
 .debug_aranges
                0x00000990       0x68 target/periph/stm32f10x_pwr.o
 .debug_aranges
                0x000009f8      0x118 target/periph/stm32f10x_rcc.o
 .debug_aranges
                0x00000b10       0x88 target/periph/stm32f10x_rtc.o
 .debug_aranges
                0x00000b98      0x108 target/periph/stm32f10x_sdio.o
 .debug_aranges
                0x00000ca0       0xd0 target/periph/stm32f10x_spi.o
 .debug_aranges
                0x00000d70      0x2e0 target/periph/stm32f10x_tim.o
 .debug_aranges
                0x00001050      0x100 target/periph/stm32f10x_usart.o
 .debug_aranges
                0x00001150       0x58 target/periph/stm32f10x_wwdg.o
 .debug_aranges
                0x000011a8       0x40 target/src/dfu_mal.o
 .debug_aranges
                0x000011e8       0x38 target/src/flash_if.o
 .debug_aranges
                0x00001220       0x70 target/src/hw_config.o
 .debug_aranges
                0x00001290       0x20 target/src/main.o
 .debug_aranges
                0x000012b0       0x68 target/src/stm32f10x_it.o
 .debug_aranges
                0x00001318       0x28 target/src/system_stm32f10x.o
 .debug_aranges
                0x00001340       0x20 target/src/usb_istr.o
 .debug_aranges
                0x00001360       0xa0 target/src/usb_prop.o
 .debug_aranges
                0x00001400       0x40 target/src/usb_pwr.o
 .debug_aranges
                0x00001440       0x98 target/usb/usb_core.o
 .debug_aranges
                0x000014d8       0x20 target/usb/usb_init.o
 .debug_aranges
                0x000014f8       0x28 target/usb/usb_int.o
 .debug_aranges
                0x00001520       0x28 target/usb/usb_mem.o
 .debug_aranges
                0x00001548      0x1f0 target/usb/usb_regs.o
 .debug_aranges
                0x00001738       0x30 target/usb/usb_sil.o
 .debug_aranges
                0x00001768       0x28 target/cmsis/startup_stm32f10x_md.o

.debug_ranges   0x00000000     0x15a8
 .debug_ranges  0x00000000       0xb8 target/cmsis/core_cm3.o
 .debug_ranges  0x000000b8       0x30 target/periph/misc.o
 .debug_ranges  0x000000e8      0x128 target/periph/stm32f10x_adc.o
 .debug_ranges  0x00000210       0x68 target/periph/stm32f10x_bkp.o
 .debug_ranges  0x00000278       0xd0 target/periph/stm32f10x_can.o
 .debug_ranges  0x00000348       0x78 target/periph/stm32f10x_cec.o
 .debug_ranges  0x000003c0       0x38 target/periph/stm32f10x_crc.o
 .debug_ranges  0x000003f8       0x68 target/periph/stm32f10x_dac.o
 .debug_ranges  0x00000460       0x20 target/periph/stm32f10x_dbgmcu.o
 .debug_ranges  0x00000480       0x60 target/periph/stm32f10x_dma.o
 .debug_ranges  0x000004e0       0x48 target/periph/stm32f10x_exti.o
 .debug_ranges  0x00000528       0xe8 target/periph/stm32f10x_flash.o
 .debug_ranges  0x00000610       0xa0 target/periph/stm32f10x_fsmc.o
 .debug_ranges  0x000006b0       0x98 target/periph/stm32f10x_gpio.o
 .debug_ranges  0x00000748      0x110 target/periph/stm32f10x_i2c.o
 .debug_ranges  0x00000858       0x38 target/periph/stm32f10x_iwdg.o
 .debug_ranges  0x00000890       0x58 target/periph/stm32f10x_pwr.o
 .debug_ranges  0x000008e8      0x108 target/periph/stm32f10x_rcc.o
 .debug_ranges  0x000009f0       0x78 target/periph/stm32f10x_rtc.o
 .debug_ranges  0x00000a68       0xf8 target/periph/stm32f10x_sdio.o
 .debug_ranges  0x00000b60       0xc0 target/periph/stm32f10x_spi.o
 .debug_ranges  0x00000c20      0x330 target/periph/stm32f10x_tim.o
 .debug_ranges  0x00000f50       0xf0 target/periph/stm32f10x_usart.o
 .debug_ranges  0x00001040       0x48 target/periph/stm32f10x_wwdg.o
 .debug_ranges  0x00001088       0x30 target/src/dfu_mal.o
 .debug_ranges  0x000010b8       0x28 target/src/flash_if.o
 .debug_ranges  0x000010e0       0x60 target/src/hw_config.o
 .debug_ranges  0x00001140       0x10 target/src/main.o
 .debug_ranges  0x00001150       0x58 target/src/stm32f10x_it.o
 .debug_ranges  0x000011a8       0x18 target/src/system_stm32f10x.o
 .debug_ranges  0x000011c0       0x10 target/src/usb_istr.o
 .debug_ranges  0x000011d0       0x90 target/src/usb_prop.o
 .debug_ranges  0x00001260       0x30 target/src/usb_pwr.o
 .debug_ranges  0x00001290       0x88 target/usb/usb_core.o
 .debug_ranges  0x00001318       0x10 target/usb/usb_init.o
 .debug_ranges  0x00001328       0x18 target/usb/usb_int.o
 .debug_ranges  0x00001340       0x18 target/usb/usb_mem.o
 .debug_ranges  0x00001358      0x210 target/usb/usb_regs.o
 .debug_ranges  0x00001568       0x20 target/usb/usb_sil.o
 .debug_ranges  0x00001588       0x20 target/cmsis/startup_stm32f10x_md.o

.debug_str      0x00000000     0x5f26
 .debug_str     0x00000000      0x1ee target/cmsis/core_cm3.o
                                0x23a (size before relaxing)
 .debug_str     0x000001ee      0x237 target/periph/misc.o
                                0x32c (size before relaxing)
 .debug_str     0x00000425      0x516 target/periph/stm32f10x_adc.o
                                0x664 (size before relaxing)
 .debug_str     0x0000093b      0x3a0 target/periph/stm32f10x_bkp.o
                                0x51e (size before relaxing)
 .debug_str     0x00000cdb      0x500 target/periph/stm32f10x_can.o
                                0x697 (size before relaxing)
 .debug_str     0x000011db      0x188 target/periph/stm32f10x_cec.o
                                0x2df (size before relaxing)
 .debug_str     0x00001363       0x98 target/periph/stm32f10x_crc.o
                                0x1a4 (size before relaxing)
 .debug_str     0x000013fb      0x1ee target/periph/stm32f10x_dac.o
                                0x318 (size before relaxing)
 .debug_str     0x000015e9       0x6c target/periph/stm32f10x_dbgmcu.o
                                0x170 (size before relaxing)
 .debug_str     0x00001655      0x1f2 target/periph/stm32f10x_dma.o
                                0x32a (size before relaxing)
 .debug_str     0x00001847      0x19b target/periph/stm32f10x_exti.o
                                0x2c7 (size before relaxing)
 .debug_str     0x000019e2      0x3fb target/periph/stm32f10x_flash.o
                                0x551 (size before relaxing)
 .debug_str     0x00001ddd      0x5a9 target/periph/stm32f10x_fsmc.o
                                0x6ed (size before relaxing)
 .debug_str     0x00002386      0x352 target/periph/stm32f10x_gpio.o
                                0x482 (size before relaxing)
 .debug_str     0x000026d8      0x3ff target/periph/stm32f10x_i2c.o
                                0x5cf (size before relaxing)
 .debug_str     0x00002ad7       0xb6 target/periph/stm32f10x_iwdg.o
                                0x1c5 (size before relaxing)
 .debug_str     0x00002b8d       0xf6 target/periph/stm32f10x_pwr.o
                                0x27b (size before relaxing)
 .debug_str     0x00002c83      0x3a6 target/periph/stm32f10x_rcc.o
                                0x583 (size before relaxing)
 .debug_str     0x00003029      0x16e target/periph/stm32f10x_rtc.o
                                0x30b (size before relaxing)
 .debug_str     0x00003197      0x44f target/periph/stm32f10x_sdio.o
                                0x5a4 (size before relaxing)
 .debug_str     0x000035e6      0x33f target/periph/stm32f10x_spi.o
                                0x566 (size before relaxing)
 .debug_str     0x00003925      0xad0 target/periph/stm32f10x_tim.o
                                0xd46 (size before relaxing)
 .debug_str     0x000043f5      0x3fe target/periph/stm32f10x_usart.o
                                0x5f9 (size before relaxing)
 .debug_str     0x000047f3       0xb2 target/periph/stm32f10x_wwdg.o
                                0x1d1 (size before relaxing)
 .debug_str     0x000048a5       0x6b target/src/dfu_mal.o
                                0x190 (size before relaxing)
 .debug_str     0x00004910       0x49 target/src/flash_if.o
                                0x15a (size before relaxing)
 .debug_str     0x00004959      0x560 target/src/hw_config.o
                                0x8ad (size before relaxing)
 .debug_str     0x00004eb9       0x47 target/src/main.o
                                0x137 (size before relaxing)
 .debug_str     0x00004f00       0xbe target/src/stm32f10x_it.o
                                0x191 (size before relaxing)
 .debug_str     0x00004fbe       0x64 target/src/system_stm32f10x.o
                                0x246 (size before relaxing)
 .debug_str     0x00005022       0x97 target/src/usb_desc.o
                                0x183 (size before relaxing)
 .debug_str     0x000050b9      0x1ac target/src/usb_istr.o
                                0x2f8 (size before relaxing)
 .debug_str     0x00005265      0x382 target/src/usb_prop.o
                                0x86f (size before relaxing)
 .debug_str     0x000055e7       0x5f target/src/usb_pwr.o
                                0x2b4 (size before relaxing)
 .debug_str     0x00005646      0x402 target/usb/usb_core.o
                                0x9bf (size before relaxing)
 .debug_str     0x00005a48       0x2a target/usb/usb_init.o
                                0x49e (size before relaxing)
 .debug_str     0x00005a72       0x23 target/usb/usb_int.o
                                0x152 (size before relaxing)
 .debug_str     0x00005a95       0x66 target/usb/usb_mem.o
                                0x153 (size before relaxing)
 .debug_str     0x00005afb      0x3d2 target/usb/usb_regs.o
                                0x4db (size before relaxing)
 .debug_str     0x00005ecd       0x59 target/usb/usb_sil.o
                                0x161 (size before relaxing)

.comment        0x00000000       0x2a
 .comment       0x00000000       0x2a target/cmsis/core_cm3.o
                                 0x2b (size before relaxing)
 .comment       0x00000000       0x2b target/periph/misc.o
 .comment       0x00000000       0x2b target/periph/stm32f10x_adc.o
 .comment       0x00000000       0x2b target/periph/stm32f10x_bkp.o
 .comment       0x00000000       0x2b target/periph/stm32f10x_can.o
 .comment       0x00000000       0x2b target/periph/stm32f10x_cec.o
 .comment       0x00000000       0x2b target/periph/stm32f10x_crc.o
 .comment       0x00000000       0x2b target/periph/stm32f10x_dac.o
 .comment       0x00000000       0x2b target/periph/stm32f10x_dbgmcu.o
 .comment       0x00000000       0x2b target/periph/stm32f10x_dma.o
 .comment       0x00000000       0x2b target/periph/stm32f10x_exti.o
 .comment       0x00000000       0x2b target/periph/stm32f10x_flash.o
 .comment       0x00000000       0x2b target/periph/stm32f10x_fsmc.o
 .comment       0x00000000       0x2b target/periph/stm32f10x_gpio.o
 .comment       0x00000000       0x2b target/periph/stm32f10x_i2c.o
 .comment       0x00000000       0x2b target/periph/stm32f10x_iwdg.o
 .comment       0x00000000       0x2b target/periph/stm32f10x_pwr.o
 .comment       0x00000000       0x2b target/periph/stm32f10x_rcc.o
 .comment       0x00000000       0x2b target/periph/stm32f10x_rtc.o
 .comment       0x00000000       0x2b target/periph/stm32f10x_sdio.o
 .comment       0x00000000       0x2b target/periph/stm32f10x_spi.o
 .comment       0x00000000       0x2b target/periph/stm32f10x_tim.o
 .comment       0x00000000       0x2b target/periph/stm32f10x_usart.o
 .comment       0x00000000       0x2b target/periph/stm32f10x_wwdg.o
 .comment       0x00000000       0x2b target/src/dfu_mal.o
 .comment       0x00000000       0x2b target/src/flash_if.o
 .comment       0x00000000       0x2b target/src/hw_config.o
 .comment       0x00000000       0x2b target/src/main.o
 .comment       0x00000000       0x2b target/src/stm32f10x_it.o
 .comment       0x00000000       0x2b target/src/system_stm32f10x.o
 .comment       0x00000000       0x2b target/src/usb_desc.o
 .comment       0x00000000       0x2b target/src/usb_istr.o
 .comment       0x00000000       0x2b target/src/usb_prop.o
 .comment       0x00000000       0x2b target/src/usb_pwr.o
 .comment       0x00000000       0x2b target/usb/usb_core.o
 .comment       0x00000000       0x2b target/usb/usb_init.o
 .comment       0x00000000       0x2b target/usb/usb_int.o
 .comment       0x00000000       0x2b target/usb/usb_mem.o
 .comment       0x00000000       0x2b target/usb/usb_regs.o
 .comment       0x00000000       0x2b target/usb/usb_sil.o

.debug_frame    0x00000000     0x2f50
 .debug_frame   0x00000000      0x170 target/cmsis/core_cm3.o
 .debug_frame   0x00000170       0x68 target/periph/misc.o
 .debug_frame   0x000001d8      0x280 target/periph/stm32f10x_adc.o
 .debug_frame   0x00000458       0xe0 target/periph/stm32f10x_bkp.o
 .debug_frame   0x00000538      0x1cc target/periph/stm32f10x_can.o
 .debug_frame   0x00000704      0x100 target/periph/stm32f10x_cec.o
 .debug_frame   0x00000804       0x78 target/periph/stm32f10x_crc.o
 .debug_frame   0x0000087c       0xf0 target/periph/stm32f10x_dac.o
 .debug_frame   0x0000096c       0x40 target/periph/stm32f10x_dbgmcu.o
 .debug_frame   0x000009ac       0xc8 target/periph/stm32f10x_dma.o
 .debug_frame   0x00000a74       0x98 target/periph/stm32f10x_exti.o
 .debug_frame   0x00000b0c      0x254 target/periph/stm32f10x_flash.o
 .debug_frame   0x00000d60      0x168 target/periph/stm32f10x_fsmc.o
 .debug_frame   0x00000ec8      0x170 target/periph/stm32f10x_gpio.o
 .debug_frame   0x00001038      0x244 target/periph/stm32f10x_i2c.o
 .debug_frame   0x0000127c       0x70 target/periph/stm32f10x_iwdg.o
 .debug_frame   0x000012ec       0xc0 target/periph/stm32f10x_pwr.o
 .debug_frame   0x000013ac      0x224 target/periph/stm32f10x_rcc.o
 .debug_frame   0x000015d0      0x108 target/periph/stm32f10x_rtc.o
 .debug_frame   0x000016d8      0x20c target/periph/stm32f10x_sdio.o
 .debug_frame   0x000018e4      0x1ac target/periph/stm32f10x_spi.o
 .debug_frame   0x00001a90      0x664 target/periph/stm32f10x_tim.o
 .debug_frame   0x000020f4      0x210 target/periph/stm32f10x_usart.o
 .debug_frame   0x00002304       0x9c target/periph/stm32f10x_wwdg.o
 .debug_frame   0x000023a0       0x68 target/src/dfu_mal.o
 .debug_frame   0x00002408       0x64 target/src/flash_if.o
 .debug_frame   0x0000246c      0x10c target/src/hw_config.o
 .debug_frame   0x00002578       0x28 target/src/main.o
 .debug_frame   0x000025a0       0xb0 target/src/stm32f10x_it.o
 .debug_frame   0x00002650       0x34 target/src/system_stm32f10x.o
 .debug_frame   0x00002684       0x2c target/src/usb_istr.o
 .debug_frame   0x000026b0      0x168 target/src/usb_prop.o
 .debug_frame   0x00002818       0x84 target/src/usb_pwr.o
 .debug_frame   0x0000289c      0x1a8 target/usb/usb_core.o
 .debug_frame   0x00002a44       0x28 target/usb/usb_init.o
 .debug_frame   0x00002a6c       0x48 target/usb/usb_int.o
 .debug_frame   0x00002ab4       0x38 target/usb/usb_mem.o
 .debug_frame   0x00002aec      0x3e0 target/usb/usb_regs.o
 .debug_frame   0x00002ecc       0x58 target/usb/usb_sil.o
 .debug_frame   0x00002f24       0x2c /home/z80/programs/code-sourcery/2011.03-42/bin/../lib/gcc/arm-none-eabi/4.5.2/../../../../arm-none-eabi/lib/thumb2/libc.a(lib_a-init.o)

Cross Reference Table

Symbol                                            File
ADC1_2_IRQHandler                                 target/cmsis/startup_stm32f10x_md.o
ADC_AnalogWatchdogCmd                             target/periph/stm32f10x_adc.o
ADC_AnalogWatchdogSingleChannelConfig             target/periph/stm32f10x_adc.o
ADC_AnalogWatchdogThresholdsConfig                target/periph/stm32f10x_adc.o
ADC_AutoInjectedConvCmd                           target/periph/stm32f10x_adc.o
ADC_ClearFlag                                     target/periph/stm32f10x_adc.o
ADC_ClearITPendingBit                             target/periph/stm32f10x_adc.o
ADC_Cmd                                           target/periph/stm32f10x_adc.o
ADC_DMACmd                                        target/periph/stm32f10x_adc.o
ADC_DeInit                                        target/periph/stm32f10x_adc.o
ADC_DiscModeChannelCountConfig                    target/periph/stm32f10x_adc.o
ADC_DiscModeCmd                                   target/periph/stm32f10x_adc.o
ADC_ExternalTrigConvCmd                           target/periph/stm32f10x_adc.o
ADC_ExternalTrigInjectedConvCmd                   target/periph/stm32f10x_adc.o
ADC_ExternalTrigInjectedConvConfig                target/periph/stm32f10x_adc.o
ADC_GetCalibrationStatus                          target/periph/stm32f10x_adc.o
ADC_GetConversionValue                            target/periph/stm32f10x_adc.o
ADC_GetDualModeConversionValue                    target/periph/stm32f10x_adc.o
ADC_GetFlagStatus                                 target/periph/stm32f10x_adc.o
ADC_GetITStatus                                   target/periph/stm32f10x_adc.o
ADC_GetInjectedConversionValue                    target/periph/stm32f10x_adc.o
ADC_GetResetCalibrationStatus                     target/periph/stm32f10x_adc.o
ADC_GetSoftwareStartConvStatus                    target/periph/stm32f10x_adc.o
ADC_GetSoftwareStartInjectedConvCmdStatus         target/periph/stm32f10x_adc.o
ADC_ITConfig                                      target/periph/stm32f10x_adc.o
ADC_Init                                          target/periph/stm32f10x_adc.o
ADC_InjectedChannelConfig                         target/periph/stm32f10x_adc.o
ADC_InjectedDiscModeCmd                           target/periph/stm32f10x_adc.o
ADC_InjectedSequencerLengthConfig                 target/periph/stm32f10x_adc.o
ADC_RegularChannelConfig                          target/periph/stm32f10x_adc.o
ADC_ResetCalibration                              target/periph/stm32f10x_adc.o
ADC_SetInjectedOffset                             target/periph/stm32f10x_adc.o
ADC_SoftwareStartConvCmd                          target/periph/stm32f10x_adc.o
ADC_SoftwareStartInjectedConvCmd                  target/periph/stm32f10x_adc.o
ADC_StartCalibration                              target/periph/stm32f10x_adc.o
ADC_StructInit                                    target/periph/stm32f10x_adc.o
ADC_TempSensorVrefintCmd                          target/periph/stm32f10x_adc.o
AHBPrescTable                                     target/src/system_stm32f10x.o
BKP_ClearFlag                                     target/periph/stm32f10x_bkp.o
BKP_ClearITPendingBit                             target/periph/stm32f10x_bkp.o
BKP_DeInit                                        target/periph/stm32f10x_bkp.o
BKP_GetFlagStatus                                 target/periph/stm32f10x_bkp.o
BKP_GetITStatus                                   target/periph/stm32f10x_bkp.o
BKP_ITConfig                                      target/periph/stm32f10x_bkp.o
BKP_RTCOutputConfig                               target/periph/stm32f10x_bkp.o
BKP_ReadBackupRegister                            target/periph/stm32f10x_bkp.o
BKP_SetRTCCalibrationValue                        target/periph/stm32f10x_bkp.o
BKP_TamperPinCmd                                  target/periph/stm32f10x_bkp.o
BKP_TamperPinLevelConfig                          target/periph/stm32f10x_bkp.o
BKP_WriteBackupRegister                           target/periph/stm32f10x_bkp.o
BusFault_Handler                                  target/src/stm32f10x_it.o
ByteSwap                                          target/usb/usb_regs.o
                                                  target/usb/usb_core.o
CAN1_RX1_IRQHandler                               target/cmsis/startup_stm32f10x_md.o
CAN1_SCE_IRQHandler                               target/cmsis/startup_stm32f10x_md.o
CAN_CancelTransmit                                target/periph/stm32f10x_can.o
CAN_ClearFlag                                     target/periph/stm32f10x_can.o
CAN_ClearITPendingBit                             target/periph/stm32f10x_can.o
CAN_DBGFreeze                                     target/periph/stm32f10x_can.o
CAN_DeInit                                        target/periph/stm32f10x_can.o
CAN_FIFORelease                                   target/periph/stm32f10x_can.o
CAN_FilterInit                                    target/periph/stm32f10x_can.o
CAN_GetFlagStatus                                 target/periph/stm32f10x_can.o
CAN_GetITStatus                                   target/periph/stm32f10x_can.o
CAN_GetLSBTransmitErrorCounter                    target/periph/stm32f10x_can.o
CAN_GetLastErrorCode                              target/periph/stm32f10x_can.o
CAN_GetReceiveErrorCounter                        target/periph/stm32f10x_can.o
CAN_ITConfig                                      target/periph/stm32f10x_can.o
CAN_Init                                          target/periph/stm32f10x_can.o
CAN_MessagePending                                target/periph/stm32f10x_can.o
CAN_OperatingModeRequest                          target/periph/stm32f10x_can.o
CAN_Receive                                       target/periph/stm32f10x_can.o
CAN_SlaveStartBank                                target/periph/stm32f10x_can.o
CAN_Sleep                                         target/periph/stm32f10x_can.o
CAN_StructInit                                    target/periph/stm32f10x_can.o
CAN_TTComModeCmd                                  target/periph/stm32f10x_can.o
CAN_Transmit                                      target/periph/stm32f10x_can.o
CAN_TransmitStatus                                target/periph/stm32f10x_can.o
CAN_WakeUp                                        target/periph/stm32f10x_can.o
CEC_ClearFlag                                     target/periph/stm32f10x_cec.o
CEC_ClearITPendingBit                             target/periph/stm32f10x_cec.o
CEC_Cmd                                           target/periph/stm32f10x_cec.o
CEC_DeInit                                        target/periph/stm32f10x_cec.o
CEC_EndOfMessageCmd                               target/periph/stm32f10x_cec.o
CEC_GetFlagStatus                                 target/periph/stm32f10x_cec.o
CEC_GetITStatus                                   target/periph/stm32f10x_cec.o
CEC_ITConfig                                      target/periph/stm32f10x_cec.o
CEC_Init                                          target/periph/stm32f10x_cec.o
CEC_OwnAddressConfig                              target/periph/stm32f10x_cec.o
CEC_ReceiveDataByte                               target/periph/stm32f10x_cec.o
CEC_SendDataByte                                  target/periph/stm32f10x_cec.o
CEC_SetPrescaler                                  target/periph/stm32f10x_cec.o
CEC_StartOfMessage                                target/periph/stm32f10x_cec.o
CRC_CalcBlockCRC                                  target/periph/stm32f10x_crc.o
CRC_CalcCRC                                       target/periph/stm32f10x_crc.o
CRC_GetCRC                                        target/periph/stm32f10x_crc.o
CRC_GetIDRegister                                 target/periph/stm32f10x_crc.o
CRC_ResetDR                                       target/periph/stm32f10x_crc.o
CRC_SetIDRegister                                 target/periph/stm32f10x_crc.o
CTR_HP                                            target/usb/usb_int.o
CTR_LP                                            target/usb/usb_int.o
                                                  target/src/usb_istr.o
ClearDTOG_RX                                      target/usb/usb_regs.o
                                                  target/usb/usb_core.o
ClearDTOG_TX                                      target/usb/usb_regs.o
                                                  target/usb/usb_core.o
ClearEPDoubleBuff                                 target/usb/usb_regs.o
ClearEP_CTR_RX                                    target/usb/usb_regs.o
ClearEP_CTR_TX                                    target/usb/usb_regs.o
ClearEP_KIND                                      target/usb/usb_regs.o
Clear_Status_Out                                  target/usb/usb_regs.o
                                                  target/src/usb_prop.o
Config_Descriptor                                 target/src/usb_prop.o
DAC_Cmd                                           target/periph/stm32f10x_dac.o
DAC_DMACmd                                        target/periph/stm32f10x_dac.o
DAC_DeInit                                        target/periph/stm32f10x_dac.o
DAC_DualSoftwareTriggerCmd                        target/periph/stm32f10x_dac.o
DAC_GetDataOutputValue                            target/periph/stm32f10x_dac.o
DAC_Init                                          target/periph/stm32f10x_dac.o
DAC_SetChannel1Data                               target/periph/stm32f10x_dac.o
DAC_SetChannel2Data                               target/periph/stm32f10x_dac.o
DAC_SetDualChannelData                            target/periph/stm32f10x_dac.o
DAC_SoftwareTriggerCmd                            target/periph/stm32f10x_dac.o
DAC_StructInit                                    target/periph/stm32f10x_dac.o
DAC_WaveGenerationCmd                             target/periph/stm32f10x_dac.o
DBGMCU_Config                                     target/periph/stm32f10x_dbgmcu.o
DBGMCU_GetDEVID                                   target/periph/stm32f10x_dbgmcu.o
DBGMCU_GetREVID                                   target/periph/stm32f10x_dbgmcu.o
DFU_Button_Config                                 target/src/hw_config.o
                                                  target/src/main.o
DFU_Button_Read                                   target/src/hw_config.o
                                                  target/src/main.o
DFU_ConfigDescriptor                              target/src/usb_desc.o
                                                  target/src/usb_prop.o
DFU_Data_Setup                                    target/src/usb_prop.o
DFU_DeviceDescriptor                              target/src/usb_desc.o
                                                  target/src/usb_prop.o
DFU_GetConfigDescriptor                           target/src/usb_prop.o
DFU_GetDeviceDescriptor                           target/src/usb_prop.o
DFU_GetStringDescriptor                           target/src/usb_prop.o
DFU_Get_Interface_Setting                         target/src/usb_prop.o
DFU_NoData_Setup                                  target/src/usb_prop.o
DFU_Reset                                         target/src/usb_prop.o
DFU_SetConfiguration                              target/src/usb_prop.o
DFU_SetDeviceAddress                              target/src/usb_prop.o
DFU_Status_In                                     target/src/usb_prop.o
DFU_Status_Out                                    target/src/usb_prop.o
DFU_StringInterface0                              target/src/usb_desc.o
                                                  target/src/usb_prop.o
DFU_StringInterface1                              target/src/usb_desc.o
                                                  target/src/usb_prop.o
DFU_StringLangId                                  target/src/usb_desc.o
                                                  target/src/usb_prop.o
DFU_StringProduct                                 target/src/usb_desc.o
                                                  target/src/usb_prop.o
DFU_StringSerial                                  target/src/usb_desc.o
                                                  target/src/usb_prop.o
                                                  target/src/hw_config.o
DFU_StringVendor                                  target/src/usb_desc.o
                                                  target/src/usb_prop.o
DFU_String_Descriptor                             target/src/usb_prop.o
DFU_init                                          target/src/usb_prop.o
DFU_write_crc                                     target/src/usb_prop.o
DMA1_Channel1_IRQHandler                          target/cmsis/startup_stm32f10x_md.o
DMA1_Channel2_IRQHandler                          target/cmsis/startup_stm32f10x_md.o
DMA1_Channel3_IRQHandler                          target/cmsis/startup_stm32f10x_md.o
DMA1_Channel4_IRQHandler                          target/cmsis/startup_stm32f10x_md.o
DMA1_Channel5_IRQHandler                          target/cmsis/startup_stm32f10x_md.o
DMA1_Channel6_IRQHandler                          target/cmsis/startup_stm32f10x_md.o
DMA1_Channel7_IRQHandler                          target/cmsis/startup_stm32f10x_md.o
DMA_ClearFlag                                     target/periph/stm32f10x_dma.o
DMA_ClearITPendingBit                             target/periph/stm32f10x_dma.o
DMA_Cmd                                           target/periph/stm32f10x_dma.o
DMA_DeInit                                        target/periph/stm32f10x_dma.o
DMA_GetCurrDataCounter                            target/periph/stm32f10x_dma.o
DMA_GetFlagStatus                                 target/periph/stm32f10x_dma.o
DMA_GetITStatus                                   target/periph/stm32f10x_dma.o
DMA_ITConfig                                      target/periph/stm32f10x_dma.o
DMA_Init                                          target/periph/stm32f10x_dma.o
DMA_SetCurrDataCounter                            target/periph/stm32f10x_dma.o
DMA_StructInit                                    target/periph/stm32f10x_dma.o
DNLOAD                                            target/src/usb_prop.o
Data_Mul_MaxPacketSize                            target/usb/usb_core.o
DebugMon_Handler                                  target/src/stm32f10x_it.o
Default_Handler                                   target/cmsis/startup_stm32f10x_md.o
DeviceState                                       target/src/usb_prop.o
                                                  target/src/main.o
DeviceStatus                                      target/src/usb_prop.o
                                                  target/src/main.o
Device_Descriptor                                 target/src/usb_prop.o
Device_Info                                       target/usb/usb_init.o
                                                  target/src/usb_prop.o
                                                  target/src/hw_config.o
Device_Property                                   target/src/usb_prop.o
                                                  target/usb/usb_init.o
                                                  target/usb/usb_core.o
                                                  target/src/usb_istr.o
Device_Table                                      target/src/usb_prop.o
                                                  target/usb/usb_core.o
EPindex                                           target/usb/usb_int.o
                                                  target/usb/usb_init.o
EXTI0_IRQHandler                                  target/cmsis/startup_stm32f10x_md.o
EXTI15_10_IRQHandler                              target/cmsis/startup_stm32f10x_md.o
EXTI1_IRQHandler                                  target/cmsis/startup_stm32f10x_md.o
EXTI2_IRQHandler                                  target/cmsis/startup_stm32f10x_md.o
EXTI3_IRQHandler                                  target/cmsis/startup_stm32f10x_md.o
EXTI4_IRQHandler                                  target/cmsis/startup_stm32f10x_md.o
EXTI9_5_IRQHandler                                target/cmsis/startup_stm32f10x_md.o
EXTI_ClearFlag                                    target/periph/stm32f10x_exti.o
EXTI_ClearITPendingBit                            target/periph/stm32f10x_exti.o
EXTI_DeInit                                       target/periph/stm32f10x_exti.o
EXTI_GenerateSWInterrupt                          target/periph/stm32f10x_exti.o
EXTI_GetFlagStatus                                target/periph/stm32f10x_exti.o
EXTI_GetITStatus                                  target/periph/stm32f10x_exti.o
EXTI_Init                                         target/periph/stm32f10x_exti.o
EXTI_StructInit                                   target/periph/stm32f10x_exti.o
Enter_LowPowerMode                                target/src/hw_config.o
                                                  target/src/usb_pwr.o
FLASH_ClearFlag                                   target/periph/stm32f10x_flash.o
FLASH_EnableWriteProtection                       target/periph/stm32f10x_flash.o
FLASH_EraseAllBank1Pages                          target/periph/stm32f10x_flash.o
FLASH_EraseAllPages                               target/periph/stm32f10x_flash.o
FLASH_EraseOptionBytes                            target/periph/stm32f10x_flash.o
FLASH_ErasePage                                   target/periph/stm32f10x_flash.o
                                                  target/src/flash_if.o
FLASH_GetBank1Status                              target/periph/stm32f10x_flash.o
FLASH_GetFlagStatus                               target/periph/stm32f10x_flash.o
FLASH_GetPrefetchBufferStatus                     target/periph/stm32f10x_flash.o
FLASH_GetReadOutProtectionStatus                  target/periph/stm32f10x_flash.o
FLASH_GetStatus                                   target/periph/stm32f10x_flash.o
FLASH_GetUserOptionByte                           target/periph/stm32f10x_flash.o
FLASH_GetWriteProtectionOptionByte                target/periph/stm32f10x_flash.o
FLASH_HalfCycleAccessCmd                          target/periph/stm32f10x_flash.o
FLASH_IRQHandler                                  target/cmsis/startup_stm32f10x_md.o
FLASH_ITConfig                                    target/periph/stm32f10x_flash.o
FLASH_If_Erase                                    target/src/flash_if.o
                                                  target/src/dfu_mal.o
FLASH_If_Init                                     target/src/flash_if.o
                                                  target/src/dfu_mal.o
FLASH_If_Read                                     target/src/flash_if.o
                                                  target/src/dfu_mal.o
FLASH_If_Write                                    target/src/flash_if.o
                                                  target/src/dfu_mal.o
FLASH_Lock                                        target/periph/stm32f10x_flash.o
FLASH_LockBank1                                   target/periph/stm32f10x_flash.o
FLASH_PrefetchBufferCmd                           target/periph/stm32f10x_flash.o
FLASH_ProgramHalfWord                             target/periph/stm32f10x_flash.o
FLASH_ProgramOptionByteData                       target/periph/stm32f10x_flash.o
FLASH_ProgramWord                                 target/periph/stm32f10x_flash.o
                                                  target/src/flash_if.o
FLASH_ReadOutProtection                           target/periph/stm32f10x_flash.o
FLASH_SetLatency                                  target/periph/stm32f10x_flash.o
FLASH_Unlock                                      target/periph/stm32f10x_flash.o
                                                  target/src/hw_config.o
FLASH_UnlockBank1                                 target/periph/stm32f10x_flash.o
FLASH_UserOptionByteConfig                        target/periph/stm32f10x_flash.o
FLASH_WaitForLastBank1Operation                   target/periph/stm32f10x_flash.o
FLASH_WaitForLastOperation                        target/periph/stm32f10x_flash.o
FSMC_ClearFlag                                    target/periph/stm32f10x_fsmc.o
FSMC_ClearITPendingBit                            target/periph/stm32f10x_fsmc.o
FSMC_GetECC                                       target/periph/stm32f10x_fsmc.o
FSMC_GetFlagStatus                                target/periph/stm32f10x_fsmc.o
FSMC_GetITStatus                                  target/periph/stm32f10x_fsmc.o
FSMC_ITConfig                                     target/periph/stm32f10x_fsmc.o
FSMC_NANDCmd                                      target/periph/stm32f10x_fsmc.o
FSMC_NANDDeInit                                   target/periph/stm32f10x_fsmc.o
FSMC_NANDECCCmd                                   target/periph/stm32f10x_fsmc.o
FSMC_NANDInit                                     target/periph/stm32f10x_fsmc.o
FSMC_NANDStructInit                               target/periph/stm32f10x_fsmc.o
FSMC_NORSRAMCmd                                   target/periph/stm32f10x_fsmc.o
FSMC_NORSRAMDeInit                                target/periph/stm32f10x_fsmc.o
FSMC_NORSRAMInit                                  target/periph/stm32f10x_fsmc.o
FSMC_NORSRAMStructInit                            target/periph/stm32f10x_fsmc.o
FSMC_PCCARDCmd                                    target/periph/stm32f10x_fsmc.o
FSMC_PCCARDDeInit                                 target/periph/stm32f10x_fsmc.o
FSMC_PCCARDInit                                   target/periph/stm32f10x_fsmc.o
FSMC_PCCARDStructInit                             target/periph/stm32f10x_fsmc.o
FreeUserBuffer                                    target/usb/usb_regs.o
GETSTATE                                          target/src/usb_prop.o
GETSTATUS                                         target/src/usb_prop.o
GPIO_AFIODeInit                                   target/periph/stm32f10x_gpio.o
GPIO_DeInit                                       target/periph/stm32f10x_gpio.o
GPIO_ETH_MediaInterfaceConfig                     target/periph/stm32f10x_gpio.o
GPIO_EXTILineConfig                               target/periph/stm32f10x_gpio.o
GPIO_EventOutputCmd                               target/periph/stm32f10x_gpio.o
GPIO_EventOutputConfig                            target/periph/stm32f10x_gpio.o
GPIO_Init                                         target/periph/stm32f10x_gpio.o
                                                  target/src/hw_config.o
GPIO_PinLockConfig                                target/periph/stm32f10x_gpio.o
GPIO_PinRemapConfig                               target/periph/stm32f10x_gpio.o
GPIO_ReadInputData                                target/periph/stm32f10x_gpio.o
GPIO_ReadInputDataBit                             target/periph/stm32f10x_gpio.o
                                                  target/src/hw_config.o
GPIO_ReadOutputData                               target/periph/stm32f10x_gpio.o
GPIO_ReadOutputDataBit                            target/periph/stm32f10x_gpio.o
GPIO_ResetBits                                    target/periph/stm32f10x_gpio.o
                                                  target/src/hw_config.o
GPIO_SetBits                                      target/periph/stm32f10x_gpio.o
                                                  target/src/hw_config.o
GPIO_StructInit                                   target/periph/stm32f10x_gpio.o
GPIO_Write                                        target/periph/stm32f10x_gpio.o
GPIO_WriteBit                                     target/periph/stm32f10x_gpio.o
GetBTABLE                                         target/usb/usb_regs.o
GetCNTR                                           target/usb/usb_regs.o
GetDADDR                                          target/usb/usb_regs.o
GetENDPOINT                                       target/usb/usb_regs.o
GetEPAddress                                      target/usb/usb_regs.o
GetEPDblBuf0Addr                                  target/usb/usb_regs.o
GetEPDblBuf0Count                                 target/usb/usb_regs.o
GetEPDblBuf1Addr                                  target/usb/usb_regs.o
GetEPDblBuf1Count                                 target/usb/usb_regs.o
GetEPDblBufDir                                    target/usb/usb_regs.o
GetEPRxAddr                                       target/usb/usb_regs.o
                                                  target/usb/usb_sil.o
                                                  target/usb/usb_core.o
GetEPRxCount                                      target/usb/usb_regs.o
                                                  target/usb/usb_sil.o
GetEPRxStatus                                     target/usb/usb_regs.o
GetEPTxAddr                                       target/usb/usb_regs.o
                                                  target/usb/usb_sil.o
                                                  target/usb/usb_core.o
GetEPTxCount                                      target/usb/usb_regs.o
GetEPTxStatus                                     target/usb/usb_regs.o
GetEPType                                         target/usb/usb_regs.o
GetFNR                                            target/usb/usb_regs.o
GetISTR                                           target/usb/usb_regs.o
GetRxStallStatus                                  target/usb/usb_regs.o
GetTxStallStatus                                  target/usb/usb_regs.o
Get_SerialNum                                     target/src/hw_config.o
                                                  target/src/usb_prop.o
HSEStartUpStatus                                  target/src/hw_config.o
HardFault_Handler                                 target/src/stm32f10x_it.o
I2C1_ER_IRQHandler                                target/cmsis/startup_stm32f10x_md.o
I2C1_EV_IRQHandler                                target/cmsis/startup_stm32f10x_md.o
I2C2_ER_IRQHandler                                target/cmsis/startup_stm32f10x_md.o
I2C2_EV_IRQHandler                                target/cmsis/startup_stm32f10x_md.o
I2C_ARPCmd                                        target/periph/stm32f10x_i2c.o
I2C_AcknowledgeConfig                             target/periph/stm32f10x_i2c.o
I2C_CalculatePEC                                  target/periph/stm32f10x_i2c.o
I2C_CheckEvent                                    target/periph/stm32f10x_i2c.o
I2C_ClearFlag                                     target/periph/stm32f10x_i2c.o
I2C_ClearITPendingBit                             target/periph/stm32f10x_i2c.o
I2C_Cmd                                           target/periph/stm32f10x_i2c.o
I2C_DMACmd                                        target/periph/stm32f10x_i2c.o
I2C_DMALastTransferCmd                            target/periph/stm32f10x_i2c.o
I2C_DeInit                                        target/periph/stm32f10x_i2c.o
I2C_DualAddressCmd                                target/periph/stm32f10x_i2c.o
I2C_FastModeDutyCycleConfig                       target/periph/stm32f10x_i2c.o